E/Sensors ( 1988): int sensors_poll_context_t::pollEvents(sensors_event_t*, int):254

D/Cube:DiscoveryService( 2394): onSensorChanged() distance:11134.0,mNear=false,mDataBaseline:11137.077,,

I/Cube:DiscoveryService( 2394): onSensorChanged() distance:11134.0,mNear=false,mDataBaseline:11137.077,,,444444

D/ConnectivityService( 1988): mActiveDefaultNetwork = 9

D/ConnectivityService( 1988): Etherent Wifi Disguise

D/ConnectivityService( 1988): mActiveDefaultNetwork = 9

D/ConnectivityService( 1988): Etherent Wifi Disguise

D/dalvikvm( 2394): GC_CONCURRENT freed 386K, 11% free 4235K/4752K, paused 2ms+3ms, total 26ms

D/dalvikvm( 2394): WAIT_FOR_CONCURRENT_GC blocked 21ms

D/CommonUtils( 2394): getLocalIpAddr() ip:192.168.3.104

D/BroadCastUdp( 2394): Cube Udp Package String:{"MAF":"Honeywell","VER":"0.5.1.3","MAC":"00:1F:55:2A:05:82","Type":"HEJ-CUBE-S_2A0582","IP":"192.168.3.104"}has been send

I/Cube:DiscoveryService( 2394): Packet received from: 192.168.3.104, data len=109

I/Cube:DiscoveryService( 2394): Packet received; data: {"MAF":"Honeywell","VER":"0.5.1.3","MAC":"00:1F:55:2A:05:82","Type":"HEJ-CUBE-S_2A0582","IP":"192.168.3.104"}

I/Cube:DiscoveryService( 2394): Ready to receive broadcast packets!

I/p2p     ( 2497): SendMucReq(): Addr:239.200.200.8:30777

I/p2p     ( 2577): SendMucReq(): Addr:239.200.200.8:30777

D/Cube:DiscoveryService( 2394): start to feedDog!!!!!

D/Cube:ServicesMonitor( 2552): feedDog() intent:com.honeywell.cubebase.discoveryadapter.DiscoveryService,,monitor:MonitorInfo [mIntentAction=com.honeywell.cubebase.discoveryadapter.DiscoveryService, mFeedTime=199055186],,,11111111

D/IPC Service( 2577): map len:0

E/Sensors ( 1988): int sensors_poll_context_t::pollEvents(sensors_event_t*, int):256

E/Sensors ( 1988): int sensors_poll_context_t::pollEvents(sensors_event_t*, int):270

E/Sensors ( 1988): int sensors_poll_context_t::pollEvents(sensors_event_t*, int):230

E/Sensors ( 1988): int sensors_poll_context_t::pollEvents(sensors_event_t*, int):233, readEvents(data,16), sensor:4, type:8

E/Sensors ( 1988): virtual int SensorHubInputSensor::readEvents(sensors_event_t*, int):179

E/Sensors ( 1988): virtual int SensorHubInputSensor::readEvents(sensors_event_t*, int):188

E/Sensors ( 1988): virtual int SensorHubInputSensor::readEvents(sensors_event_t*, int):190

E/Sensors ( 1988): virtual int SensorHubInputSensor::readEvents(sensors_event_t*, int):198

E/Sensors ( 1988): virtual int SensorHubInputSensor::readEvents(sensors_event_t*, int):200

E/Sensors ( 1988): virtual int SensorHubInputSensor::readEvents(sensors_event_t*, int):217

E/Sensors ( 1988): virtual int SensorHubInputSensor::readEvents(sensors_event_t*, int):200

E/Sensors ( 1988): virtual int SensorHubInputSensor::readEvents(sensors_event_t*, int):205

E/Sensors ( 1988): virtual int SensorHubInputSensor::readEvents(sensors_event_t*, int):217

E/Sensors ( 1988): virtual int SensorHubInputSensor::readEvents(sensors_event_t*, int):228

E/Sensors ( 1988): int sensors_poll_context_t::pollEvents(sensors_event_t*, int):235

E/Sensors ( 1988): int sensors_poll_context_t::pollEvents(sensors_event_t*, int):238

E/Sensors ( 1988): int sensors_poll_context_t::pollEvents(sensors_event_t*, int):242

E/Sensors ( 1988): int sensors_poll_context_t::pollEvents(sensors_event_t*, int):254

E/Sensors ( 1988): int sensors_poll_context_t::pollEvents(sensors_event_t*, int):256

E/Sensors ( 1988): int sensors_poll_context_t::pollEvents(sensors_event_t*, int):270

E/Sensors ( 1988): int sensors_poll_context_t::pollEvents(sensors_event_t*, int):230

E/Sensors ( 1988): int sensors_poll_context_t::pollEvents(sensors_event_t*, int):254

D/Cube:DiscoveryService( 2394): onSensorChanged() distance:11133.0,mNear=false,mDataBaseline:11136.462,,

I/Cube:DiscoveryService( 2394): onSensorChanged() distance:11133.0,mNear=false,mDataBaseline:11136.462,,,444444

I/Cube:DiscoveryService( 2394): Packet received from: 192.168.3.107, data len=126

I/Cube:DiscoveryService( 2394): Packet received; data: { "Type": "HEJ-PORT-485_2A02BA", "IP": "192.168.3.107", "MAC": "00:1F:55:2A:02:BA", "MAF": "Honeywell", "VER": "0.1.7.3110" }

I/Cube:DiscoveryService( 2394): Ready to receive broadcast packets!

I/Cube:DiscoveryService( 2394): Packet received from: 192.168.3.107, data len=126

I/Cube:DiscoveryService( 2394): Packet received; data: { "Type": "HEJ-PORT-485_2A02BA", "IP": "192.168.3.107", "MAC": "00:1F:55:2A:02:BA", "MAF": "Honeywell", "VER": "0.1.7.3110" }

I/Cube:DiscoveryService( 2394): Ready to receive broadcast packets!

I/Cube:DiscoveryService( 2394): Packet received from: 192.168.3.66, data len=124

I/Cube:DiscoveryService( 2394): Packet received; data: { "Type": "HEJ-ALARM-8_2A03F8", "IP": "192.168.3.66", "MAC": "00:1F:55:2A:03:F8", "MAF": "Honeywell", "VER": "0.1.7.3110" }

I/Cube:DiscoveryService( 2394): Ready to receive broadcast packets!

I/Cube:DiscoveryService( 2394): Packet received from: 192.168.3.66, data len=124

I/Cube:DiscoveryService( 2394): Packet received; data: { "Type": "HEJ-ALARM-8_2A03F8", "IP": "192.168.3.66", "MAC": "00:1F:55:2A:03:F8", "MAF": "Honeywell", "VER": "0.1.7.3110" }

I/Cube:DiscoveryService( 2394): Ready to receive broadcast packets!

I/p2p     ( 2497): SendMucReq(): Addr:239.200.200.8:30777

I/p2p     ( 2577): SendMucReq(): Addr:239.200.200.8:30777

E/Sensors ( 1988): int sensors_poll_context_t::pollEvents(sensors_event_t*, int):256

E/Sensors ( 1988): int sensors_poll_context_t::pollEvents(sensors_event_t*, int):270

E/Sensors ( 1988): int sensors_poll_context_t::pollEvents(sensors_event_t*, int):230

E/Sensors ( 1988): int sensors_poll_context_t::pollEvents(sensors_event_t*, int):233, readEvents(data,16), sensor:4, type:8

E/Sensors ( 1988): virtual int SensorHubInputSensor::readEvents(sensors_event_t*, int):179

E/Sensors ( 1988): virtual int SensorHubInputSensor::readEvents(sensors_event_t*, int):188

E/Sensors ( 1988): virtual int SensorHubInputSensor::readEvents(sensors_event_t*, int):190

E/Sensors ( 1988): virtual int SensorHubInputSensor::readEvents(sensors_event_t*, int):198

E/Sensors ( 1988): virtual int SensorHubInputSensor::readEvents(sensors_event_t*, int):200

E/Sensors ( 1988): virtual int SensorHubInputSensor::readEvents(sensors_event_t*, int):217

E/Sensors ( 1988): virtual int SensorHubInputSensor::readEvents(sensors_event_t*, int):200

E/Sensors ( 1988): virtual int SensorHubInputSensor::readEvents(sensors_event_t*, int):205

E/Sensors ( 1988): virtual int SensorHubInputSensor::readEvents(sensors_event_t*, int):217

E/Sensors ( 1988): virtual int SensorHubInputSensor::readEvents(sensors_event_t*, int):228

E/Sensors ( 1988): int sensors_poll_context_t::pollEvents(sensors_event_t*, int):235

E/Sensors ( 1988): int sensors_poll_context_t::pollEvents(sensors_event_t*, int):238

E/Sensors ( 1988): int sensors_poll_context_t::pollEvents(sensors_event_t*, int):242

E/Sensors ( 1988): int sensors_poll_context_t::pollEvents(sensors_event_t*, int):254

E/Sensors ( 1988): int sensors_poll_context_t::pollEvents(sensors_event_t*, int):256

E/Sensors ( 1988): int sensors_poll_context_t::pollEvents(sensors_event_t*, int):270

E/Sensors ( 1988): int sensors_poll_context_t::pollEvents(sensors_event_t*, int):230

E/Sensors ( 1988): int sensors_poll_context_t::pollEvents(sensors_event_t*, int):254

D/Cube:DiscoveryService( 2394): onSensorChanged() distance:11137.0,mNear=false,mDataBaseline:11136.462,,

I/Cube:DiscoveryService( 2394): onSensorChanged() distance:11137.0,mNear=false,mDataBaseline:11136.462,,,444444

D/JsonServerThread( 2433): Read ret:84

I/Utils.java( 2333): writeLog() mLogCount:2069,Level:debug, Module:JsonServerThread, File:Utils.java,Line:61, mContent:Read ret:84

D/JsonBodyParse( 2433): cube_control_signaling:Local:start to parsebodyinfo: {"msgid":"heart","action":"request","subaction":"heartbeat"}

I/Utils.java( 2333): writeLog() mLogCount:2070,Level:debug, Module:JsonBodyParse, File:Utils.java,Line:61, mContent:cube_control_signaling:Local:start to parsebodyinfo: {"msgid":"heart","action":"request","subaction":"heartbeat"}

D/JsonServerThread( 2433): parseRecievedBuffer() strSubaction:heartbeat,data:{"msgid":"heart","action":"request","subaction":"heartbeat"},,,111111111111111111111111

D/JsonServerThread( 2433): parseRecievedBuffer() strSubaction:heartbeat,data:{"msgid":"heart","action":"request","subaction":"heartbeat"},,,111111111111111111111111

I/Utils.java( 2333): writeLog() mLogCount:2071,Level:debug, Module:JsonServerThread, File:Utils.java,Line:61, mContent:parseRecievedBuffer() strSubaction:heartbeat,data:{"msgid":"heart","action":"request","subaction":"heartbeat"},,,111111111111111111111111

D/JsonServerResponseThrd( 2433): Try to send response for client:27

I/Utils.java( 2333): writeLog() mLogCount:2072,Level:debug, Module:JsonServerResponseThrd, File:Utils.java,Line:61, mContent:Try to send response for client:27

D/JsonServerResponseThrd( 2433): PHONE_CUBE_PROTOCOLK{"subaction":"heartbeat","action":"response","msgid":"heart","errorcode":0}

I/Utils.java( 2333): writeLog() mLogCount:2073,Level:debug, Module:JsonServerResponseThrd, File:Utils.java,Line:61, mContent:PHONE_CUBE_PROTOCOLK{"subaction":"heartbeat","action":"response","msgid":"heart","errorcode":0}

D/JsonServerResponseThrd( 2433): JsontcpService: response:PHONE_CUBE_PROTOCOLK{"subaction":"heartbeat","action":"response","msgid":"heart","errorcode":0},,1111111111111111111

D/HDLBusPollingThread( 2452): Do polling for enviroment module status

E/Sensors ( 1988): int sensors_poll_context_t::pollEvents(sensors_event_t*, int):256

E/Sensors ( 1988): int sensors_poll_context_t::pollEvents(sensors_event_t*, int):270

E/Sensors ( 1988): int sensors_poll_context_t::pollEvents(sensors_event_t*, int):230

E/Sensors ( 1988): int sensors_poll_context_t::pollEvents(sensors_event_t*, int):233, readEvents(data,16), sensor:4, type:8

E/Sensors ( 1988): virtual int SensorHubInputSensor::readEvents(sensors_event_t*, int):179

E/Sensors ( 1988): virtual int SensorHubInputSensor::readEvents(sensors_event_t*, int):188

E/Sensors ( 1988): virtual int SensorHubInputSensor::readEvents(sensors_event_t*, int):190

E/Sensors ( 1988): virtual int SensorHubInputSensor::readEvents(sensors_event_t*, int):198

E/Sensors ( 1988): virtual int SensorHubInputSensor::readEvents(sensors_event_t*, int):200

E/Sensors ( 1988): virtual int SensorHubInputSensor::readEvents(sensors_event_t*, int):217

E/Sensors ( 1988): virtual int SensorHubInputSensor::readEvents(sensors_event_t*, int):200

E/Sensors ( 1988): virtual int SensorHubInputSensor::readEvents(sensors_event_t*, int):205

E/Sensors ( 1988): virtual int SensorHubInputSensor::readEvents(sensors_event_t*, int):217

E/Sensors ( 1988): virtual int SensorHubInputSensor::readEvents(sensors_event_t*, int):228

E/Sensors ( 1988): int sensors_poll_context_t::pollEvents(sensors_event_t*, int):235

E/Sensors ( 1988): int sensors_poll_context_t::pollEvents(sensors_event_t*, int):238

E/Sensors ( 1988): int sensors_poll_context_t::pollEvents(sensors_event_t*, int):242

E/Sensors ( 1988): int sensors_poll_context_t::pollEvents(sensors_event_t*, int):254

E/Sensors ( 1988): int sensors_poll_context_t::pollEvents(sensors_event_t*, int):256

E/Sensors ( 1988): int sensors_poll_context_t::pollEvents(sensors_event_t*, int):270

E/Sensors ( 1988): int sensors_poll_context_t::pollEvents(sensors_event_t*, int):230

E/Sensors ( 1988): int sensors_poll_context_t::pollEvents(sensors_event_t*, int):254

D/Cube:DiscoveryService( 2394): onSensorChanged() distance:11134.0,mNear=false,mDataBaseline:11136.462,,

I/Cube:DiscoveryService( 2394): onSensorChanged() distance:11134.0,mNear=false,mDataBaseline:11136.462,,,444444

D/JsonServerThread( 2433): Read ret:84

I/Utils.java( 2333): writeLog() mLogCount:2074,Level:debug, Module:JsonServerThread, File:Utils.java,Line:61, mContent:Read ret:84

D/JsonBodyParse( 2433): cube_control_signaling:Local:start to parsebodyinfo: {"msgid":"heart","action":"request","subaction":"heartbeat"}

I/Utils.java( 2333): writeLog() mLogCount:2075,Level:debug, Module:JsonBodyParse, File:Utils.java,Line:61, mContent:cube_control_signaling:Local:start to parsebodyinfo: {"msgid":"heart","action":"request","subaction":"heartbeat"}

D/JsonServerThread( 2433): parseRecievedBuffer() strSubaction:heartbeat,data:{"msgid":"heart","action":"request","subaction":"heartbeat"},,,111111111111111111111111

D/JsonServerThread( 2433): parseRecievedBuffer() strSubaction:heartbeat,data:{"msgid":"heart","action":"request","subaction":"heartbeat"},,,111111111111111111111111

I/Utils.java( 2333): writeLog() mLogCount:2076,Level:debug, Module:JsonServerThread, File:Utils.java,Line:61, mContent:parseRecievedBuffer() strSubaction:heartbeat,data:{"msgid":"heart","action":"request","subaction":"heartbeat"},,,111111111111111111111111

D/JsonServerResponseThrd( 2433): Try to send response for client:28

I/Utils.java( 2333): writeLog() mLogCount:2077,Level:debug, Module:JsonServerResponseThrd, File:Utils.java,Line:61, mContent:Try to send response for client:28

D/JsonServerResponseThrd( 2433): PHONE_CUBE_PROTOCOLK{"subaction":"heartbeat","action":"response","msgid":"heart","errorcode":0}

I/Utils.java( 2333): writeLog() mLogCount:2078,Level:debug, Module:JsonServerResponseThrd, File:Utils.java,Line:61, mContent:PHONE_CUBE_PROTOCOLK{"subaction":"heartbeat","action":"response","msgid":"heart","errorcode":0}

D/JsonServerResponseThrd( 2433): JsontcpService: response:PHONE_CUBE_PROTOCOLK{"subaction":"heartbeat","action":"response","msgid":"heart","errorcode":0},,1111111111111111111

I/p2p     ( 2497): SendMucReq(): Addr:239.200.200.8:30777

I/p2p     ( 2577): SendMucReq(): Addr:239.200.200.8:30777

I/WiFiIR  ( 2452): jObj =  null

D/WiFiIR  ( 2452): cur time:199058635, lastSearchTime =199048634

I/WiFiIR  ( 2452): ret:{"code":0,"msg":"Execute success","list":[]}

I/WiFiIR  ( 2452): code=0,msg=Execute success

I/p2p     ( 2497): SendMucReq(): Addr:239.200.200.8:30777

I/p2p     ( 2577): SendMucReq(): Addr:239.200.200.8:30777

I/p2p     ( 2497): CCMS:send CFR query cfrid=1003227

I/p2p     ( 2577): CCMS:send CFR query cfrid=1003228

I/p2p     ( 2577): UDPFwdTable:recv CFR query hit msg, cfrID=1003228, result=1

I/p2p     ( 2497): UDPFwdTable:recv CFR query hit msg, cfrID=1003227, result=1

D/WifiModuleNet( 2465): sendHeartBeat() 

D/WifiModule.Util( 2465): Util.java wrapArroudData body length=65,,,,


I/WifiModuleNet.java( 2333): writeLog() mLogCount:2079,Level:warning, Module:WifiModuleNet, File:WifiModuleNet.java,Line:1102, mContent:cube_control_signaling:192.168.9.50:data=HON_HS_CUBEA{"subaction":"heartbeat","action":"request","moduletype":"ipvdp"},,

D/WifiModuleNet( 2465): WriteThread::::::send request:ControlCommandInfo:mRequestId:-1JsonData:HON_HS_CUBEA{"subaction":"heartbeat","action":"request","moduletype":"ipvdp"}WifiModuleNet [mIpAddr=192.168.9.50, mMacAddr=fca0fcca-4938-480c-9563-68abce0b30ea, mInit=true, mModuleType=ipvdp, mPort=9000]

D/ConnectivityService( 1988): mActiveDefaultNetwork = 9

D/ConnectivityService( 1988): Etherent Wifi Disguise

D/ConnectivityService( 1988): mActiveDefaultNetwork = 9

D/ConnectivityService( 1988): Etherent Wifi Disguise

D/CommonUtils( 2394): getLocalIpAddr() ip:192.168.3.104

D/dalvikvm( 2394): GC_FOR_ALLOC freed 366K, 12% free 4218K/4764K, paused 23ms, total 23ms

D/BroadCastUdp( 2394): Cube Udp Package String:{"MAF":"Honeywell","VER":"0.5.1.3","MAC":"00:1F:55:2A:05:82","Type":"HEJ-CUBE-S_2A0582","IP":"192.168.3.104"}has been send

I/Cube:DiscoveryService( 2394): Packet received from: 192.168.3.104, data len=109

I/Cube:DiscoveryService( 2394): Packet received; data: {"MAF":"Honeywell","VER":"0.5.1.3","MAC":"00:1F:55:2A:05:82","Type":"HEJ-CUBE-S_2A0582","IP":"192.168.3.104"}

I/Cube:DiscoveryService( 2394): Ready to receive broadcast packets!

E/Sensors ( 1988): int sensors_poll_context_t::pollEvents(sensors_event_t*, int):256

E/Sensors ( 1988): int sensors_poll_context_t::pollEvents(sensors_event_t*, int):270

E/Sensors ( 1988): int sensors_poll_context_t::pollEvents(sensors_event_t*, int):230

E/Sensors ( 1988): int sensors_poll_context_t::pollEvents(sensors_event_t*, int):233, readEvents(data,16), sensor:4, type:8

E/Sensors ( 1988): virtual int SensorHubInputSensor::readEvents(sensors_event_t*, int):179

E/Sensors ( 1988): virtual int SensorHubInputSensor::readEvents(sensors_event_t*, int):188

E/Sensors ( 1988): virtual int SensorHubInputSensor::readEvents(sensors_event_t*, int):190

E/Sensors ( 1988): virtual int SensorHubInputSensor::readEvents(sensors_event_t*, int):198

E/Sensors ( 1988): virtual int SensorHubInputSensor::readEvents(sensors_event_t*, int):200

E/Sensors ( 1988): virtual int SensorHubInputSensor::readEvents(sensors_event_t*, int):217

E/Sensors ( 1988): virtual int SensorHubInputSensor::readEvents(sensors_event_t*, int):200

E/Sensors ( 1988): virtual int SensorHubInputSensor::readEvents(sensors_event_t*, int):205

E/Sensors ( 1988): virtual int SensorHubInputSensor::readEvents(sensors_event_t*, int):217

E/Sensors ( 1988): virtual int SensorHubInputSensor::readEvents(sensors_event_t*, int):228

E/Sensors ( 1988): int sensors_poll_context_t::pollEvents(sensors_event_t*, int):235

E/Sensors ( 1988): int sensors_poll_context_t::pollEvents(sensors_event_t*, int):238

E/Sensors ( 1988): int sensors_poll_context_t::pollEvents(sensors_event_t*, int):242

E/Sensors ( 1988): int sensors_poll_context_t::pollEvents(sensors_event_t*, int):254

E/Sensors ( 1988): int sensors_poll_context_t::pollEvents(sensors_event_t*, int):256

E/Sensors ( 1988): int sensors_poll_context_t::pollEvents(sensors_event_t*, int):270

E/Sensors ( 1988): int sensors_poll_context_t::pollEvents(sensors_event_t*, int):230

E/Sensors ( 1988): int sensors_poll_context_t::pollEvents(sensors_event_t*, int):254

D/Cube:DiscoveryService( 2394): onSensorChanged() distance:11133.0,mNear=false,mDataBaseline:11136.462,,

I/Cube:DiscoveryService( 2394): onSensorChanged() distance:11133.0,mNear=false,mDataBaseline:11136.462,,,444444

D/WifiModuleNet( 2465): this time receive origin:HON_HS_CUBEL{

D/WifiModuleNet( 2465): 	"action":	"response",

D/WifiModuleNet( 2465): 	"subaction":	"heartbeat",

D/WifiModuleNet( 2465): 	"moduletype":	"ipvdp"

D/WifiModuleNet( 2465): },,,,,,

E/WifiModuleNet( 2465): total nowString:HON_HS_CUBEL{

E/WifiModuleNet( 2465): 	"action":	"response",

E/WifiModuleNet( 2465): 	"subaction":	"heartbeat",

E/WifiModuleNet( 2465): 	"moduletype":	"ipvdp"

E/WifiModuleNet( 2465): },,,,,,22222

I/WifiModuleNet( 2465): receive bodylength:76,,,3333

I/WifiModuleNet( 2465): oneReceiveStr3:{

I/WifiModuleNet( 2465): 	"action":	"response",

I/WifiModuleNet( 2465): 	"subaction":	"heartbeat",

I/WifiModuleNet( 2465): 	"moduletype":	"ipvdp"

I/WifiModuleNet( 2465): },,,66666

D/WifiModuleNet( 2465): receives response:WifiModuleNet [mIpAddr=192.168.9.50, mMacAddr=fca0fcca-4938-480c-9563-68abce0b30ea, mInit=true, mModuleType=ipvdp, mPort=9000]{

D/WifiModuleNet( 2465): 	"action":	"response",

D/WifiModuleNet( 2465): 	"subaction":	"heartbeat",

D/WifiModuleNet( 2465): 	"moduletype":	"ipvdp"

D/WifiModuleNet( 2465): },,,

D/WifiModuleNet( 2465): sendHeartBeat() 

D/WifiModule.Util( 2465): Util.java wrapArroudData body length=63,,,,


I/WifiModuleNet.java( 2333): writeLog() mLogCount:2080,Level:debug, Module:WifiModuleNet, File:WifiModuleNet.java,Line:1102, mContent:cube_control_signaling:parseBodyInfo():WifiModuleNet [mIpAddr=192.168.9.50, mMacAddr=fca0fcca-4938-480c-9563-68abce0b30ea, mInit=true, mModuleType=ipvdp, mPort=9000]{

I/WifiModuleNet.java( 2333): 	"action":	"response",

I/WifiModuleNet.java( 2333): 	"subaction":	"heartbeat",

I/WifiModuleNet.java( 2333): 	"moduletype":	"ipvdp"

I/WifiModuleNet.java( 2333): }

I/WifiModuleNet.java( 2333): writeLog() mLogCount:2080,Level:warning, Module:WifiModuleNet, File:WifiModuleNet.java,Line:1102, mContent:cube_control_signaling:192.168.3.107:data=HON_HS_CUBE?yD~
%@@>#rrXu9AXxA{&R/:E,,

D/WifiModuleNet( 2465): WriteThread::::::send request:ControlCommandInfo:mRequestId:-1JsonData:HON_HS_CUBE?yD~
%@@>#rrXu9AXxA{&R/:EWifiModuleNet [mIpAddr=192.168.3.107, mMacAddr=00:1F:55:2A:02:BA, mInit=true, mModuleType=485, mPort=9000]

D/WifiModuleNet( 2465): sendHeartBeat() 

D/WifiModule.Util( 2465): Util.java wrapArroudData body length=63,,,,


I/WifiModuleNet.java( 2333): writeLog() mLogCount:2082,Level:warning, Module:WifiModuleNet, File:WifiModuleNet.java,Line:1102, mContent:cube_control_signaling:192.168.3.135:data=HON_HS_CUBE?PCx\+:rkyt0^d^iOhSwl@b,,

D/WifiModuleNet( 2465): WriteThread::::::send request:ControlCommandInfo:mRequestId:-1JsonData:HON_HS_CUBE?PCx\+:rkyt0^d^iOhSwl@bWifiModuleNet [mIpAddr=192.168.3.135, mMacAddr=00:1F:55:2A:02:D6, mInit=true, mModuleType=485, mPort=9000]

D/WifiModuleNet( 2465): this time receive origin:HON_HS_CUBEGyC3Y'MQ#-TsgCujAJc"?D;e2
TgJqB,,,,,,

E/WifiModuleNet( 2465): total nowString:HON_HS_CUBEGyC3Y'MQ#-TsgCujAJc"?D;e2
TgJqB,,,,,,22222

I/WifiModuleNet( 2465): receive bodylength:71,,,3333

I/WifiModuleNet( 2465): oneReceiveStr2:{ "action": "response", "subaction": "heartbeat", "moduletype": "485" },,,5555

D/WifiModuleNet( 2465): receives response:WifiModuleNet [mIpAddr=192.168.3.107, mMacAddr=00:1F:55:2A:02:BA, mInit=true, mModuleType=485, mPort=9000]{ "action": "response", "subaction": "heartbeat", "moduletype": "485" },,,

I/WifiModuleNet.java( 2333): writeLog() mLogCount:2083,Level:debug, Module:WifiModuleNet, File:WifiModuleNet.java,Line:1102, mContent:cube_control_signaling:parseBodyInfo():WifiModuleNet [mIpAddr=192.168.3.107, mMacAddr=00:1F:55:2A:02:BA, mInit=true, mModuleType=485, mPort=9000]{ "action": "response", "subaction": "heartbeat", "moduletype": "485" }

D/WifiModuleNet( 2465): this time receive origin:HON_HS_CUBEGE`J:+13w~dQ
dLoC1J!!@%H,,,,,,

E/WifiModuleNet( 2465): total nowString:HON_HS_CUBEGE`J:+13w~dQ
dLoC1J!!@%H,,,,,,22222

I/WifiModuleNet( 2465): receive bodylength:71,,,3333

I/WifiModuleNet( 2465): oneReceiveStr2:{ "action": "response", "subaction": "heartbeat", "moduletype": "485" },,,5555

D/WifiModuleNet( 2465): receives response:WifiModuleNet [mIpAddr=192.168.3.135, mMacAddr=00:1F:55:2A:02:D6, mInit=true, mModuleType=485, mPort=9000]{ "action": "response", "subaction": "heartbeat", "moduletype": "485" },,,

I/WifiModuleNet.java( 2333): writeLog() mLogCount:2084,Level:debug, Module:WifiModuleNet, File:WifiModuleNet.java,Line:1102, mContent:cube_control_signaling:parseBodyInfo():WifiModuleNet [mIpAddr=192.168.3.135, mMacAddr=00:1F:55:2A:02:D6, mInit=true, mModuleType=485, mPort=9000]{ "action": "response", "subaction": "heartbeat", "moduletype": "485" }

D/BackAudioDevice( 2452): Send heartbeat message for Server(424166024e6c009e,68, 4)

I/Logger.java( 2333): writeLog() mLogCount:2085,Level:debug, Module:BackAudioDevice, File:Logger.java,Line:55, mContent:Send heartbeat message for Server(424166024e6c009e,68, 4)

D/BackAudioUdpReceiver( 2452): Received message from 192.168.3.115:44300

I/Logger.java( 2333): writeLog() mLogCount:2086,Level:debug, Module:BackAudioUdpReceiver, File:Logger.java,Line:55, mContent:Received message from 192.168.3.115:44300

I/Cube:DiscoveryService( 2394): Packet received from: 192.168.3.135, data len=126

I/Cube:DiscoveryService( 2394): Packet received; data: { "Type": "HEJ-PORT-485_2A02D6", "IP": "192.168.3.135", "MAC": "00:1F:55:2A:02:D6", "MAF": "Honeywell", "VER": "0.1.7.3110" }

I/Cube:DiscoveryService( 2394): Ready to receive broadcast packets!

I/Cube:DiscoveryService( 2394): Packet received from: 192.168.3.135, data len=126

I/Cube:DiscoveryService( 2394): Packet received; data: { "Type": "HEJ-PORT-485_2A02D6", "IP": "192.168.3.135", "MAC": "00:1F:55:2A:02:D6", "MAF": "Honeywell", "VER": "0.1.7.3110" }

I/Cube:DiscoveryService( 2394): Ready to receive broadcast packets!

D/IPC Service( 2577): map len:0

I/p2p     ( 2497): SendMucReq(): Addr:239.200.200.8:30777

I/p2p     ( 2577): SendMucReq(): Addr:239.200.200.8:30777

E/Sensors ( 1988): int sensors_poll_context_t::pollEvents(sensors_event_t*, int):256

E/Sensors ( 1988): int sensors_poll_context_t::pollEvents(sensors_event_t*, int):270

E/Sensors ( 1988): int sensors_poll_context_t::pollEvents(sensors_event_t*, int):230

E/Sensors ( 1988): int sensors_poll_context_t::pollEvents(sensors_event_t*, int):233, readEvents(data,16), sensor:4, type:8

E/Sensors ( 1988): virtual int SensorHubInputSensor::readEvents(sensors_event_t*, int):179

E/Sensors ( 1988): virtual int SensorHubInputSensor::readEvents(sensors_event_t*, int):188

E/Sensors ( 1988): virtual int SensorHubInputSensor::readEvents(sensors_event_t*, int):190

E/Sensors ( 1988): virtual int SensorHubInputSensor::readEvents(sensors_event_t*, int):198

E/Sensors ( 1988): virtual int SensorHubInputSensor::readEvents(sensors_event_t*, int):200

E/Sensors ( 1988): virtual int SensorHubInputSensor::readEvents(sensors_event_t*, int):217

E/Sensors ( 1988): virtual int SensorHubInputSensor::readEvents(sensors_event_t*, int):200

E/Sensors ( 1988): virtual int SensorHubInputSensor::readEvents(sensors_event_t*, int):205

E/Sensors ( 1988): virtual int SensorHubInputSensor::readEvents(sensors_event_t*, int):217

E/Sensors ( 1988): virtual int SensorHubInputSensor::readEvents(sensors_event_t*, int):228

E/Sensors ( 1988): int sensors_poll_context_t::pollEvents(sensors_event_t*, int):235

E/Sensors ( 1988): int sensors_poll_context_t::pollEvents(sensors_event_t*, int):238

E/Sensors ( 1988): int sensors_poll_context_t::pollEvents(sensors_event_t*, int):242

E/Sensors ( 1988): int sensors_poll_context_t::pollEvents(sensors_event_t*, int):254

E/Sensors ( 1988): int sensors_poll_context_t::pollEvents(sensors_event_t*, int):256

E/Sensors ( 1988): int sensors_poll_context_t::pollEvents(sensors_event_t*, int):270

E/Sensors ( 1988): int sensors_poll_context_t::pollEvents(sensors_event_t*, int):230

E/Sensors ( 1988): int sensors_poll_context_t::pollEvents(sensors_event_t*, int):254

D/Cube:DiscoveryService( 2394): onSensorChanged() distance:11135.0,mNear=false,mDataBaseline:11136.462,,

I/Cube:DiscoveryService( 2394): onSensorChanged() distance:11135.0,mNear=false,mDataBaseline:11136.462,,,444444

D/BADiscoverer( 2452): Searching host....

I/Logger.java( 2333): writeLog() mLogCount:2087,Level:debug, Module:BADiscoverer, File:Logger.java,Line:55, mContent:Searching host....

D/BADiscoverer( 2452): Searched host :ipaddr 192.168.3.115, serialNo: 424166024e6c009e

I/Logger.java( 2333): writeLog() mLogCount:2088,Level:debug, Module:BADiscoverer, File:Logger.java,Line:55, mContent:Searched host :ipaddr 192.168.3.115, serialNo: 424166024e6c009e

D/BADiscoverer( 2452): Updating Server(424166024e6c009e,68, 4)

I/Logger.java( 2333): writeLog() mLogCount:2089,Level:debug, Module:BADiscoverer, File:Logger.java,Line:55, mContent:Updating Server(424166024e6c009e,68, 4)

D/Cube:ConfigService( 2420): ConfigService.saveRecvData(){"loopnum":4,"isonline":1,"moduletype":"backaudio","machinetype":104,"aliasname":"Server","subaction":"discovermodule","action":"event","moduleipaddr":"192.168.3.115","moduleserialnum":"424166024e6c009e"},,,,,111111111111111111111111111

I/Cube:ConfigService( 2420): ConfigService.saveRecvData(){"loopnum":4,"isonline":1,"moduletype":"backaudio","machinetype":104,"aliasname":"Server","subaction":"discovermodule","action":"event","moduleipaddr":"192.168.3.115","moduleserialnum":"424166024e6c009e"},,,,,111111111111111111111111111

I/ConfigService.java( 2333): writeLog() mLogCount:2090,Level:debug, Module:Cube:ConfigService, File:ConfigService.java,Line:1334, mContent:ConfigService.saveRecvData(){"loopnum":4,"isonline":1,"moduletype":"backaudio","machinetype":104,"aliasname":"Server","subaction":"discovermodule","action":"event","moduleipaddr":"192.168.3.115","moduleserialnum":"424166024e6c009e"},,,,,111111111111111111111111111

D/Cube:ConfigService( 2420): ConfigDispatchCenter.run() take:DataElement [mDataKey=DATAFROMLAN, mDataValue={"loopnum":4,"isonline":1,"moduletype":"backaudio","machinetype":104,"aliasname":"Server","subaction":"discovermodule","action":"event","moduleipaddr":"192.168.3.115","moduleserialnum":"424166024e6c009e"}, mFd=1],,,11111111111111111

I/Cube:ConfigService( 2420): ConfigDispatchCenter.run() take:DataElement [mDataKey=DATAFROMLAN, mDataValue={"loopnum":4,"isonline":1,"moduletype":"backaudio","machinetype":104,"aliasname":"Server","subaction":"discovermodule","action":"event","moduleipaddr":"192.168.3.115","moduleserialnum":"424166024e6c009e"}, mFd=1],,,11111111111111111

I/ConfigService.java( 2333): writeLog() mLogCount:2091,Level:debug, Module:Cube:ConfigService, File:ConfigService.java,Line:1334, mContent:ConfigDispatchCenter.run() take:DataElement [mDataKey=DATAFROMLAN, mDataValue={"loopnum":4,"isonline":1,"moduletype":"backaudio","machinetype":104,"aliasname":"Server","subaction":"discovermodule","action":"event","moduleipaddr":"192.168.3.115","moduleserialnum":"424166024e6c009e"}, mFd=1],,,11111111111111111

D/Cube:ConfigService( 2420): receive config obj:{"loopnum":4,"moduletype":"backaudio","isonline":1,"machinetype":104,"aliasname":"Server","action":"event","subaction":"discovermodule","moduleipaddr":"192.168.3.115","moduleserialnum":"424166024e6c009e"}

D/Cube:ConfigService( 2420): parseConfigRequest() {"loopnum":4,"moduletype":"backaudio","isonline":1,"machinetype":104,"aliasname":"Server","action":"event","subaction":"discovermodule","moduleipaddr":"192.168.3.115","moduleserialnum":"424166024e6c009e"},11111111111111111111111111111

I/Cube:ConfigService( 2420): parseConfigRequest() {"loopnum":4,"moduletype":"backaudio","isonline":1,"machinetype":104,"aliasname":"Server","action":"event","subaction":"discovermodule","moduleipaddr":"192.168.3.115","moduleserialnum":"424166024e6c009e"},11111111111111111111111111111

I/ConfigService.java( 2333): writeLog() mLogCount:2092,Level:debug, Module:Cube:ConfigService, File:ConfigService.java,Line:1334, mContent:parseConfigRequest() {"loopnum":4,"moduletype":"backaudio","isonline":1,"machinetype":104,"aliasname":"Server","action":"event","subaction":"discovermodule","moduleipaddr":"192.168.3.115","moduleserialnum":"424166024e6c009e"},11111111111111111111111111111

D/Cube:ConfigService( 2420): parseConfigRequest() response:{"loopnum":4,"isonline":1,"moduletype":"backaudio","machinetype":104,"aliasname":"Server","subaction":"discovermodule","action":"event","errorcode":203,"moduleipaddr":"192.168.3.115","moduleserialnum":"424166024e6c009e"},,,,,,11111111111111111111111111111111

D/WebSocketPingPongTask( 2407): send pong to cloud... 1111111111111111111111111111

I/Utils.java( 2333): writeLog() mLogCount:2093,Level:debug, Module:WebSocketPingPongTask, File:Utils.java,Line:100, mContent:send pong to cloud... 1111111111111111111111111111

I/p2p     ( 2497): SendMucReq(): Addr:239.200.200.8:30777

I/p2p     ( 2577): SendMucReq(): Addr:239.200.200.8:30777

E/Sensors ( 1988): int sensors_poll_context_t::pollEvents(sensors_event_t*, int):256

E/Sensors ( 1988): int sensors_poll_context_t::pollEvents(sensors_event_t*, int):270

E/Sensors ( 1988): int sensors_poll_context_t::pollEvents(sensors_event_t*, int):230

E/Sensors ( 1988): int sensors_poll_context_t::pollEvents(sensors_event_t*, int):233, readEvents(data,16), sensor:4, type:8

E/Sensors ( 1988): virtual int SensorHubInputSensor::readEvents(sensors_event_t*, int):179

E/Sensors ( 1988): virtual int SensorHubInputSensor::readEvents(sensors_event_t*, int):188

E/Sensors ( 1988): virtual int SensorHubInputSensor::readEvents(sensors_event_t*, int):190

E/Sensors ( 1988): virtual int SensorHubInputSensor::readEvents(sensors_event_t*, int):198

E/Sensors ( 1988): virtual int SensorHubInputSensor::readEvents(sensors_event_t*, int):200

E/Sensors ( 1988): virtual int SensorHubInputSensor::readEvents(sensors_event_t*, int):217

E/Sensors ( 1988): virtual int SensorHubInputSensor::readEvents(sensors_event_t*, int):200

E/Sensors ( 1988): virtual int SensorHubInputSensor::readEvents(sensors_event_t*, int):205

E/Sensors ( 1988): virtual int SensorHubInputSensor::readEvents(sensors_event_t*, int):217

E/Sensors ( 1988): virtual int SensorHubInputSensor::readEvents(sensors_event_t*, int):228

E/Sensors ( 1988): int sensors_poll_context_t::pollEvents(sensors_event_t*, int):235

E/Sensors ( 1988): int sensors_poll_context_t::pollEvents(sensors_event_t*, int):238

E/Sensors ( 1988): int sensors_poll_context_t::pollEvents(sensors_event_t*, int):242

E/Sensors ( 1988): int sensors_poll_context_t::pollEvents(sensors_event_t*, int):254

E/Sensors ( 1988): int sensors_poll_context_t::pollEvents(sensors_event_t*, int):256

E/Sensors ( 1988): int sensors_poll_context_t::pollEvents(sensors_event_t*, int):270

E/Sensors ( 1988): int sensors_poll_context_t::pollEvents(sensors_event_t*, int):230

E/Sensors ( 1988): int sensors_poll_context_t::pollEvents(sensors_event_t*, int):254

D/Cube:DiscoveryService( 2394): onSensorChanged() distance:11133.0,mNear=false,mDataBaseline:11136.462,,

I/Cube:DiscoveryService( 2394): onSensorChanged() distance:11133.0,mNear=false,mDataBaseline:11136.462,,,444444

D/HDLBusPollingThread( 2452): Do polling for enviroment module status

I/p2p     ( 2497): SendMucReq(): Addr:239.200.200.8:30777

I/p2p     ( 2577): SendMucReq(): Addr:239.200.200.8:30777

I/Cube:DiscoveryService( 2394): Packet received from: 192.168.3.191, data len=125

I/Cube:DiscoveryService( 2394): Packet received; data: { "Type": "HEJ-RELAY-4_2A01A7", "IP": "192.168.3.191", "MAC": "00:1F:55:2A:01:A7", "MAF": "Honeywell", "VER": "0.1.7.3110" }

I/Cube:DiscoveryService( 2394): Ready to receive broadcast packets!

I/Cube:DiscoveryService( 2394): Packet received from: 192.168.3.191, data len=125

I/Cube:DiscoveryService( 2394): Packet received; data: { "Type": "HEJ-RELAY-4_2A01A7", "IP": "192.168.3.191", "MAC": "00:1F:55:2A:01:A7", "MAF": "Honeywell", "VER": "0.1.7.3110" }

I/Cube:DiscoveryService( 2394): Ready to receive broadcast packets!

I/Cube:DiscoveryService( 2394): Packet received from: 192.168.3.133, data len=126

I/Cube:DiscoveryService( 2394): Packet received; data: { "Type": "HEJ-PORT-485_2A02D4", "IP": "192.168.3.133", "MAC": "00:1F:55:2A:02:D4", "MAF": "Honeywell", "VER": "0.1.7.3110" }

I/Cube:DiscoveryService( 2394): Ready to receive broadcast packets!

I/Cube:DiscoveryService( 2394): Packet received from: 192.168.3.133, data len=126

I/Cube:DiscoveryService( 2394): Packet received; data: { "Type": "HEJ-PORT-485_2A02D4", "IP": "192.168.3.133", "MAC": "00:1F:55:2A:02:D4", "MAF": "Honeywell", "VER": "0.1.7.3110" }

I/Cube:DiscoveryService( 2394): Ready to receive broadcast packets!

I/p2p     ( 2497): CCMS:authority success!

W/p2p client( 2497): HandleCmEvent:: Server 123-206-203-42:3488 status is 1

I/Call Back( 2497): type:2, status=1

W/p2p client( 2497): HandleCmEvent:: create cfr status is 1003227

I/p2p     ( 2577): CCMS:authority success!

W/p2p client( 2577): HandleCmEvent:: Server 123-206-203-42:3488 status is 1

I/Call Back( 2577): type:2, status=1

W/p2p client( 2577): HandleCmEvent:: create cfr status is 1003228

E/Sensors ( 1988): int sensors_poll_context_t::pollEvents(sensors_event_t*, int):256

E/Sensors ( 1988): int sensors_poll_context_t::pollEvents(sensors_event_t*, int):270

E/Sensors ( 1988): int sensors_poll_context_t::pollEvents(sensors_event_t*, int):230

E/Sensors ( 1988): int sensors_poll_context_t::pollEvents(sensors_event_t*, int):233, readEvents(data,16), sensor:4, type:8

E/Sensors ( 1988): virtual int SensorHubInputSensor::readEvents(sensors_event_t*, int):179

E/Sensors ( 1988): virtual int SensorHubInputSensor::readEvents(sensors_event_t*, int):188

E/Sensors ( 1988): virtual int SensorHubInputSensor::readEvents(sensors_event_t*, int):190

E/Sensors ( 1988): virtual int SensorHubInputSensor::readEvents(sensors_event_t*, int):198

E/Sensors ( 1988): virtual int SensorHubInputSensor::readEvents(sensors_event_t*, int):200

E/Sensors ( 1988): virtual int SensorHubInputSensor::readEvents(sensors_event_t*, int):217

E/Sensors ( 1988): virtual int SensorHubInputSensor::readEvents(sensors_event_t*, int):200

E/Sensors ( 1988): virtual int SensorHubInputSensor::readEvents(sensors_event_t*, int):205

E/Sensors ( 1988): virtual int SensorHubInputSensor::readEvents(sensors_event_t*, int):217

E/Sensors ( 1988): virtual int SensorHubInputSensor::readEvents(sensors_event_t*, int):228

E/Sensors ( 1988): int sensors_poll_context_t::pollEvents(sensors_event_t*, int):235

E/Sensors ( 1988): int sensors_poll_context_t::pollEvents(sensors_event_t*, int):238

E/Sensors ( 1988): int sensors_poll_context_t::pollEvents(sensors_event_t*, int):242

E/Sensors ( 1988): int sensors_poll_context_t::pollEvents(sensors_event_t*, int):254

E/Sensors ( 1988): int sensors_poll_context_t::pollEvents(sensors_event_t*, int):256

E/Sensors ( 1988): int sensors_poll_context_t::pollEvents(sensors_event_t*, int):270

E/Sensors ( 1988): int sensors_poll_context_t::pollEvents(sensors_event_t*, int):230

E/Sensors ( 1988): int sensors_poll_context_t::pollEvents(sensors_event_t*, int):254

D/Cube:DiscoveryService( 2394): onSensorChanged() distance:11134.0,mNear=false,mDataBaseline:11136.462,,

I/Cube:DiscoveryService( 2394): onSensorChanged() distance:11134.0,mNear=false,mDataBaseline:11136.462,,,444444

D/JsonServerThread( 2433): Read ret:521

I/Utils.java( 2333): writeLog() mLogCount:2094,Level:debug, Module:JsonServerThread, File:Utils.java,Line:61, mContent:Read ret:521

D/JsonBodyParse( 2433): cube_control_signaling:Local:start to parsebodyinfo: {

D/JsonBodyParse( 2433): 	"msgid":	"4314",

D/JsonBodyParse( 2433): 	"action":	"request",

D/JsonBodyParse( 2433): 	"subaction":	"heartbeat"

D/JsonBodyParse( 2433): }

I/Utils.java( 2333): writeLog() mLogCount:2095,Level:debug, Module:JsonBodyParse, File:Utils.java,Line:61, mContent:cube_control_signaling:Local:start to parsebodyinfo: {

I/Utils.java( 2333): 	"msgid":	"4314",

I/Utils.java( 2333): 	"action":	"request",

I/Utils.java( 2333): 	"subaction":	"heartbeat"

I/Utils.java( 2333): }

D/JsonServerThread( 2433): parseRecievedBuffer() strSubaction:heartbeat,data:{

D/JsonServerThread( 2433): 	"msgid":	"4314",

D/JsonServerThread( 2433): 	"action":	"request",

D/JsonServerThread( 2433): 	"subaction":	"heartbeat"

D/JsonServerThread( 2433): },,,111111111111111111111111

D/JsonServerThread( 2433): parseRecievedBuffer() strSubaction:heartbeat,data:{

D/JsonServerThread( 2433): 	"msgid":	"4314",

D/JsonServerThread( 2433): 	"action":	"request",

D/JsonServerThread( 2433): 	"subaction":	"heartbeat"

D/JsonServerThread( 2433): },,,111111111111111111111111

I/Utils.java( 2333): writeLog() mLogCount:2096,Level:debug, Module:JsonServerThread, File:Utils.java,Line:61, mContent:parseRecievedBuffer() strSubaction:heartbeat,data:{

I/Utils.java( 2333): 	"msgid":	"4314",

I/Utils.java( 2333): 	"action":	"request",

I/Utils.java( 2333): 	"subaction":	"heartbeat"

I/Utils.java( 2333): },,,111111111111111111111111

D/JsonServerResponseThrd( 2433): Try to send response for client:14

D/JsonBodyParse( 2433): cube_control_signaling:Local:start to parsebodyinfo: {

D/JsonBodyParse( 2433): 	"msgid":	"4315",

D/JsonBodyParse( 2433): 	"action":	"request",

D/JsonBodyParse( 2433): 	"subaction":	"getdeviceconfigipvdp",

D/JsonBodyParse( 2433): 	"moduletype":	"cube",

D/JsonBodyParse( 2433): 	"version":	"1731"

D/JsonBodyParse( 2433): }

I/Utils.java( 2333): writeLog() mLogCount:2097,Level:debug, Module:JsonServerResponseThrd, File:Utils.java,Line:61, mContent:Try to send response for client:14

I/Utils.java( 2333): writeLog() mLogCount:2097,Level:debug, Module:JsonBodyParse, File:Utils.java,Line:61, mContent:cube_control_signaling:Local:start to parsebodyinfo: {

I/Utils.java( 2333): 	"msgid":	"4315",

I/Utils.java( 2333): 	"action":	"request",

I/Utils.java( 2333): 	"subaction":	"getdeviceconfigipvdp",

I/Utils.java( 2333): 	"moduletype":	"cube",

I/Utils.java( 2333): 	"version":	"1731"

I/Utils.java( 2333): }

D/JsonServerResponseThrd( 2433): PHONE_CUBE_PROTOCOLJ{"subaction":"heartbeat","action":"response","msgid":"4314","errorcode":0}

I/Utils.java( 2333): writeLog() mLogCount:2099,Level:debug, Module:JsonServerResponseThrd, File:Utils.java,Line:61, mContent:PHONE_CUBE_PROTOCOLJ{"subaction":"heartbeat","action":"response","msgid":"4314","errorcode":0}

D/JsonServerThread( 2433): parseRecievedBuffer() strSubaction:getdeviceconfigipvdp,data:{

D/JsonServerThread( 2433): 	"msgid":	"4315",

D/JsonServerThread( 2433): 	"action":	"request",

D/JsonServerThread( 2433): 	"subaction":	"getdeviceconfigipvdp",

D/JsonServerThread( 2433): 	"moduletype":	"cube",

D/JsonServerThread( 2433): 	"version":	"1731"

D/JsonServerThread( 2433): },,,111111111111111111111111

D/JsonServerThread( 2433): parseRecievedBuffer() strSubaction:getdeviceconfigipvdp,data:{

D/JsonServerThread( 2433): 	"msgid":	"4315",

D/JsonServerThread( 2433): 	"action":	"request",

D/JsonServerThread( 2433): 	"subaction":	"getdeviceconfigipvdp",

D/JsonServerThread( 2433): 	"moduletype":	"cube",

D/JsonServerThread( 2433): 	"version":	"1731"

D/JsonServerThread( 2433): },,,111111111111111111111111

I/Utils.java( 2333): writeLog() mLogCount:2100,Level:debug, Module:JsonServerThread, File:Utils.java,Line:61, mContent:parseRecievedBuffer() strSubaction:getdeviceconfigipvdp,data:{

I/Utils.java( 2333): 	"msgid":	"4315",

I/Utils.java( 2333): 	"action":	"request",

I/Utils.java( 2333): 	"subaction":	"getdeviceconfigipvdp",

I/Utils.java( 2333): 	"moduletype":	"cube",

I/Utils.java( 2333): 	"version":	"1731"

I/Utils.java( 2333): },,,111111111111111111111111

D/JsonServerResponseThrd( 2433): JsontcpService: response:PHONE_CUBE_PROTOCOLJ{"subaction":"heartbeat","action":"response","msgid":"4314","errorcode":0},,1111111111111111111

D/JsonBodyParse( 2433): JsonTcpService:broadCastTcpCommand() {

D/JsonBodyParse( 2433): 	"msgid":	"4315",

D/JsonBodyParse( 2433): 	"action":	"request",

D/JsonBodyParse( 2433): 	"subaction":	"getdeviceconfigipvdp",

D/JsonBodyParse( 2433): 	"moduletype":	"cube",

D/JsonBodyParse( 2433): 	"version":	"1731"

D/JsonBodyParse( 2433): },,,,,,1111111111111111

D/JsonBodyParse( 2433): JsonTcpService:broadCastTcpCommand() {

D/JsonBodyParse( 2433): 	"msgid":	"4315",

D/JsonBodyParse( 2433): 	"action":	"request",

D/JsonBodyParse( 2433): 	"subaction":	"getdeviceconfigipvdp",

D/JsonBodyParse( 2433): 	"moduletype":	"cube",

D/JsonBodyParse( 2433): 	"version":	"1731"

D/JsonBodyParse( 2433): },,,,,,1111111111111111

I/Utils.java( 2333): writeLog() mLogCount:2101,Level:debug, Module:JsonBodyParse, File:Utils.java,Line:61, mContent:JsonTcpService:broadCastTcpCommand() {

I/Utils.java( 2333): 	"msgid":	"4315",

I/Utils.java( 2333): 	"action":	"request",

I/Utils.java( 2333): 	"subaction":	"getdeviceconfigipvdp",

I/Utils.java( 2333): 	"moduletype":	"cube",

I/Utils.java( 2333): 	"version":	"1731"

I/Utils.java( 2333): },,,,,,1111111111111111

D/JsonBodyParse( 2433): cube_control_signaling:Local:start to parsebodyinfo: {

D/JsonBodyParse( 2433): 	"msgid":	"4316",

D/JsonBodyParse( 2433): 	"action":	"request",

D/JsonBodyParse( 2433): 	"subaction":	"ipvdpgetdisplayinfo",

D/JsonBodyParse( 2433): 	"moduletype":	"ipvdp",

D/JsonBodyParse( 2433): 	"displayinfoloop":	[{

D/JsonBodyParse( 2433): 			"keytype":	"systemtime"

D/JsonBodyParse( 2433): 		}, {

D/JsonBodyParse( 2433): 			"keytype":	"weatherinfo"

D/JsonBodyParse( 2433): 		}, {

D/JsonBodyParse( 2433): 			"keytype":	"roomhealthinfo",

D/JsonBodyParse( 2433): 			"roomname":	""

D/JsonBodyParse( 2433): 		}]

D/JsonBodyParse( 2433): }

I/MiscService( 2438): onReceive -- misc control..

D/Cube:ConfigService( 2420): ConfigService.saveRecvData(){

D/Cube:ConfigService( 2420): 	"msgid":	"4315",

D/Cube:ConfigService( 2420): 	"action":	"request",

D/Cube:ConfigService( 2420): 	"subaction":	"getdeviceconfigipvdp",

D/Cube:ConfigService( 2420): 	"moduletype":	"cube",

D/Cube:ConfigService( 2420): 	"version":	"1731"

D/Cube:ConfigService( 2420): },,,,,111111111111111111111111111

I/Cube:ConfigService( 2420): ConfigService.saveRecvData(){

I/Cube:ConfigService( 2420): 	"msgid":	"4315",

I/Cube:ConfigService( 2420): 	"action":	"request",

I/Cube:ConfigService( 2420): 	"subaction":	"getdeviceconfigipvdp",

I/Cube:ConfigService( 2420): 	"moduletype":	"cube",

I/Cube:ConfigService( 2420): 	"version":	"1731"

I/Cube:ConfigService( 2420): },,,,,111111111111111111111111111

D/MiscService( 2438): json:{"subaction":"getdeviceconfigipvdp","action":"request","msgid":"4315","moduletype":"cube","version":"1731"}

I/Utils.java( 2333): writeLog() mLogCount:2102,Level:debug, Module:JsonBodyParse, File:Utils.java,Line:61, mContent:cube_control_signaling:Local:start to parsebodyinfo: {

I/Utils.java( 2333): 	"msgid":	"4316",

I/Utils.java( 2333): 	"action":	"request",

I/Utils.java( 2333): 	"subaction":	"ipvdpgetdisplayinfo",

I/Utils.java( 2333): 	"moduletype":	"ipvdp",

I/Utils.java( 2333): 	"displayinfoloop":	[{

I/Utils.java( 2333): 			"keytype":	"systemtime"

I/Utils.java( 2333): 		}, {

I/Utils.java( 2333): 			"keytype":	"weatherinfo"

I/Utils.java( 2333): 		}, {

I/Utils.java( 2333): 			"keytype":	"roomhealthinfo",

I/Utils.java( 2333): 			"roomname":	""

I/Utils.java( 2333): 		}]

I/Utils.java( 2333): }

I/ConfigService.java( 2333): writeLog() mLogCount:2102,Level:debug, Module:Cube:ConfigService, File:ConfigService.java,Line:1334, mContent:ConfigService.saveRecvData(){

I/ConfigService.java( 2333): 	"msgid":	"4315",

I/ConfigService.java( 2333): 	"action":	"request",

I/ConfigService.java( 2333): 	"subaction":	"getdeviceconfigipvdp",

I/ConfigService.java( 2333): 	"moduletype":	"cube",

I/ConfigService.java( 2333): 	"version":	"1731"

I/ConfigService.java( 2333): },,,,,111111111111111111111111111

D/Cube:ConfigService( 2420): ConfigDispatchCenter.run() take:DataElement [mDataKey=DATAFROMLAN, mDataValue={

D/Cube:ConfigService( 2420): 	"msgid":	"4315",

D/Cube:ConfigService( 2420): 	"action":	"request",

D/Cube:ConfigService( 2420): 	"subaction":	"getdeviceconfigipvdp",

D/Cube:ConfigService( 2420): 	"moduletype":	"cube",

D/Cube:ConfigService( 2420): 	"version":	"1731"

D/Cube:ConfigService( 2420): }, mFd=14],,,11111111111111111

I/Cube:ConfigService( 2420): ConfigDispatchCenter.run() take:DataElement [mDataKey=DATAFROMLAN, mDataValue={

I/Cube:ConfigService( 2420): 	"msgid":	"4315",

I/Cube:ConfigService( 2420): 	"action":	"request",

I/Cube:ConfigService( 2420): 	"subaction":	"getdeviceconfigipvdp",

I/Cube:ConfigService( 2420): 	"moduletype":	"cube",

I/Cube:ConfigService( 2420): 	"version":	"1731"

I/Cube:ConfigService( 2420): }, mFd=14],,,11111111111111111

I/ConfigService.java( 2333): writeLog() mLogCount:2104,Level:debug, Module:Cube:ConfigService, File:ConfigService.java,Line:1334, mContent:ConfigDispatchCenter.run() take:DataElement [mDataKey=DATAFROMLAN, mDataValue={

I/ConfigService.java( 2333): 	"msgid":	"4315",

I/ConfigService.java( 2333): 	"action":	"request",

I/ConfigService.java( 2333): 	"subaction":	"getdeviceconfigipvdp",

I/ConfigService.java( 2333): 	"moduletype":	"cube",

I/ConfigService.java( 2333): 	"version":	"1731"

I/ConfigService.java( 2333): }, mFd=14],,,11111111111111111

D/JsonServerThread( 2433): parseRecievedBuffer() strSubaction:ipvdpgetdisplayinfo,data:{

D/JsonServerThread( 2433): 	"msgid":	"4316",

D/JsonServerThread( 2433): 	"action":	"request",

D/JsonServerThread( 2433): 	"subaction":	"ipvdpgetdisplayinfo",

D/JsonServerThread( 2433): 	"moduletype":	"ipvdp",

D/JsonServerThread( 2433): 	"displayinfoloop":	[{

D/JsonServerThread( 2433): 			"keytype":	"systemtime"

D/JsonServerThread( 2433): 		}, {

D/JsonServerThread( 2433): 			"keytype":	"weatherinfo"

D/JsonServerThread( 2433): 		}, {

D/JsonServerThread( 2433): 			"keytype":	"roomhealthinfo",

D/JsonServerThread( 2433): 			"roomname":	""

D/JsonServerThread( 2433): 		}]

D/JsonServerThread( 2433): },,,111111111111111111111111

D/JsonServerThread( 2433): parseRecievedBuffer() strSubaction:ipvdpgetdisplayinfo,data:{

D/JsonServerThread( 2433): 	"msgid":	"4316",

D/JsonServerThread( 2433): 	"action":	"request",

D/JsonServerThread( 2433): 	"subaction":	"ipvdpgetdisplayinfo",

D/JsonServerThread( 2433): 	"moduletype":	"ipvdp",

D/JsonServerThread( 2433): 	"displayinfoloop":	[{

D/JsonServerThread( 2433): 			"keytype":	"systemtime"

D/JsonServerThread( 2433): 		}, {

D/JsonServerThread( 2433): 			"keytype":	"weatherinfo"

D/JsonServerThread( 2433): 		}, {

D/JsonServerThread( 2433): 			"keytype":	"roomhealthinfo",

D/JsonServerThread( 2433): 			"roomname":	""

D/JsonServerThread( 2433): 		}]

D/JsonServerThread( 2433): },,,111111111111111111111111

I/Utils.java( 2333): writeLog() mLogCount:2104,Level:debug, Module:JsonServerThread, File:Utils.java,Line:61, mContent:parseRecievedBuffer() strSubaction:ipvdpgetdisplayinfo,data:{

I/Utils.java( 2333): 	"msgid":	"4316",

I/Utils.java( 2333): 	"action":	"request",

I/Utils.java( 2333): 	"subaction":	"ipvdpgetdisplayinfo",

I/Utils.java( 2333): 	"moduletype":	"ipvdp",

I/Utils.java( 2333): 	"displayinfoloop":	[{

I/Utils.java( 2333): 			"keytype":	"systemtime"

I/Utils.java( 2333): 		}, {

I/Utils.java( 2333): 			"keytype":	"weatherinfo"

I/Utils.java( 2333): 		}, {

I/Utils.java( 2333): 			"keytype":	"roomhealthinfo",

I/Utils.java( 2333): 			"roomname":	""

I/Utils.java( 2333): 		}]

I/Utils.java( 2333): },,,111111111111111111111111

D/JsonBodyParse( 2433): JsonTcpService:broadCastTcpCommand() {

D/JsonBodyParse( 2433): 	"msgid":	"4316",

D/JsonBodyParse( 2433): 	"action":	"request",

D/JsonBodyParse( 2433): 	"subaction":	"ipvdpgetdisplayinfo",

D/JsonBodyParse( 2433): 	"moduletype":	"ipvdp",

D/JsonBodyParse( 2433): 	"displayinfoloop":	[{

D/JsonBodyParse( 2433): 			"keytype":	"systemtime"

D/JsonBodyParse( 2433): 		}, {

D/JsonBodyParse( 2433): 			"keytype":	"weatherinfo"

D/JsonBodyParse( 2433): 		}, {

