E/Sensors ( 1988): int sensors_poll_context_t::pollEvents(sensors_event_t*, int):254

D/Cube:DiscoveryService( 2394): onSensorChanged() distance:11132.0,mNear=false,mDataBaseline:11135.0,,

I/Cube:DiscoveryService( 2394): onSensorChanged() distance:11132.0,mNear=false,mDataBaseline:11135.0,,,444444

D/VoiceRecogService(11033): start to feedDog!!!!!

D/Cube:ServicesMonitor( 2552): feedDog() intent:com.honeywell.cubebase.voicerecogadapter.VoiceRecogService,,monitor:MonitorInfo [mIntentAction=com.honeywell.cubebase.voicerecogadapter.VoiceRecogService, mFeedTime=199077389],,,11111111

I/p2p     ( 2497): SendMucReq(): Addr:239.200.200.8:30777

I/p2p     ( 2577): SendMucReq(): Addr:239.200.200.8:30777

D/HDLBusPollingThread( 2452): Do polling for enviroment module status

E/Sensors ( 1988): int sensors_poll_context_t::pollEvents(sensors_event_t*, int):256

E/Sensors ( 1988): int sensors_poll_context_t::pollEvents(sensors_event_t*, int):270

E/Sensors ( 1988): int sensors_poll_context_t::pollEvents(sensors_event_t*, int):230

E/Sensors ( 1988): int sensors_poll_context_t::pollEvents(sensors_event_t*, int):233, readEvents(data,16), sensor:4, type:8

E/Sensors ( 1988): virtual int SensorHubInputSensor::readEvents(sensors_event_t*, int):179

E/Sensors ( 1988): virtual int SensorHubInputSensor::readEvents(sensors_event_t*, int):188

E/Sensors ( 1988): virtual int SensorHubInputSensor::readEvents(sensors_event_t*, int):190

E/Sensors ( 1988): virtual int SensorHubInputSensor::readEvents(sensors_event_t*, int):198

E/Sensors ( 1988): virtual int SensorHubInputSensor::readEvents(sensors_event_t*, int):200

E/Sensors ( 1988): virtual int SensorHubInputSensor::readEvents(sensors_event_t*, int):217

E/Sensors ( 1988): virtual int SensorHubInputSensor::readEvents(sensors_event_t*, int):200

E/Sensors ( 1988): virtual int SensorHubInputSensor::readEvents(sensors_event_t*, int):205

E/Sensors ( 1988): virtual int SensorHubInputSensor::readEvents(sensors_event_t*, int):217

E/Sensors ( 1988): virtual int SensorHubInputSensor::readEvents(sensors_event_t*, int):228

E/Sensors ( 1988): int sensors_poll_context_t::pollEvents(sensors_event_t*, int):235

E/Sensors ( 1988): int sensors_poll_context_t::pollEvents(sensors_event_t*, int):238

E/Sensors ( 1988): int sensors_poll_context_t::pollEvents(sensors_event_t*, int):242

E/Sensors ( 1988): int sensors_poll_context_t::pollEvents(sensors_event_t*, int):254

E/Sensors ( 1988): int sensors_poll_context_t::pollEvents(sensors_event_t*, int):256

E/Sensors ( 1988): int sensors_poll_context_t::pollEvents(sensors_event_t*, int):270

E/Sensors ( 1988): int sensors_poll_context_t::pollEvents(sensors_event_t*, int):230

E/Sensors ( 1988): int sensors_poll_context_t::pollEvents(sensors_event_t*, int):254

D/Cube:DiscoveryService( 2394): onSensorChanged() distance:11135.0,mNear=false,mDataBaseline:11135.0,,

I/Cube:DiscoveryService( 2394): onSensorChanged() distance:11135.0,mNear=false,mDataBaseline:11135.0,,,444444

I/WiFiIR  ( 2452): jObj =  null

D/WiFiIR  ( 2452): cur time:199078637, lastSearchTime =199068636

I/WiFiIR  ( 2452): ret:{"code":0,"msg":"Execute success","list":[]}

I/WiFiIR  ( 2452): code=0,msg=Execute success

I/p2p     ( 2497): SendMucReq(): Addr:239.200.200.8:30777

I/p2p     ( 2577): SendMucReq(): Addr:239.200.200.8:30777

D/WifiModuleNet( 2465): sendHeartBeat() 

D/WifiModule.Util( 2465): Util.java wrapArroudData body length=65,,,,


I/WifiModuleNet.java( 2333): writeLog() mLogCount:2128,Level:warning, Module:WifiModuleNet, File:WifiModuleNet.java,Line:1102, mContent:cube_control_signaling:192.168.9.50:data=HON_HS_CUBEA{"subaction":"heartbeat","action":"request","moduletype":"ipvdp"},,

D/WifiModuleNet( 2465): WriteThread::::::send request:ControlCommandInfo:mRequestId:-1JsonData:HON_HS_CUBEA{"subaction":"heartbeat","action":"request","moduletype":"ipvdp"}WifiModuleNet [mIpAddr=192.168.9.50, mMacAddr=fca0fcca-4938-480c-9563-68abce0b30ea, mInit=true, mModuleType=ipvdp, mPort=9000]

E/Sensors ( 1988): int sensors_poll_context_t::pollEvents(sensors_event_t*, int):256

E/Sensors ( 1988): int sensors_poll_context_t::pollEvents(sensors_event_t*, int):270

E/Sensors ( 1988): int sensors_poll_context_t::pollEvents(sensors_event_t*, int):230

E/Sensors ( 1988): int sensors_poll_context_t::pollEvents(sensors_event_t*, int):233, readEvents(data,16), sensor:4, type:8

E/Sensors ( 1988): virtual int SensorHubInputSensor::readEvents(sensors_event_t*, int):179

E/Sensors ( 1988): virtual int SensorHubInputSensor::readEvents(sensors_event_t*, int):188

E/Sensors ( 1988): virtual int SensorHubInputSensor::readEvents(sensors_event_t*, int):190

E/Sensors ( 1988): virtual int SensorHubInputSensor::readEvents(sensors_event_t*, int):198

E/Sensors ( 1988): virtual int SensorHubInputSensor::readEvents(sensors_event_t*, int):200

E/Sensors ( 1988): virtual int SensorHubInputSensor::readEvents(sensors_event_t*, int):217

E/Sensors ( 1988): virtual int SensorHubInputSensor::readEvents(sensors_event_t*, int):200

E/Sensors ( 1988): virtual int SensorHubInputSensor::readEvents(sensors_event_t*, int):205

E/Sensors ( 1988): virtual int SensorHubInputSensor::readEvents(sensors_event_t*, int):217

E/Sensors ( 1988): virtual int SensorHubInputSensor::readEvents(sensors_event_t*, int):228

E/Sensors ( 1988): int sensors_poll_context_t::pollEvents(sensors_event_t*, int):235

E/Sensors ( 1988): int sensors_poll_context_t::pollEvents(sensors_event_t*, int):238

E/Sensors ( 1988): int sensors_poll_context_t::pollEvents(sensors_event_t*, int):242

E/Sensors ( 1988): int sensors_poll_context_t::pollEvents(sensors_event_t*, int):254

E/Sensors ( 1988): int sensors_poll_context_t::pollEvents(sensors_event_t*, int):256

E/Sensors ( 1988): int sensors_poll_context_t::pollEvents(sensors_event_t*, int):270

E/Sensors ( 1988): int sensors_poll_context_t::pollEvents(sensors_event_t*, int):230

E/Sensors ( 1988): int sensors_poll_context_t::pollEvents(sensors_event_t*, int):254

D/Cube:DiscoveryService( 2394): onSensorChanged() distance:11138.0,mNear=false,mDataBaseline:11135.0,,

I/Cube:DiscoveryService( 2394): onSensorChanged() distance:11138.0,mNear=false,mDataBaseline:11135.0,,,444444

D/WifiModuleNet( 2465): this time receive origin:HON_HS_CUBEL{

D/WifiModuleNet( 2465): 	"action":	"response",

D/WifiModuleNet( 2465): 	"subaction":	"heartbeat",

D/WifiModuleNet( 2465): 	"moduletype":	"ipvdp"

D/WifiModuleNet( 2465): },,,,,,

E/WifiModuleNet( 2465): total nowString:HON_HS_CUBEL{

E/WifiModuleNet( 2465): 	"action":	"response",

E/WifiModuleNet( 2465): 	"subaction":	"heartbeat",

E/WifiModuleNet( 2465): 	"moduletype":	"ipvdp"

E/WifiModuleNet( 2465): },,,,,,22222

I/WifiModuleNet( 2465): receive bodylength:76,,,3333

I/WifiModuleNet( 2465): oneReceiveStr3:{

I/WifiModuleNet( 2465): 	"action":	"response",

I/WifiModuleNet( 2465): 	"subaction":	"heartbeat",

I/WifiModuleNet( 2465): 	"moduletype":	"ipvdp"

I/WifiModuleNet( 2465): },,,66666

D/WifiModuleNet( 2465): receives response:WifiModuleNet [mIpAddr=192.168.9.50, mMacAddr=fca0fcca-4938-480c-9563-68abce0b30ea, mInit=true, mModuleType=ipvdp, mPort=9000]{

D/WifiModuleNet( 2465): 	"action":	"response",

D/WifiModuleNet( 2465): 	"subaction":	"heartbeat",

D/WifiModuleNet( 2465): 	"moduletype":	"ipvdp"

D/WifiModuleNet( 2465): },,,

I/WifiModuleNet.java( 2333): writeLog() mLogCount:2129,Level:debug, Module:WifiModuleNet, File:WifiModuleNet.java,Line:1102, mContent:cube_control_signaling:parseBodyInfo():WifiModuleNet [mIpAddr=192.168.9.50, mMacAddr=fca0fcca-4938-480c-9563-68abce0b30ea, mInit=true, mModuleType=ipvdp, mPort=9000]{

I/WifiModuleNet.java( 2333): 	"action":	"response",

I/WifiModuleNet.java( 2333): 	"subaction":	"heartbeat",

I/WifiModuleNet.java( 2333): 	"moduletype":	"ipvdp"

I/WifiModuleNet.java( 2333): }

D/ConnectivityService( 1988): mActiveDefaultNetwork = 9

D/ConnectivityService( 1988): Etherent Wifi Disguise

D/ConnectivityService( 1988): mActiveDefaultNetwork = 9

D/ConnectivityService( 1988): Etherent Wifi Disguise

D/CommonUtils( 2394): getLocalIpAddr() ip:192.168.3.104

D/BroadCastUdp( 2394): Cube Udp Package String:{"MAF":"Honeywell","VER":"0.5.1.3","MAC":"00:1F:55:2A:05:82","Type":"HEJ-CUBE-S_2A0582","IP":"192.168.3.104"}has been send

I/Cube:DiscoveryService( 2394): Packet received from: 192.168.3.104, data len=109

I/Cube:DiscoveryService( 2394): Packet received; data: {"MAF":"Honeywell","VER":"0.5.1.3","MAC":"00:1F:55:2A:05:82","Type":"HEJ-CUBE-S_2A0582","IP":"192.168.3.104"}

I/Cube:DiscoveryService( 2394): Ready to receive broadcast packets!

D/WifiModuleNet( 2465): sendHeartBeat() 

D/WifiModule.Util( 2465): Util.java wrapArroudData body length=63,,,,


I/WifiModuleNet.java( 2333): writeLog() mLogCount:2130,Level:warning, Module:WifiModuleNet, File:WifiModuleNet.java,Line:1102, mContent:cube_control_signaling:192.168.3.107:data=HON_HS_CUBE?yD~
%@@>#rrXu9AXxA{&R/:E,,

D/WifiModuleNet( 2465): WriteThread::::::send request:ControlCommandInfo:mRequestId:-1JsonData:HON_HS_CUBE?yD~
%@@>#rrXu9AXxA{&R/:EWifiModuleNet [mIpAddr=192.168.3.107, mMacAddr=00:1F:55:2A:02:BA, mInit=true, mModuleType=485, mPort=9000]

D/WifiModuleNet( 2465): sendHeartBeat() 

D/WifiModule.Util( 2465): Util.java wrapArroudData body length=63,,,,


I/WifiModuleNet.java( 2333): writeLog() mLogCount:2131,Level:warning, Module:WifiModuleNet, File:WifiModuleNet.java,Line:1102, mContent:cube_control_signaling:192.168.3.135:data=HON_HS_CUBE?PCx\+:rkyt0^d^iOhSwl@b,,

D/WifiModuleNet( 2465): WriteThread::::::send request:ControlCommandInfo:mRequestId:-1JsonData:HON_HS_CUBE?PCx\+:rkyt0^d^iOhSwl@bWifiModuleNet [mIpAddr=192.168.3.135, mMacAddr=00:1F:55:2A:02:D6, mInit=true, mModuleType=485, mPort=9000]

D/WifiModuleNet( 2465): this time receive origin:HON_HS_CUBEGyC3Y'MQ#-TsgCujAJc"?D;e2
TgJqB,,,,,,

E/WifiModuleNet( 2465): total nowString:HON_HS_CUBEGyC3Y'MQ#-TsgCujAJc"?D;e2
TgJqB,,,,,,22222

I/WifiModuleNet( 2465): receive bodylength:71,,,3333

I/WifiModuleNet( 2465): oneReceiveStr2:{ "action": "response", "subaction": "heartbeat", "moduletype": "485" },,,5555

D/WifiModuleNet( 2465): receives response:WifiModuleNet [mIpAddr=192.168.3.107, mMacAddr=00:1F:55:2A:02:BA, mInit=true, mModuleType=485, mPort=9000]{ "action": "response", "subaction": "heartbeat", "moduletype": "485" },,,

I/WifiModuleNet.java( 2333): writeLog() mLogCount:2132,Level:debug, Module:WifiModuleNet, File:WifiModuleNet.java,Line:1102, mContent:cube_control_signaling:parseBodyInfo():WifiModuleNet [mIpAddr=192.168.3.107, mMacAddr=00:1F:55:2A:02:BA, mInit=true, mModuleType=485, mPort=9000]{ "action": "response", "subaction": "heartbeat", "moduletype": "485" }

D/WifiModuleNet( 2465): this time receive origin:HON_HS_CUBEGE`J:+13w~dQ
dLoC1J!!@%H,,,,,,

E/WifiModuleNet( 2465): total nowString:HON_HS_CUBEGE`J:+13w~dQ
dLoC1J!!@%H,,,,,,22222

I/WifiModuleNet( 2465): receive bodylength:71,,,3333

I/WifiModuleNet( 2465): oneReceiveStr2:{ "action": "response", "subaction": "heartbeat", "moduletype": "485" },,,5555

D/WifiModuleNet( 2465): receives response:WifiModuleNet [mIpAddr=192.168.3.135, mMacAddr=00:1F:55:2A:02:D6, mInit=true, mModuleType=485, mPort=9000]{ "action": "response", "subaction": "heartbeat", "moduletype": "485" },,,

I/WifiModuleNet.java( 2333): writeLog() mLogCount:2133,Level:debug, Module:WifiModuleNet, File:WifiModuleNet.java,Line:1102, mContent:cube_control_signaling:parseBodyInfo():WifiModuleNet [mIpAddr=192.168.3.135, mMacAddr=00:1F:55:2A:02:D6, mInit=true, mModuleType=485, mPort=9000]{ "action": "response", "subaction": "heartbeat", "moduletype": "485" }

I/Cube:DiscoveryService( 2394): Packet received from: 192.168.3.135, data len=126

I/Cube:DiscoveryService( 2394): Packet received; data: { "Type": "HEJ-PORT-485_2A02D6", "IP": "192.168.3.135", "MAC": "00:1F:55:2A:02:D6", "MAF": "Honeywell", "VER": "0.1.7.3110" }

I/Cube:DiscoveryService( 2394): Ready to receive broadcast packets!

I/Cube:DiscoveryService( 2394): Packet received from: 192.168.3.135, data len=126

I/Cube:DiscoveryService( 2394): Packet received; data: { "Type": "HEJ-PORT-485_2A02D6", "IP": "192.168.3.135", "MAC": "00:1F:55:2A:02:D6", "MAF": "Honeywell", "VER": "0.1.7.3110" }

I/Cube:DiscoveryService( 2394): Ready to receive broadcast packets!

I/p2p     ( 2497): SendMucReq(): Addr:239.200.200.8:30777

I/p2p     ( 2577): SendMucReq(): Addr:239.200.200.8:30777

D/IPC Service( 2577): map len:0

E/Sensors ( 1988): int sensors_poll_context_t::pollEvents(sensors_event_t*, int):256

E/Sensors ( 1988): int sensors_poll_context_t::pollEvents(sensors_event_t*, int):270

E/Sensors ( 1988): int sensors_poll_context_t::pollEvents(sensors_event_t*, int):230

E/Sensors ( 1988): int sensors_poll_context_t::pollEvents(sensors_event_t*, int):233, readEvents(data,16), sensor:4, type:8

E/Sensors ( 1988): virtual int SensorHubInputSensor::readEvents(sensors_event_t*, int):179

E/Sensors ( 1988): virtual int SensorHubInputSensor::readEvents(sensors_event_t*, int):188

E/Sensors ( 1988): virtual int SensorHubInputSensor::readEvents(sensors_event_t*, int):190

E/Sensors ( 1988): virtual int SensorHubInputSensor::readEvents(sensors_event_t*, int):198

E/Sensors ( 1988): virtual int SensorHubInputSensor::readEvents(sensors_event_t*, int):200

E/Sensors ( 1988): virtual int SensorHubInputSensor::readEvents(sensors_event_t*, int):217

E/Sensors ( 1988): virtual int SensorHubInputSensor::readEvents(sensors_event_t*, int):200

E/Sensors ( 1988): virtual int SensorHubInputSensor::readEvents(sensors_event_t*, int):205

E/Sensors ( 1988): virtual int SensorHubInputSensor::readEvents(sensors_event_t*, int):217

E/Sensors ( 1988): virtual int SensorHubInputSensor::readEvents(sensors_event_t*, int):228

E/Sensors ( 1988): int sensors_poll_context_t::pollEvents(sensors_event_t*, int):235

E/Sensors ( 1988): int sensors_poll_context_t::pollEvents(sensors_event_t*, int):238

E/Sensors ( 1988): int sensors_poll_context_t::pollEvents(sensors_event_t*, int):242

E/Sensors ( 1988): int sensors_poll_context_t::pollEvents(sensors_event_t*, int):254

E/Sensors ( 1988): int sensors_poll_context_t::pollEvents(sensors_event_t*, int):256

E/Sensors ( 1988): int sensors_poll_context_t::pollEvents(sensors_event_t*, int):270

E/Sensors ( 1988): int sensors_poll_context_t::pollEvents(sensors_event_t*, int):230

E/Sensors ( 1988): int sensors_poll_context_t::pollEvents(sensors_event_t*, int):254

D/Cube:DiscoveryService( 2394): onSensorChanged() distance:11133.0,mNear=false,mDataBaseline:11135.0,,

I/Cube:DiscoveryService( 2394): onSensorChanged() distance:11133.0,mNear=false,mDataBaseline:11135.0,,,444444

I/p2p     ( 2497): SendMucReq(): Addr:239.200.200.8:30777

I/p2p     ( 2577): SendMucReq(): Addr:239.200.200.8:30777

D/WebSocketPingPongTask( 2407): send pong to cloud... 1111111111111111111111111111

I/Utils.java( 2333): writeLog() mLogCount:2134,Level:debug, Module:WebSocketPingPongTask, File:Utils.java,Line:100, mContent:send pong to cloud... 1111111111111111111111111111

E/Sensors ( 1988): int sensors_poll_context_t::pollEvents(sensors_event_t*, int):256

E/Sensors ( 1988): int sensors_poll_context_t::pollEvents(sensors_event_t*, int):270

E/Sensors ( 1988): int sensors_poll_context_t::pollEvents(sensors_event_t*, int):230

E/Sensors ( 1988): int sensors_poll_context_t::pollEvents(sensors_event_t*, int):233, readEvents(data,16), sensor:4, type:8

E/Sensors ( 1988): virtual int SensorHubInputSensor::readEvents(sensors_event_t*, int):179

E/Sensors ( 1988): virtual int SensorHubInputSensor::readEvents(sensors_event_t*, int):188

E/Sensors ( 1988): virtual int SensorHubInputSensor::readEvents(sensors_event_t*, int):190

E/Sensors ( 1988): virtual int SensorHubInputSensor::readEvents(sensors_event_t*, int):198

E/Sensors ( 1988): virtual int SensorHubInputSensor::readEvents(sensors_event_t*, int):200

E/Sensors ( 1988): virtual int SensorHubInputSensor::readEvents(sensors_event_t*, int):217

E/Sensors ( 1988): virtual int SensorHubInputSensor::readEvents(sensors_event_t*, int):200

E/Sensors ( 1988): virtual int SensorHubInputSensor::readEvents(sensors_event_t*, int):205

E/Sensors ( 1988): virtual int SensorHubInputSensor::readEvents(sensors_event_t*, int):217

E/Sensors ( 1988): virtual int SensorHubInputSensor::readEvents(sensors_event_t*, int):228

E/Sensors ( 1988): int sensors_poll_context_t::pollEvents(sensors_event_t*, int):235

E/Sensors ( 1988): int sensors_poll_context_t::pollEvents(sensors_event_t*, int):238

E/Sensors ( 1988): int sensors_poll_context_t::pollEvents(sensors_event_t*, int):242

E/Sensors ( 1988): int sensors_poll_context_t::pollEvents(sensors_event_t*, int):254

E/Sensors ( 1988): int sensors_poll_context_t::pollEvents(sensors_event_t*, int):256

E/Sensors ( 1988): int sensors_poll_context_t::pollEvents(sensors_event_t*, int):270

E/Sensors ( 1988): int sensors_poll_context_t::pollEvents(sensors_event_t*, int):230

E/Sensors ( 1988): int sensors_poll_context_t::pollEvents(sensors_event_t*, int):254

D/Cube:DiscoveryService( 2394): onSensorChanged() distance:11131.0,mNear=false,mDataBaseline:11135.0,,

I/Cube:DiscoveryService( 2394): onSensorChanged() distance:11131.0,mNear=false,mDataBaseline:11135.0,,,444444

D/HDLBusPollingThread( 2452): Do polling for enviroment module status

E/Sensors ( 1988): int sensors_poll_context_t::pollEvents(sensors_event_t*, int):256

E/Sensors ( 1988): int sensors_poll_context_t::pollEvents(sensors_event_t*, int):270

E/Sensors ( 1988): int sensors_poll_context_t::pollEvents(sensors_event_t*, int):230

E/Sensors ( 1988): int sensors_poll_context_t::pollEvents(sensors_event_t*, int):233, readEvents(data,16), sensor:4, type:8

E/Sensors ( 1988): virtual int SensorHubInputSensor::readEvents(sensors_event_t*, int):179

E/Sensors ( 1988): virtual int SensorHubInputSensor::readEvents(sensors_event_t*, int):188

E/Sensors ( 1988): virtual int SensorHubInputSensor::readEvents(sensors_event_t*, int):190

E/Sensors ( 1988): virtual int SensorHubInputSensor::readEvents(sensors_event_t*, int):198

E/Sensors ( 1988): virtual int SensorHubInputSensor::readEvents(sensors_event_t*, int):200

E/Sensors ( 1988): virtual int SensorHubInputSensor::readEvents(sensors_event_t*, int):217

E/Sensors ( 1988): virtual int SensorHubInputSensor::readEvents(sensors_event_t*, int):200

E/Sensors ( 1988): virtual int SensorHubInputSensor::readEvents(sensors_event_t*, int):205

E/Sensors ( 1988): virtual int SensorHubInputSensor::readEvents(sensors_event_t*, int):217

E/Sensors ( 1988): virtual int SensorHubInputSensor::readEvents(sensors_event_t*, int):228

E/Sensors ( 1988): int sensors_poll_context_t::pollEvents(sensors_event_t*, int):235

E/Sensors ( 1988): int sensors_poll_context_t::pollEvents(sensors_event_t*, int):238

E/Sensors ( 1988): int sensors_poll_context_t::pollEvents(sensors_event_t*, int):242

E/Sensors ( 1988): int sensors_poll_context_t::pollEvents(sensors_event_t*, int):254

E/Sensors ( 1988): int sensors_poll_context_t::pollEvents(sensors_event_t*, int):256

E/Sensors ( 1988): int sensors_poll_context_t::pollEvents(sensors_event_t*, int):270

E/Sensors ( 1988): int sensors_poll_context_t::pollEvents(sensors_event_t*, int):230

E/Sensors ( 1988): int sensors_poll_context_t::pollEvents(sensors_event_t*, int):254

D/Cube:DiscoveryService( 2394): onSensorChanged() distance:11134.0,mNear=false,mDataBaseline:11135.0,,

I/Cube:DiscoveryService( 2394): onSensorChanged() distance:11134.0,mNear=false,mDataBaseline:11135.0,,,444444

I/p2p     ( 2497): SendMucReq(): Addr:239.200.200.8:30777

I/p2p     ( 2577): SendMucReq(): Addr:239.200.200.8:30777

I/Cube:DiscoveryService( 2394): Packet received from: 192.168.3.191, data len=125

I/Cube:DiscoveryService( 2394): Packet received; data: { "Type": "HEJ-RELAY-4_2A01A7", "IP": "192.168.3.191", "MAC": "00:1F:55:2A:01:A7", "MAF": "Honeywell", "VER": "0.1.7.3110" }

I/Cube:DiscoveryService( 2394): Ready to receive broadcast packets!

I/Cube:DiscoveryService( 2394): Packet received from: 192.168.3.191, data len=125

I/Cube:DiscoveryService( 2394): Packet received; data: { "Type": "HEJ-RELAY-4_2A01A7", "IP": "192.168.3.191", "MAC": "00:1F:55:2A:01:A7", "MAF": "Honeywell", "VER": "0.1.7.3110" }

I/Cube:DiscoveryService( 2394): Ready to receive broadcast packets!

I/Cube:DiscoveryService( 2394): Packet received from: 192.168.3.133, data len=126

I/Cube:DiscoveryService( 2394): Packet received; data: { "Type": "HEJ-PORT-485_2A02D4", "IP": "192.168.3.133", "MAC": "00:1F:55:2A:02:D4", "MAF": "Honeywell", "VER": "0.1.7.3110" }

I/Cube:DiscoveryService( 2394): Ready to receive broadcast packets!

I/Cube:DiscoveryService( 2394): Packet received from: 192.168.3.133, data len=126

I/Cube:DiscoveryService( 2394): Packet received; data: { "Type": "HEJ-PORT-485_2A02D4", "IP": "192.168.3.133", "MAC": "00:1F:55:2A:02:D4", "MAF": "Honeywell", "VER": "0.1.7.3110" }

I/Cube:DiscoveryService( 2394): Ready to receive broadcast packets!

D/WifiModuleNet( 2465): HailinQueryTest() 1111111111111111

D/WifiModule.Util( 2465): generateIaqHaiLinQuery() json:{"subaction":"request","action":"request","moduletype":"485","hexdata":"0104000000067008","portid":1}

D/WifiModule.Util( 2465): Util.java wrapArroudData body length=101,,,,


I/WifiModuleNet.java( 2333): writeLog() mLogCount:2135,Level:warning, Module:WifiModuleNet, File:WifiModuleNet.java,Line:1102, mContent:cube_control_signaling:192.168.3.135:data=HON_HS_CUBEePCx\;+134sFxUJu1FxWmm@wO)c3Uc:xDgQe7,,

D/WifiModuleNet( 2465): WriteThread::::::send request:ControlCommandInfo:mRequestId:-1JsonData:HON_HS_CUBEePCx\;+134sFxUJu1FxWmm@wO)c3Uc:xDgQe7WifiModuleNet [mIpAddr=192.168.3.135, mMacAddr=00:1F:55:2A:02:D6, mInit=true, mModuleType=485, mPort=9000]

D/WifiModuleNet( 2465): this time receive origin:HON_HS_CUBEE`J:+13w~dQ
d\h?C%=B=Rh)~b*j"MT
</>fK5/gieEP"6,,,,,,

E/WifiModuleNet( 2465): total nowString:HON_HS_CUBEE`J:+13w~dQ
d\h?C%=B=Rh)~b*j"MT
</>fK5/gieEP"6,,,,,,22222

I/WifiModuleNet( 2465): receive bodylength:147,,,3333

I/WifiModuleNet( 2465): oneReceiveStr2:{ "action": "response", "subaction": "request", "moduletype": "485", "portid": 1, "errorcode": 0, "hexdata": "01040C009E01340000F54E000000835653" },,,5555

D/WifiModuleNet( 2465): receives response:WifiModuleNet [mIpAddr=192.168.3.135, mMacAddr=00:1F:55:2A:02:D6, mInit=true, mModuleType=485, mPort=9000]{ "action": "response", "subaction": "request", "moduletype": "485", "portid": 1, "errorcode": 0, "hexdata": "01040C009E01340000F54E000000835653" },,,

I/WifiModuleNet.java( 2333): writeLog() mLogCount:2136,Level:debug, Module:WifiModuleNet, File:WifiModuleNet.java,Line:1102, mContent:cube_control_signaling:parseBodyInfo():WifiModuleNet [mIpAddr=192.168.3.135, mMacAddr=00:1F:55:2A:02:D6, mInit=true, mModuleType=485, mPort=9000]{ "action": "response", "subaction": "request", "moduletype": "485", "portid": 1, "errorcode": 0, "hexdata": "01040C009E01340000F54E000000835653" }

D/dalvikvm( 2420): GC_FOR_ALLOC freed 206K, 11% free 4385K/4916K, paused 26ms, total 26ms

I/dalvikvm-heap( 2420): Grow heap (frag case) to 4.326MB for 19984-byte allocation

D/dalvikvm( 2420): GC_FOR_ALLOC freed 36K, 12% free 4368K/4936K, paused 11ms, total 11ms

D/Cube:ConfigService( 2420): getWifi485LoopConfigByMac() json:{"subaction":"configdevice","action":"request","portmap":[{"deviceloopmap":[{"prity":"none","loopid":1,"brandname":"HaiLinPm25","looptype":"iaq25","slaveaddr":1,"databit":"8","stopbit":"1","format":{"time":"3"},"flowctl":"none","baudrate":"9600","function":"request"}],"portid":1}],"moduletype":"485"}

E/zbaoloopType( 2465): iaq25looptype

E/zbaoIAQ25( 2465): 01040C009E01340000F54E000000835653

E/zbaohumidity( 2465): 15

E/zbaopm25( 2465): 131

E/zbaotemperature( 2465): 30

E/zbao    ( 2465): { "action": "response", "subaction": "request", "moduletype": "485", "portid": 1, "errorcode": 0, "hexdata": "01040C009E01340000F54E000000835653" }

E/zbao( 2465): {"modulemacaddr":"00:1F:55:2A:02:D6","moduletype":"485","portid":1,"subaction":"enviroinfo","action":"event","deviceloopmap":[{"currenttemp":30,"loopid":1,"humidity":15,"brandname":"HaiLinPm25","looptype":"iaq25","slaveaddr":1,"portid":1,"pm2_5":131}],"errorcode":0,"hexdata":"01040C009E01340000F54E000000835653"}

E/WifiModuleNet( 2465): send broad cast!{"modulemacaddr":"00:1F:55:2A:02:D6","moduletype":"485","portid":1,"subaction":"enviroinfo","action":"event","deviceloopmap":[{"currenttemp":30,"loopid":1,"humidity":15,"brandname":"HaiLinPm25","looptype":"iaq25","slaveaddr":1,"portid":1,"pm2_5":131}],"errorcode":0,"hexdata":"01040C009E01340000F54E000000835653"},7777

I/WifiModuleNet.java( 2333): writeLog() mLogCount:2137,Level:debug, Module:WifiModuleNet, File:WifiModuleNet.java,Line:1102, mContent:cube_control_signaling:,send broadcast:{"modulemacaddr":"00:1F:55:2A:02:D6","moduletype":"485","portid":1,"subaction":"enviroinfo","action":"event","deviceloopmap":[{"currenttemp":30,"loopid":1,"humidity":15,"brandname":"HaiLinPm25","looptype":"iaq25","slaveaddr":1,"portid":1,"pm2_5":131}],"errorcode":0,"hexdata":"01040C009E01340000F54E000000835653"}

I/Cube:ControlService( 2483): onReceive -- control..

D/Cube:ControlService( 2483): get cmd data, len = 313

D/Cube:ControlService( 2483): get cmd data, from:DATAFROMWIFIMODULE

D/SensingCommand( 2511): New SensingCommand, data: {"moduletype":"485","modulemacaddr":"00:1F:55:2A:02:D6","portid":1,"action":"event","subaction":"enviroinfo","deviceloopmap":[{"currenttemp":30,"loopid":1,"looptype":"iaq25","brandname":"HaiLinPm25","humidity":15,"slaveaddr":1,"portid":1,"pm2_5":131}],"errorcode":0,"hexdata":"01040C009E01340000F54E000000835653"}

I/ControlService.java( 2333): writeLog() mLogCount:2138,Level:debug, Module:Cube:ControlService, File:ControlService.java,Line:296, mContent:cube_control_signaling:,ControlService receive:{"modulemacaddr":"00:1F:55:2A:02:D6","moduletype":"485","portid":1,"subaction":"enviroinfo","action":"event","deviceloopmap":[{"currenttemp":30,"loopid":1,"humidity":15,"brandname":"HaiLinPm25","looptype":"iaq25","slaveaddr":1,"portid":1,"pm2_5":131}],"errorcode":0,"hexdata":"01040C009E01340000F54E000000835653"},,,1111111111

I/SecurityLogger.java( 2333): writeLog() mLogCount:2139,Level:debug, Module:SensingCommand, File:SecurityLogger.java,Line:43, mContent:New SensingCommand, data: {"moduletype":"485","modulemacaddr":"00:1F:55:2A:02:D6","portid":1,"action":"event","subaction":"enviroinfo","deviceloopmap":[{"currenttemp":30,"loopid":1,"looptype":"iaq25","brandname":"HaiLinPm25","humidity":15,"slaveaddr":1,"portid":1,"pm2_5":131}],"errorcode":0,"hexdata":"01040C009E01340000F54E000000835653"}

D/Cube:ControlService( 2483): Save json cmd data. true

D/Cube:ControlService( 2483): msg = {"moduletype":"485","modulemacaddr":"00:1F:55:2A:02:D6","portid":1,"action":"event","subaction":"enviroinfo","deviceloopmap":[{"currenttemp":30,"loopid":1,"looptype":"iaq25","brandname":"HaiLinPm25","humidity":15,"slaveaddr":1,"portid":1,"pm2_5":131}],"errorcode":0,"hexdata":"01040C009E01340000F54E000000835653"}

E/Cube:ControlService( 2483): ctl queue size 1:0

D/Cube:ControlService( 2483): que take, dev type:485

I/ControlService.java( 2333): writeLog() mLogCount:2140,Level:debug, Module:Cube:ControlService, File:ControlService.java,Line:296, mContent:cube_control_signaling:,take signal:{"moduletype":"485","modulemacaddr":"00:1F:55:2A:02:D6","portid":1,"action":"event","subaction":"enviroinfo","deviceloopmap":[{"currenttemp":30,"loopid":1,"looptype":"iaq25","brandname":"HaiLinPm25","humidity":15,"slaveaddr":1,"portid":1,"pm2_5":131}],"errorcode":0,"hexdata":"01040C009E01340000F54E000000835653"},,,1111111111

D/SensingHandler( 2511): handleEnvZoneStatusChanged....

I/SecurityLogger.java( 2333): writeLog() mLogCount:2140,Level:debug, Module:SensingHandler, File:SecurityLogger.java,Line:43, mContent:handleEnvZoneStatusChanged....

D/Cube:Serial485Handle( 2483): From:DATAFROMWIFIMODULE

E/zbhh--loop( 2511): {"currenttemp":30,"loopid":1,"looptype":"iaq25","brandname":"HaiLinPm25","humidity":15,"slaveaddr":1,"portid":1,"pm2_5":131}

E/zbhh--rule( 2511): keytypetemperature

E/zbhh--TriggerRule( 2511): forifrulesfrontdoor(Rule executed when door after opened.frontdoor)

E/zbhh--( 2511): zonefalsekeytypetemperaturemCondKeydooropen

E/zbhh--TriggerRule( 2511): forifrulesbackdoor(Rule executed when door after opened.backdoor)

E/zbhh--( 2511): zonefalsekeytypetemperaturemCondKeydooropen

E/zbhh--rules( 2511): rules0

E/zbhh--( 2511): 30

E/zbhh--rule( 2511): keytypehumidity

E/zbhh    ( 2420): primid1

E/zbhh--TriggerRule( 2511): forifrulesfrontdoor(Rule executed when door after opened.frontdoor)

E/zbhh--( 2511): zonefalsekeytypehumiditymCondKeydooropen

E/zbhh--TriggerRule( 2511): forifrulesbackdoor(Rule executed when door after opened.backdoor)

E/zbhh--( 2511): zonefalsekeytypehumiditymCondKeydooropen

E/zbhh--rules( 2511): rules0

E/zbhh--( 2511): 15

E/zbhh--rule( 2511): keytypepm2_5

E/zbhh    ( 2483): roomitem{"roomid":6,"loopid":1,"modulemacaddr":"00:1F:55:2A:02:D6","moduletype":"485","slaveaddr":1,"portid":1,"errorcode":0,"type":"humidity"}

E/zbhh    ( 2420): primid1

E/zbhh    ( 2483): roomitem{"roomid":6,"loopid":1,"modulemacaddr":"00:1F:55:2A:02:D6","moduletype":"485","slaveaddr":1,"portid":1,"errorcode":0,"type":"pm2_5"}

E/zbhhcur( 2483): 30

E/zbhh    ( 2420): primid1

E/zbhh--TriggerRule( 2511): forifrulesfrontdoor(Rule executed when door after opened.frontdoor)

E/zbhh--( 2511): zonefalsekeytypepm2_5mCondKeydooropen

E/zbhh--TriggerRule( 2511): forifrulesbackdoor(Rule executed when door after opened.backdoor)

E/zbhh--( 2511): zonefalsekeytypepm2_5mCondKeydooropen

E/zbhh--rules( 2511): rules0

D/dalvikvm( 2511): GC_CONCURRENT freed 404K, 10% free 4244K/4692K, paused 1ms+3ms, total 21ms

E/zbhh    ( 2483): roomitem{"roomid":6,"loopid":1,"modulemacaddr":"00:1F:55:2A:02:D6","moduletype":"485","slaveaddr":1,"portid":1,"errorcode":0,"type":"temperature"}

D/Cube:Serial485Handle( 2483): send 485 event:{"subaction":"deviceinfo","action":"event","deviceloopmap":[{"currenttemp":30,"loopid":1,"brandname":"HaiLinPm25","looptype":"iaq25","modulemacaddr":"00:1F:55:2A:02:D6","slaveaddr":1,"portid":1,"temp":30,"temperature":30}],"moduletype":"485"}

D/JsonServerResponseThrd( 2433): Try to send response for client:24

E/JsonHttpServicezbhh( 2407): JsonHttpService.JSONPacketPush() data:{"subaction":"deviceinfo","action":"event","deviceloopmap":[{"currenttemp":30,"loopid":1,"brandname":"HaiLinPm25","looptype":"iaq25","modulemacaddr":"00:1F:55:2A:02:D6","slaveaddr":1,"portid":1,"temp":30,"temperature":30}],"moduletype":"485"},,,11111111111

I/Utils.java( 2333): writeLog() mLogCount:2142,Level:debug, Module:JsonServerResponseThrd, File:Utils.java,Line:61, mContent:Try to send response for client:24

I/Utils.java( 2333): writeLog() mLogCount:2142,Level:error, Module:JsonHttpServicezbhh, File:Utils.java,Line:87, mContent:JsonHttpService.JSONPacketPush() data:{"subaction":"deviceinfo","action":"event","deviceloopmap":[{"currenttemp":30,"loopid":1,"brandname":"HaiLinPm25","looptype":"iaq25","modulemacaddr":"00:1F:55:2A:02:D6","slaveaddr":1,"portid":1,"temp":30,"temperature":30}],"moduletype":"485"},,,11111111111

D/WsCloudConnection( 2407): sending data:{"cubemessage":{"action":"event","subaction":"deviceinfo","deviceloopmap":[{"currenttemp":30,"loopid":1,"modulemacaddr":"00:1F:55:2A:02:D6","looptype":"iaq25","brandname":"HaiLinPm25","slaveaddr":1,"portid":1,"temp":30,"temperature":30}],"moduletype":"485"},"type":"Opaque"},,11111111111

D/JsonServerResponseThrd( 2433): PHONE_CUBE_PROTOCOL{"subaction":"deviceinfo","action":"event","deviceloopmap":[{"currenttemp":30,"loopid":1,"brandname":"HaiLinPm25","looptype":"iaq25","modulemacaddr":"00:1F:55:2A:02:D6","slaveaddr":1,"portid":1,"temp":30,"temperature":30}],"moduletype":"485"}

I/Utils.java( 2333): writeLog() mLogCount:2144,Level:debug, Module:WsCloudConnection, File:Utils.java,Line:100, mContent:sending data:{"cubemessage":{"action":"event","subaction":"deviceinfo","deviceloopmap":[{"currenttemp":30,"loopid":1,"modulemacaddr":"00:1F:55:2A:02:D6","looptype":"iaq25","brandname":"HaiLinPm25","slaveaddr":1,"portid":1,"temp":30,"temperature":30}],"moduletype":"485"},"type":"Opaque"},,11111111111

I/Utils.java( 2333): writeLog() mLogCount:2144,Level:debug, Module:JsonServerResponseThrd, File:Utils.java,Line:61, mContent:PHONE_CUBE_PROTOCOL{"subaction":"deviceinfo","action":"event","deviceloopmap":[{"currenttemp":30,"loopid":1,"brandname":"HaiLinPm25","looptype":"iaq25","modulemacaddr":"00:1F:55:2A:02:D6","slaveaddr":1,"portid":1,"temp":30,"temperature":30}],"moduletype":"485"}

D/JsonServerResponseThrd( 2433): JsontcpService: response:PHONE_CUBE_PROTOCOL{"subaction":"deviceinfo","action":"event","deviceloopmap":[{"currenttemp":30,"loopid":1,"brandname":"HaiLinPm25","looptype":"iaq25","modulemacaddr":"00:1F:55:2A:02:D6","slaveaddr":1,"portid":1,"temp":30,"temperature":30}],"moduletype":"485"},,1111111111111111111

E/Cube:ControlService( 2483): ctl queue size 2:0

D/JsonServerResponseThrd( 2433): Try to send response for client:27

I/Utils.java( 2333): writeLog() mLogCount:2146,Level:debug, Module:JsonServerResponseThrd, File:Utils.java,Line:61, mContent:Try to send response for client:27

D/JsonServerResponseThrd( 2433): PHONE_CUBE_PROTOCOL{"subaction":"deviceinfo","action":"event","deviceloopmap":[{"currenttemp":30,"loopid":1,"brandname":"HaiLinPm25","looptype":"iaq25","modulemacaddr":"00:1F:55:2A:02:D6","slaveaddr":1,"portid":1,"temp":30,"temperature":30}],"moduletype":"485"}

I/Utils.java( 2333): writeLog() mLogCount:2147,Level:debug, Module:JsonServerResponseThrd, File:Utils.java,Line:61, mContent:PHONE_CUBE_PROTOCOL{"subaction":"deviceinfo","action":"event","deviceloopmap":[{"currenttemp":30,"loopid":1,"brandname":"HaiLinPm25","looptype":"iaq25","modulemacaddr":"00:1F:55:2A:02:D6","slaveaddr":1,"portid":1,"temp":30,"temperature":30}],"moduletype":"485"}

D/JsonServerResponseThrd( 2433): JsontcpService: response:PHONE_CUBE_PROTOCOL{"subaction":"deviceinfo","action":"event","deviceloopmap":[{"currenttemp":30,"loopid":1,"brandname":"HaiLinPm25","looptype":"iaq25","modulemacaddr":"00:1F:55:2A:02:D6","slaveaddr":1,"portid":1,"temp":30,"temperature":30}],"moduletype":"485"},,1111111111111111111

D/JsonServerResponseThrd( 2433): Try to send response for client:28

I/Utils.java( 2333): writeLog() mLogCount:2148,Level:debug, Module:JsonServerResponseThrd, File:Utils.java,Line:61, mContent:Try to send response for client:28

D/JsonServerResponseThrd( 2433): PHONE_CUBE_PROTOCOL{"subaction":"deviceinfo","action":"event","deviceloopmap":[{"currenttemp":30,"loopid":1,"brandname":"HaiLinPm25","looptype":"iaq25","modulemacaddr":"00:1F:55:2A:02:D6","slaveaddr":1,"portid":1,"temp":30,"temperature":30}],"moduletype":"485"}

I/Utils.java( 2333): writeLog() mLogCount:2149,Level:debug, Module:JsonServerResponseThrd, File:Utils.java,Line:61, mContent:PHONE_CUBE_PROTOCOL{"subaction":"deviceinfo","action":"event","deviceloopmap":[{"currenttemp":30,"loopid":1,"brandname":"HaiLinPm25","looptype":"iaq25","modulemacaddr":"00:1F:55:2A:02:D6","slaveaddr":1,"portid":1,"temp":30,"temperature":30}],"moduletype":"485"}

D/JsonServerResponseThrd( 2433): JsontcpService: response:PHONE_CUBE_PROTOCOL{"subaction":"deviceinfo","action":"event","deviceloopmap":[{"currenttemp":30,"loopid":1,"brandname":"HaiLinPm25","looptype":"iaq25","modulemacaddr":"00:1F:55:2A:02:D6","slaveaddr":1,"portid":1,"temp":30,"temperature":30}],"moduletype":"485"},,1111111111111111111

D/JsonServerResponseThrd( 2433): Try to send response for client:14

I/Utils.java( 2333): writeLog() mLogCount:2150,Level:debug, Module:JsonServerResponseThrd, File:Utils.java,Line:61, mContent:Try to send response for client:14

D/JsonServerResponseThrd( 2433): PHONE_CUBE_PROTOCOL{"subaction":"deviceinfo","action":"event","deviceloopmap":[{"currenttemp":30,"loopid":1,"brandname":"HaiLinPm25","looptype":"iaq25","modulemacaddr":"00:1F:55:2A:02:D6","slaveaddr":1,"portid":1,"temp":30,"temperature":30}],"moduletype":"485"}

I/Utils.java( 2333): writeLog() mLogCount:2151,Level:debug, Module:JsonServerResponseThrd, File:Utils.java,Line:61, mContent:PHONE_CUBE_PROTOCOL{"subaction":"deviceinfo","action":"event","deviceloopmap":[{"currenttemp":30,"loopid":1,"brandname":"HaiLinPm25","looptype":"iaq25","modulemacaddr":"00:1F:55:2A:02:D6","slaveaddr":1,"portid":1,"temp":30,"temperature":30}],"moduletype":"485"}

D/JsonServerResponseThrd( 2433): JsontcpService: response:PHONE_CUBE_PROTOCOL{"subaction":"deviceinfo","action":"event","deviceloopmap":[{"currenttemp":30,"loopid":1,"brandname":"HaiLinPm25","looptype":"iaq25","modulemacaddr":"00:1F:55:2A:02:D6","slaveaddr":1,"portid":1,"temp":30,"temperature":30}],"moduletype":"485"},,1111111111111111111

I/p2p     ( 2497): CCMS:send CFR query cfrid=1003227

I/p2p     ( 2497): SendMucReq(): Addr:239.200.200.8:30777

I/p2p     ( 2577): CCMS:send CFR query cfrid=1003228

I/p2p     ( 2577): SendMucReq(): Addr:239.200.200.8:30777

I/p2p     ( 2577): UDPFwdTable:recv CFR query hit msg, cfrID=1003228, result=1

I/p2p     ( 2497): UDPFwdTable:recv CFR query hit msg, cfrID=1003227, result=1

I/p2p     ( 2497): CCMS:authority success!

W/p2p client( 2497): HandleCmEvent:: Server 123-206-203-42:3488 status is 1

I/Call Back( 2497): type:2, status=1

W/p2p client( 2497): HandleCmEvent:: create cfr status is 1003227

I/p2p     ( 2577): CCMS:authority success!

W/p2p client( 2577): HandleCmEvent:: Server 123-206-203-42:3488 status is 1

I/Call Back( 2577): type:2, status=1

W/p2p client( 2577): HandleCmEvent:: create cfr status is 1003228

D/ConnectivityService( 1988): mActiveDefaultNetwork = 9

D/ConnectivityService( 1988): Etherent Wifi Disguise

D/ConnectivityService( 1988): mActiveDefaultNetwork = 9

D/ConnectivityService( 1988): Etherent Wifi Disguise

D/dalvikvm( 2394): GC_CONCURRENT freed 436K, 12% free 4224K/4772K, paused 4ms+4ms, total 31ms

D/dalvikvm( 2394): WAIT_FOR_CONCURRENT_GC blocked 20ms

D/CommonUtils( 2394): getLocalIpAddr() ip:192.168.3.104

D/BroadCastUdp( 2394): Cube Udp Package String:{"MAF":"Honeywell","VER":"0.5.1.3","MAC":"00:1F:55:2A:05:82","Type":"HEJ-CUBE-S_2A0582","IP":"192.168.3.104"}has been send

I/Cube:DiscoveryService( 2394): Packet received from: 192.168.3.104, data len=109

I/Cube:DiscoveryService( 2394): Packet received; data: {"MAF":"Honeywell","VER":"0.5.1.3","MAC":"00:1F:55:2A:05:82","Type":"HEJ-CUBE-S_2A0582","IP":"192.168.3.104"}

I/Cube:DiscoveryService( 2394): Ready to receive broadcast packets!

E/Sensors ( 1988): int sensors_poll_context_t::pollEvents(sensors_event_t*, int):256

E/Sensors ( 1988): int sensors_poll_context_t::pollEvents(sensors_event_t*, int):270

E/Sensors ( 1988): int sensors_poll_context_t::pollEvents(sensors_event_t*, int):230

E/Sensors ( 1988): int sensors_poll_context_t::pollEvents(sensors_event_t*, int):233, readEvents(data,16), sensor:4, type:8

E/Sensors ( 1988): virtual int SensorHubInputSensor::readEvents(sensors_event_t*, int):179

E/Sensors ( 1988): virtual int SensorHubInputSensor::readEvents(sensors_event_t*, int):188

E/Sensors ( 1988): virtual int SensorHubInputSensor::readEvents(sensors_event_t*, int):190

E/Sensors ( 1988): virtual int SensorHubInputSensor::readEvents(sensors_event_t*, int):198

E/Sensors ( 1988): virtual int SensorHubInputSensor::readEvents(sensors_event_t*, int):200

E/Sensors ( 1988): virtual int SensorHubInputSensor::readEvents(sensors_event_t*, int):217

E/Sensors ( 1988): virtual int SensorHubInputSensor::readEvents(sensors_event_t*, int):200

E/Sensors ( 1988): virtual int SensorHubInputSensor::readEvents(sensors_event_t*, int):205

E/Sensors ( 1988): virtual int SensorHubInputSensor::readEvents(sensors_event_t*, int):217

E/Sensors ( 1988): virtual int SensorHubInputSensor::readEvents(sensors_event_t*, int):228

E/Sensors ( 1988): int sensors_poll_context_t::pollEvents(sensors_event_t*, int):235

E/Sensors ( 1988): int sensors_poll_context_t::pollEvents(sensors_event_t*, int):238

E/Sensors ( 1988): int sensors_poll_context_t::pollEvents(sensors_event_t*, int):242

E/Sensors ( 1988): int sensors_poll_context_t::pollEvents(sensors_event_t*, int):254

E/Sensors ( 1988): int sensors_poll_context_t::pollEvents(sensors_event_t*, int):256

E/Sensors ( 1988): int sensors_poll_context_t::pollEvents(sensors_event_t*, int):270

E/Sensors ( 1988): int sensors_poll_context_t::pollEvents(sensors_event_t*, int):230

E/Sensors ( 1988): int sensors_poll_context_t::pollEvents(sensors_event_t*, int):254

D/Cube:DiscoveryService( 2394): onSensorChanged() distance:11133.0,mNear=false,mDataBaseline:11135.0,,

I/Cube:DiscoveryService( 2394): onSensorChanged() distance:11133.0,mNear=false,mDataBaseline:11135.0,,,444444

D/IPC Service( 2577): map len:0

I/p2p     ( 2577): SendMucReq(): Addr:239.200.200.8:30777

I/p2p     ( 2497): SendMucReq(): Addr:239.200.200.8:30777

I/Cube:DiscoveryService( 2394): Packet received from: 192.168.3.107, data len=126

I/Cube:DiscoveryService( 2394): Packet received; data: { "Type": "HEJ-PORT-485_2A02BA", "IP": "192.168.3.107", "MAC": "00:1F:55:2A:02:BA", "MAF": "Honeywell", "VER": "0.1.7.3110" }

I/Cube:DiscoveryService( 2394): Ready to receive broadcast packets!

I/Cube:DiscoveryService( 2394): Packet received from: 192.168.3.107, data len=126

I/Cube:DiscoveryService( 2394): Packet received; data: { "Type": "HEJ-PORT-485_2A02BA", "IP": "192.168.3.107", "MAC": "00:1F:55:2A:02:BA", "MAF": "Honeywell", "VER": "0.1.7.3110" }

I/Cube:DiscoveryService( 2394): Ready to receive broadcast packets!

I/Cube:DiscoveryService( 2394): Packet received from: 192.168.3.66, data len=124

I/Cube:DiscoveryService( 2394): Packet received; data: { "Type": "HEJ-ALARM-8_2A03F8", "IP": "192.168.3.66", "MAC": "00:1F:55:2A:03:F8", "MAF": "Honeywell", "VER": "0.1.7.3110" }

I/Cube:DiscoveryService( 2394): Ready to receive broadcast packets!

I/Cube:DiscoveryService( 2394): Packet received from: 192.168.3.66, data len=124

I/Cube:DiscoveryService( 2394): Packet received; data: { "Type": "HEJ-ALARM-8_2A03F8", "IP": "192.168.3.66", "MAC": "00:1F:55:2A:03:F8", "MAF": "Honeywell", "VER": "0.1.7.3110" }

I/Cube:DiscoveryService( 2394): Ready to receive broadcast packets!

D/JsonServerThread( 2433): Read ret:84

I/Utils.java( 2333): writeLog() mLogCount:2152,Level:debug, Module:JsonServerThread, File:Utils.java,Line:61, mContent:Read ret:84

D/JsonBodyParse( 2433): cube_control_signaling:Local:start to parsebodyinfo: {"msgid":"heart","action":"request","subaction":"heartbeat"}

I/Utils.java( 2333): writeLog() mLogCount:2153,Level:debug, Module:JsonBodyParse, File:Utils.java,Line:61, mContent:cube_control_signaling:Local:start to parsebodyinfo: {"msgid":"heart","action":"request","subaction":"heartbeat"}

D/JsonServerThread( 2433): parseRecievedBuffer() strSubaction:heartbeat,data:{"msgid":"heart","action":"request","subaction":"heartbeat"},,,111111111111111111111111

D/JsonServerThread( 2433): parseRecievedBuffer() strSubaction:heartbeat,data:{"msgid":"heart","action":"request","subaction":"heartbeat"},,,111111111111111111111111

I/Utils.java( 2333): writeLog() mLogCount:2154,Level:debug, Module:JsonServerThread, File:Utils.java,Line:61, mContent:parseRecievedBuffer() strSubaction:heartbeat,data:{"msgid":"heart","action":"request","subaction":"heartbeat"},,,111111111111111111111111

D/JsonServerResponseThrd( 2433): Try to send response for client:27

I/Utils.java( 2333): writeLog() mLogCount:2155,Level:debug, Module:JsonServerResponseThrd, File:Utils.java,Line:61, mContent:Try to send response for client:27

D/JsonServerResponseThrd( 2433): PHONE_CUBE_PROTOCOLK{"subaction":"heartbeat","action":"response","msgid":"heart","errorcode":0}

I/Utils.java( 2333): writeLog() mLogCount:2156,Level:debug, Module:JsonServerResponseThrd, File:Utils.java,Line:61, mContent:PHONE_CUBE_PROTOCOLK{"subaction":"heartbeat","action":"response","msgid":"heart","errorcode":0}

D/JsonServerResponseThrd( 2433): JsontcpService: response:PHONE_CUBE_PROTOCOLK{"subaction":"heartbeat","action":"response","msgid":"heart","errorcode":0},,1111111111111111111

I/p2p     ( 2577): SendMucReq(): Addr:239.200.200.8:30777

I/p2p     ( 2497): SendMucReq(): Addr:239.200.200.8:30777

D/HDLBusPollingThread( 2452): Do polling for enviroment module status

D/JsonServerThread( 2433): Read ret:84

I/Utils.java( 2333): writeLog() mLogCount:2157,Level:debug, Module:JsonServerThread, File:Utils.java,Line:61, mContent:Read ret:84

D/JsonBodyParse( 2433): cube_control_signaling:Local:start to parsebodyinfo: {"msgid":"heart","action":"request","subaction":"heartbeat"}

I/Utils.java( 2333): writeLog() mLogCount:2158,Level:debug, Module:JsonBodyParse, File:Utils.java,Line:61, mContent:cube_control_signaling:Local:start to parsebodyinfo: {"msgid":"heart","action":"request","subaction":"heartbeat"}

D/JsonServerThread( 2433): parseRecievedBuffer() strSubaction:heartbeat,data:{"msgid":"heart","action":"request","subaction":"heartbeat"},,,111111111111111111111111

D/JsonServerThread( 2433): parseRecievedBuffer() strSubaction:heartbeat,data:{"msgid":"heart","action":"request","subaction":"heartbeat"},,,111111111111111111111111

I/Utils.java( 2333): writeLog() mLogCount:2159,Level:debug, Module:JsonServerThread, File:Utils.java,Line:61, mContent:parseRecievedBuffer() strSubaction:heartbeat,data:{"msgid":"heart","action":"request","subaction":"heartbeat"},,,111111111111111111111111

D/JsonServerResponseThrd( 2433): Try to send response for client:28

I/Utils.java( 2333): writeLog() mLogCount:2160,Level:debug, Module:JsonServerResponseThrd, File:Utils.java,Line:61, mContent:Try to send response for client:28

D/JsonServerResponseThrd( 2433): PHONE_CUBE_PROTOCOLK{"subaction":"heartbeat","action":"response","msgid":"heart","errorcode":0}

I/Utils.java( 2333): writeLog() mLogCount:2161,Level:debug, Module:JsonServerResponseThrd, File:Utils.java,Line:61, mContent:PHONE_CUBE_PROTOCOLK{"subaction":"heartbeat","action":"response","msgid":"heart","errorcode":0}

D/JsonServerResponseThrd( 2433): JsontcpService: response:PHONE_CUBE_PROTOCOLK{"subaction":"heartbeat","action":"response","msgid":"heart","errorcode":0},,1111111111111111111

E/Sensors ( 1988): int sensors_poll_context_t::pollEvents(sensors_event_t*, int):256

E/Sensors ( 1988): int sensors_poll_context_t::pollEvents(sensors_event_t*, int):270

E/Sensors ( 1988): int sensors_poll_context_t::pollEvents(sensors_event_t*, int):230

E/Sensors ( 1988): int sensors_poll_context_t::pollEvents(sensors_event_t*, int):233, readEvents(data,16), sensor:4, type:8

E/Sensors ( 1988): virtual int SensorHubInputSensor::readEvents(sensors_event_t*, int):179

E/Sensors ( 1988): virtual int SensorHubInputSensor::readEvents(sensors_event_t*, int):188

E/Sensors ( 1988): virtual int SensorHubInputSensor::readEvents(sensors_event_t*, int):190

E/Sensors ( 1988): virtual int SensorHubInputSensor::readEvents(sensors_event_t*, int):198

E/Sensors ( 1988): virtual int SensorHubInputSensor::readEvents(sensors_event_t*, int):200

E/Sensors ( 1988): virtual int SensorHubInputSensor::readEvents(sensors_event_t*, int):217

E/Sensors ( 1988): virtual int SensorHubInputSensor::readEvents(sensors_event_t*, int):200

E/Sensors ( 1988): virtual int SensorHubInputSensor::readEvents(sensors_event_t*, int):205

E/Sensors ( 1988): virtual int SensorHubInputSensor::readEvents(sensors_event_t*, int):217

E/Sensors ( 1988): virtual int SensorHubInputSensor::readEvents(sensors_event_t*, int):228

E/Sensors ( 1988): int sensors_poll_context_t::pollEvents(sensors_event_t*, int):235

E/Sensors ( 1988): int sensors_poll_context_t::pollEvents(sensors_event_t*, int):238

E/Sensors ( 1988): int sensors_poll_context_t::pollEvents(sensors_event_t*, int):242

E/Sensors ( 1988): int sensors_poll_context_t::pollEvents(sensors_event_t*, int):254

E/Sensors ( 1988): int sensors_poll_context_t::pollEvents(sensors_event_t*, int):256

E/Sensors ( 1988): int sensors_poll_context_t::pollEvents(sensors_event_t*, int):270

E/Sensors ( 1988): int sensors_poll_context_t::pollEvents(sensors_event_t*, int):230

E/Sensors ( 1988): int sensors_poll_context_t::pollEvents(sensors_event_t*, int):254

D/Cube:DiscoveryService( 2394): onSensorChanged() distance:11134.0,mNear=false,mDataBaseline:11135.0,,

I/Cube:DiscoveryService( 2394): onSensorChanged() distance:11134.0,mNear=false,mDataBaseline:11135.0,,,444444

I/WiFiIR  ( 2452): jObj =  null

D/WiFiIR  ( 2452): cur time:199088638, lastSearchTime =199078637

I/WiFiIR  ( 2452): ret:{"code":0,"msg":"Execute success","list":[]}

I/WiFiIR  ( 2452): code=0,msg=Execute success

I/p2p     ( 2577): SendMucReq(): Addr:239.200.200.8:30777

I/p2p     ( 2497): SendMucReq(): Addr:239.200.200.8:30777

D/WifiModuleNet( 2465): sendHeartBeat() 

D/WifiModule.Util( 2465): Util.java wrapArroudData body length=65,,,,


I/WifiModuleNet.java( 2333): writeLog() mLogCount:2162,Level:warning, Module:WifiModuleNet, File:WifiModuleNet.java,Line:1102, mContent:cube_control_signaling:192.168.3.191:data=HON_HS_CUBEA\==!7{@39~g9BrZ2y:nL0^bfT,,

D/WifiModuleNet( 2465): WriteThread::::::send request:ControlCommandInfo:mRequestId:-1JsonData:HON_HS_CUBEA\==!7{@39~g9BrZ2y:nL0^bfTWifiModuleNet [mIpAddr=192.168.3.191, mMacAddr=00:1F:55:2A:01:A7, mInit=true, mModuleType=relay, mPort=9000]

D/WifiModuleNet( 2465): this time receive origin:HON_HS_CUBEI\:p#gj]3a|i8Wxz[bT}u^fUwoLVw8}+,,,,,,

E/WifiModuleNet( 2465): total nowString:HON_HS_CUBEI\:p#gj]3a|i8Wxz[bT}u^fUwoLVw8}+,,,,,,22222

I/WifiModuleNet( 2465): receive bodylength:73,,,3333

I/WifiModuleNet( 2465): oneReceiveStr2:{ "action": "response", "subaction": "heartbeat", "moduletype": "relay" },,,5555

