D/ConnectivityService( 1988): Etherent Wifi Disguise

D/ConnectivityService( 1988): mActiveDefaultNetwork = 9

D/ConnectivityService( 1988): Etherent Wifi Disguise

D/ConnectivityService( 1988): mActiveDefaultNetwork = 9

D/ConnectivityService( 1988): Etherent Wifi Disguise

D/ConnectivityService( 1988): mActiveDefaultNetwork = 9

D/ConnectivityService( 1988): Etherent Wifi Disguise

D/ConnectivityService( 1988): mActiveDefaultNetwork = 9

D/ConnectivityService( 1988): Etherent Wifi Disguise

D/ConnectivityService( 1988): mActiveDefaultNetwork = 9

D/ConnectivityService( 1988): Etherent Wifi Disguise

D/ConnectivityService( 1988): mActiveDefaultNetwork = 9

D/ConnectivityService( 1988): Etherent Wifi Disguise

D/ConnectivityService( 1988): mActiveDefaultNetwork = 9

D/ConnectivityService( 1988): Etherent Wifi Disguise

D/ConnectivityService( 1988): mActiveDefaultNetwork = 9

D/ConnectivityService( 1988): Etherent Wifi Disguise

D/ConnectivityService( 1988): mActiveDefaultNetwork = 9

D/ConnectivityService( 1988): Etherent Wifi Disguise

D/ConnectivityService( 1988): mActiveDefaultNetwork = 9

D/ConnectivityService( 1988): Etherent Wifi Disguise

D/ConnectivityService( 1988): mActiveDefaultNetwork = 9

D/ConnectivityService( 1988): Etherent Wifi Disguise

D/ConnectivityService( 1988): mActiveDefaultNetwork = 9

D/ConnectivityService( 1988): Etherent Wifi Disguise

D/ConnectivityService( 1988): mActiveDefaultNetwork = 9

D/ConnectivityService( 1988): Etherent Wifi Disguise

D/ConnectivityService( 1988): mActiveDefaultNetwork = 9

D/ConnectivityService( 1988): Etherent Wifi Disguise

D/ConnectivityService( 1988): mActiveDefaultNetwork = 9

D/ConnectivityService( 1988): Etherent Wifi Disguise

D/ConnectivityService( 1988): mActiveDefaultNetwork = 9

D/ConnectivityService( 1988): Etherent Wifi Disguise

D/ConnectivityService( 1988): mActiveDefaultNetwork = 9

D/ConnectivityService( 1988): Etherent Wifi Disguise

D/ConnectivityService( 1988): mActiveDefaultNetwork = 9

D/ConnectivityService( 1988): Etherent Wifi Disguise

D/ConnectivityService( 1988): mActiveDefaultNetwork = 9

D/ConnectivityService( 1988): Etherent Wifi Disguise

D/ConnectivityService( 1988): mActiveDefaultNetwork = 9

D/ConnectivityService( 1988): Etherent Wifi Disguise

D/ConnectivityService( 1988): mActiveDefaultNetwork = 9

D/ConnectivityService( 1988): Etherent Wifi Disguise

D/ConnectivityService( 1988): mActiveDefaultNetwork = 9

D/ConnectivityService( 1988): Etherent Wifi Disguise

D/ConnectivityService( 1988): mActiveDefaultNetwork = 9

D/ConnectivityService( 1988): Etherent Wifi Disguise

D/ConnectivityService( 1988): mActiveDefaultNetwork = 9

D/ConnectivityService( 1988): Etherent Wifi Disguise

D/ConnectivityService( 1988): mActiveDefaultNetwork = 9

D/ConnectivityService( 1988): Etherent Wifi Disguise

D/ConnectivityService( 1988): mActiveDefaultNetwork = 9

D/ConnectivityService( 1988): Etherent Wifi Disguise

D/ConnectivityService( 1988): mActiveDefaultNetwork = 9

D/ConnectivityService( 1988): Etherent Wifi Disguise

D/ConnectivityService( 1988): mActiveDefaultNetwork = 9

D/ConnectivityService( 1988): Etherent Wifi Disguise

D/ConnectivityService( 1988): mActiveDefaultNetwork = 9

D/ConnectivityService( 1988): Etherent Wifi Disguise

D/ConnectivityService( 1988): mActiveDefaultNetwork = 9

D/ConnectivityService( 1988): Etherent Wifi Disguise

D/ConnectivityService( 1988): mActiveDefaultNetwork = 9

D/ConnectivityService( 1988): Etherent Wifi Disguise

D/ConnectivityService( 1988): mActiveDefaultNetwork = 9

D/ConnectivityService( 1988): Etherent Wifi Disguise

D/ConnectivityService( 1988): mActiveDefaultNetwork = 9

D/ConnectivityService( 1988): Etherent Wifi Disguise

D/ConnectivityService( 1988): mActiveDefaultNetwork = 9

D/ConnectivityService( 1988): Etherent Wifi Disguise

D/ConnectivityService( 1988): mActiveDefaultNetwork = 9

D/ConnectivityService( 1988): Etherent Wifi Disguise

D/ConnectivityService( 1988): mActiveDefaultNetwork = 9

D/ConnectivityService( 1988): Etherent Wifi Disguise

D/ConnectivityService( 1988): mActiveDefaultNetwork = 9

D/ConnectivityService( 1988): Etherent Wifi Disguise

D/ConnectivityService( 1988): mActiveDefaultNetwork = 9

D/ConnectivityService( 1988): Etherent Wifi Disguise

D/ConnectivityService( 1988): mActiveDefaultNetwork = 9

D/ConnectivityService( 1988): Etherent Wifi Disguise

D/ConnectivityService( 1988): mActiveDefaultNetwork = 9

D/ConnectivityService( 1988): Etherent Wifi Disguise

D/ConnectivityService( 1988): mActiveDefaultNetwork = 9

D/ConnectivityService( 1988): Etherent Wifi Disguise

D/ConnectivityService( 1988): mActiveDefaultNetwork = 9

D/ConnectivityService( 1988): Etherent Wifi Disguise

D/ConnectivityService( 1988): mActiveDefaultNetwork = 9

D/ConnectivityService( 1988): Etherent Wifi Disguise

D/ConnectivityService( 1988): mActiveDefaultNetwork = 9

D/ConnectivityService( 1988): Etherent Wifi Disguise

D/ConnectivityService( 1988): mActiveDefaultNetwork = 9

D/ConnectivityService( 1988): Etherent Wifi Disguise

D/ConnectivityService( 1988): mActiveDefaultNetwork = 9

D/ConnectivityService( 1988): Etherent Wifi Disguise

D/ConnectivityService( 1988): mActiveDefaultNetwork = 9

D/ConnectivityService( 1988): Etherent Wifi Disguise

D/ConnectivityService( 1988): mActiveDefaultNetwork = 9

D/ConnectivityService( 1988): Etherent Wifi Disguise

D/ConnectivityService( 1988): mActiveDefaultNetwork = 9

D/ConnectivityService( 1988): Etherent Wifi Disguise

D/ConnectivityService( 1988): mActiveDefaultNetwork = 9

D/ConnectivityService( 1988): Etherent Wifi Disguise

D/ConnectivityService( 1988): mActiveDefaultNetwork = 9

D/ConnectivityService( 1988): Etherent Wifi Disguise

D/ConnectivityService( 1988): mActiveDefaultNetwork = 9

D/ConnectivityService( 1988): Etherent Wifi Disguise

D/ConnectivityService( 1988): mActiveDefaultNetwork = 9

D/ConnectivityService( 1988): Etherent Wifi Disguise

D/ConnectivityService( 1988): mActiveDefaultNetwork = 9

D/ConnectivityService( 1988): Etherent Wifi Disguise

D/ConnectivityService( 1988): mActiveDefaultNetwork = 9

D/ConnectivityService( 1988): Etherent Wifi Disguise

D/ConnectivityService( 1988): mActiveDefaultNetwork = 9

D/ConnectivityService( 1988): Etherent Wifi Disguise

D/ConnectivityService( 1988): mActiveDefaultNetwork = 9

D/ConnectivityService( 1988): Etherent Wifi Disguise

D/ConnectivityService( 1988): mActiveDefaultNetwork = 9

D/ConnectivityService( 1988): Etherent Wifi Disguise

D/ConnectivityService( 1988): mActiveDefaultNetwork = 9

D/ConnectivityService( 1988): Etherent Wifi Disguise

D/ConnectivityService( 1988): mActiveDefaultNetwork = 9

D/ConnectivityService( 1988): Etherent Wifi Disguise

D/ConnectivityService( 1988): mActiveDefaultNetwork = 9

D/ConnectivityService( 1988): Etherent Wifi Disguise

D/ConnectivityService( 1988): mActiveDefaultNetwork = 9

D/ConnectivityService( 1988): Etherent Wifi Disguise

D/ConnectivityService( 1988): mActiveDefaultNetwork = 9

D/ConnectivityService( 1988): Etherent Wifi Disguise

D/ConnectivityService( 1988): mActiveDefaultNetwork = 9

D/ConnectivityService( 1988): Etherent Wifi Disguise

D/ConnectivityService( 1988): mActiveDefaultNetwork = 9

D/ConnectivityService( 1988): Etherent Wifi Disguise

D/ConnectivityService( 1988): mActiveDefaultNetwork = 9

D/ConnectivityService( 1988): Etherent Wifi Disguise

D/ConnectivityService( 1988): mActiveDefaultNetwork = 9

D/ConnectivityService( 1988): Etherent Wifi Disguise

D/ConnectivityService( 1988): mActiveDefaultNetwork = 9

D/ConnectivityService( 1988): Etherent Wifi Disguise

D/ConnectivityService( 1988): mActiveDefaultNetwork = 9

D/ConnectivityService( 1988): Etherent Wifi Disguise

D/ConnectivityService( 1988): mActiveDefaultNetwork = 9

D/ConnectivityService( 1988): Etherent Wifi Disguise

D/ConnectivityService( 1988): mActiveDefaultNetwork = 9

D/ConnectivityService( 1988): Etherent Wifi Disguise

D/ConnectivityService( 1988): mActiveDefaultNetwork = 9

D/ConnectivityService( 1988): Etherent Wifi Disguise

D/ConnectivityService( 1988): mActiveDefaultNetwork = 9

D/ConnectivityService( 1988): Etherent Wifi Disguise

--------- beginning of /dev/log/main

D/JsonHttpService( 2407): start to feedDog!!!!!

D/Cube:ServicesMonitor( 2552): feedDog() intent:com.honeywell.cubebase.jsonhttpadapter.JsonHttpService,,monitor:MonitorInfo [mIntentAction=com.honeywell.cubebase.jsonhttpadapter.JsonHttpService, mFeedTime=199034581],,,11111111

D/Cube:ControlService( 2483): start to feedDog!!!!!

D/Cube:ServicesMonitor( 2552): feedDog() intent:com.honeywell.cubebase.controlcenter.ControlService,,monitor:MonitorInfo [mIntentAction=com.honeywell.cubebase.controlcenter.ControlService, mFeedTime=199034583],,,11111111

D/Cube:JsonTcpService( 2433): start to feedDog!!!!!

D/Cube:ServicesMonitor( 2552): feedDog() intent:com.honeywell.cubebase.jsontcpadapter.JsonTcpService,,monitor:MonitorInfo [mIntentAction=com.honeywell.cubebase.jsontcpadapter.JsonTcpService, mFeedTime=199034603],,,11111111

D/SensingService( 2511): startFeedDog() sensingService 1111111

D/Cube:ServicesMonitor( 2552): feedDog() intent:com.honeywell.cubebase.sensingcenter.SensingService,,monitor:MonitorInfo [mIntentAction=com.honeywell.cubebase.sensingcenter.SensingService, mFeedTime=199034643],,,11111111

D/Cube:CallService( 2497): start to feedDog!!!!!

D/Cube:ServicesMonitor( 2552): feedDog() intent:com.honeywell.cubebase.callcenter.CallService,,monitor:null,,,11111111

D/ExtensionTelService( 2525): start to feedDog!!!!!

D/Cube:ServicesMonitor( 2552): feedDog() intent:com.honeywell.cubebase.extteladapter.ExtensionTelService,,monitor:MonitorInfo [mIntentAction=com.honeywell.cubebase.extteladapter.ExtensionTelService, mFeedTime=199034755],,,11111111

D/Cube:ServicesMonitor( 2552): ScheduleCheckTask() nowTime:199034766,ServiceCount:12,111111!!

D/Cube:ServicesMonitor( 2552): ScheduleCheckTask() nowTime:199034766,monitorInfo:MonitorInfo [mIntentAction=com.honeywell.cubebase.thirdpartyadapter.ThirdPartyServiceManager, mFeedTime=199034532],,22222222

D/Cube:ServicesMonitor( 2552): ScheduleCheckTask() nowTime:199034766,monitorInfo:MonitorInfo [mIntentAction=com.honeywell.cubebase.controlcenter.ControlService, mFeedTime=199034583],,22222222

D/Cube:ServicesMonitor( 2552): ScheduleCheckTask() nowTime:199034766,monitorInfo:MonitorInfo [mIntentAction=com.honeywell.cubebase.wifimodule.WifiModuleService, mFeedTime=198979550],,22222222

D/Cube:ServicesMonitor( 2552): ScheduleCheckTask() nowTime:199034766,monitorInfo:MonitorInfo [mIntentAction=com.honeywell.cubebase.voicerecogadapter.VoiceRecogService, mFeedTime=199017389],,22222222

D/Cube:ServicesMonitor( 2552): ScheduleCheckTask() nowTime:199034766,monitorInfo:MonitorInfo [mIntentAction=com.honeywell.cubebase.ipcadapter.IPCService, mFeedTime=198974971],,22222222

D/Cube:ServicesMonitor( 2552): ScheduleCheckTask() nowTime:199034766,monitorInfo:MonitorInfo [mIntentAction=com.honeywell.cubebase.jsontcpadapter.JsonTcpService, mFeedTime=199034603],,22222222

D/Cube:ServicesMonitor( 2552): ScheduleCheckTask() nowTime:199034766,monitorInfo:MonitorInfo [mIntentAction=com.honeywell.cubebase.discoveryadapter.DiscoveryService, mFeedTime=199015186],,22222222

D/Cube:ServicesMonitor( 2552): ScheduleCheckTask() nowTime:199034766,monitorInfo:MonitorInfo [mIntentAction=com.honeywell.cubebase.sensingcenter.SensingService, mFeedTime=199034643],,22222222

D/Cube:ServicesMonitor( 2552): ScheduleCheckTask() nowTime:199034766,monitorInfo:MonitorInfo [mIntentAction=com.honeywell.cubebase.misc.MiscService, mFeedTime=199034580],,22222222

D/Cube:ServicesMonitor( 2552): ScheduleCheckTask() nowTime:199034766,monitorInfo:MonitorInfo [mIntentAction=com.honeywell.cubebase.configcenter.ConfigService, mFeedTime=198975231],,22222222

D/Cube:ServicesMonitor( 2552): ScheduleCheckTask() nowTime:199034766,monitorInfo:MonitorInfo [mIntentAction=com.honeywell.cubebase.extteladapter.ExtensionTelService, mFeedTime=199034755],,22222222

D/Cube:ServicesMonitor( 2552): ScheduleCheckTask() nowTime:199034766,monitorInfo:MonitorInfo [mIntentAction=com.honeywell.cubebase.jsonhttpadapter.JsonHttpService, mFeedTime=199034581],,22222222

D/IPC Service( 2577): start to feedDog!!!!!

D/Cube:ServicesMonitor( 2552): feedDog() intent:com.honeywell.cubebase.ipcadapter.IPCService,,monitor:MonitorInfo [mIntentAction=com.honeywell.cubebase.ipcadapter.IPCService, mFeedTime=199034971],,,11111111

D/Cube:DiscoveryService( 2394): start to feedDog!!!!!

D/Cube:ServicesMonitor( 2552): feedDog() intent:com.honeywell.cubebase.discoveryadapter.DiscoveryService,,monitor:MonitorInfo [mIntentAction=com.honeywell.cubebase.discoveryadapter.DiscoveryService, mFeedTime=199035186],,,11111111

D/Cube:ConfigService( 2420): start to feedDog!!!!!

D/Cube:ServicesMonitor( 2552): feedDog() intent:com.honeywell.cubebase.configcenter.ConfigService,,monitor:MonitorInfo [mIntentAction=com.honeywell.cubebase.configcenter.ConfigService, mFeedTime=199035231],,,11111111

D/IPC Service( 2577): map len:0

I/p2p     ( 2497): SendMucReq(): Addr:239.200.200.8:30777

I/p2p     ( 2577): SendMucReq(): Addr:239.200.200.8:30777

E/Sensors ( 1988): int sensors_poll_context_t::pollEvents(sensors_event_t*, int):256

E/Sensors ( 1988): int sensors_poll_context_t::pollEvents(sensors_event_t*, int):270

E/Sensors ( 1988): int sensors_poll_context_t::pollEvents(sensors_event_t*, int):230

E/Sensors ( 1988): int sensors_poll_context_t::pollEvents(sensors_event_t*, int):233, readEvents(data,16), sensor:4, type:8

E/Sensors ( 1988): virtual int SensorHubInputSensor::readEvents(sensors_event_t*, int):179

E/Sensors ( 1988): virtual int SensorHubInputSensor::readEvents(sensors_event_t*, int):188

E/Sensors ( 1988): virtual int SensorHubInputSensor::readEvents(sensors_event_t*, int):190

E/Sensors ( 1988): virtual int SensorHubInputSensor::readEvents(sensors_event_t*, int):198

E/Sensors ( 1988): virtual int SensorHubInputSensor::readEvents(sensors_event_t*, int):200

E/Sensors ( 1988): virtual int SensorHubInputSensor::readEvents(sensors_event_t*, int):217

E/Sensors ( 1988): virtual int SensorHubInputSensor::readEvents(sensors_event_t*, int):200

E/Sensors ( 1988): virtual int SensorHubInputSensor::readEvents(sensors_event_t*, int):205

E/Sensors ( 1988): virtual int SensorHubInputSensor::readEvents(sensors_event_t*, int):217

E/Sensors ( 1988): virtual int SensorHubInputSensor::readEvents(sensors_event_t*, int):228

E/Sensors ( 1988): int sensors_poll_context_t::pollEvents(sensors_event_t*, int):235

E/Sensors ( 1988): int sensors_poll_context_t::pollEvents(sensors_event_t*, int):238

E/Sensors ( 1988): int sensors_poll_context_t::pollEvents(sensors_event_t*, int):242

E/Sensors ( 1988): int sensors_poll_context_t::pollEvents(sensors_event_t*, int):254

E/Sensors ( 1988): int sensors_poll_context_t::pollEvents(sensors_event_t*, int):256

E/Sensors ( 1988): int sensors_poll_context_t::pollEvents(sensors_event_t*, int):270

E/Sensors ( 1988): int sensors_poll_context_t::pollEvents(sensors_event_t*, int):230

E/Sensors ( 1988): int sensors_poll_context_t::pollEvents(sensors_event_t*, int):254

D/Cube:DiscoveryService( 2394): onSensorChanged() distance:11134.0,mNear=false,mDataBaseline:11137.077,,

I/Cube:DiscoveryService( 2394): onSensorChanged() distance:11134.0,mNear=false,mDataBaseline:11137.077,,,444444

I/Cube:DiscoveryService( 2394): Packet received from: 192.168.3.107, data len=126

I/Cube:DiscoveryService( 2394): Packet received; data: { "Type": "HEJ-PORT-485_2A02BA", "IP": "192.168.3.107", "MAC": "00:1F:55:2A:02:BA", "MAF": "Honeywell", "VER": "0.1.7.3110" }

I/Cube:DiscoveryService( 2394): Ready to receive broadcast packets!

I/Cube:DiscoveryService( 2394): Packet received from: 192.168.3.107, data len=126

I/Cube:DiscoveryService( 2394): Packet received; data: { "Type": "HEJ-PORT-485_2A02BA", "IP": "192.168.3.107", "MAC": "00:1F:55:2A:02:BA", "MAF": "Honeywell", "VER": "0.1.7.3110" }

I/Cube:DiscoveryService( 2394): Ready to receive broadcast packets!

I/Cube:DiscoveryService( 2394): Packet received from: 192.168.3.66, data len=124

I/Cube:DiscoveryService( 2394): Packet received; data: { "Type": "HEJ-ALARM-8_2A03F8", "IP": "192.168.3.66", "MAC": "00:1F:55:2A:03:F8", "MAF": "Honeywell", "VER": "0.1.7.3110" }

I/Cube:DiscoveryService( 2394): Ready to receive broadcast packets!

I/Cube:DiscoveryService( 2394): Packet received from: 192.168.3.66, data len=124

I/Cube:DiscoveryService( 2394): Packet received; data: { "Type": "HEJ-ALARM-8_2A03F8", "IP": "192.168.3.66", "MAC": "00:1F:55:2A:03:F8", "MAF": "Honeywell", "VER": "0.1.7.3110" }

I/Cube:DiscoveryService( 2394): Ready to receive broadcast packets!

E/Sensors ( 1988): int sensors_poll_context_t::pollEvents(sensors_event_t*, int):256

E/Sensors ( 1988): int sensors_poll_context_t::pollEvents(sensors_event_t*, int):270

E/Sensors ( 1988): int sensors_poll_context_t::pollEvents(sensors_event_t*, int):230

E/Sensors ( 1988): int sensors_poll_context_t::pollEvents(sensors_event_t*, int):233, readEvents(data,16), sensor:4, type:8

E/Sensors ( 1988): virtual int SensorHubInputSensor::readEvents(sensors_event_t*, int):179

E/Sensors ( 1988): virtual int SensorHubInputSensor::readEvents(sensors_event_t*, int):188

E/Sensors ( 1988): virtual int SensorHubInputSensor::readEvents(sensors_event_t*, int):190

E/Sensors ( 1988): virtual int SensorHubInputSensor::readEvents(sensors_event_t*, int):198

E/Sensors ( 1988): virtual int SensorHubInputSensor::readEvents(sensors_event_t*, int):200

E/Sensors ( 1988): virtual int SensorHubInputSensor::readEvents(sensors_event_t*, int):217

E/Sensors ( 1988): virtual int SensorHubInputSensor::readEvents(sensors_event_t*, int):200

E/Sensors ( 1988): virtual int SensorHubInputSensor::readEvents(sensors_event_t*, int):205

E/Sensors ( 1988): virtual int SensorHubInputSensor::readEvents(sensors_event_t*, int):217

E/Sensors ( 1988): virtual int SensorHubInputSensor::readEvents(sensors_event_t*, int):228

E/Sensors ( 1988): int sensors_poll_context_t::pollEvents(sensors_event_t*, int):235

E/Sensors ( 1988): int sensors_poll_context_t::pollEvents(sensors_event_t*, int):238

E/Sensors ( 1988): int sensors_poll_context_t::pollEvents(sensors_event_t*, int):242

E/Sensors ( 1988): int sensors_poll_context_t::pollEvents(sensors_event_t*, int):254

E/Sensors ( 1988): int sensors_poll_context_t::pollEvents(sensors_event_t*, int):256

E/Sensors ( 1988): int sensors_poll_context_t::pollEvents(sensors_event_t*, int):270

E/Sensors ( 1988): int sensors_poll_context_t::pollEvents(sensors_event_t*, int):230

E/Sensors ( 1988): int sensors_poll_context_t::pollEvents(sensors_event_t*, int):254

D/Cube:DiscoveryService( 2394): onSensorChanged() distance:11136.0,mNear=false,mDataBaseline:11137.077,,

I/Cube:DiscoveryService( 2394): onSensorChanged() distance:11136.0,mNear=false,mDataBaseline:11137.077,,,444444

I/p2p     ( 2497): SendMucReq(): Addr:239.200.200.8:30777

I/p2p     ( 2577): SendMucReq(): Addr:239.200.200.8:30777

D/WifiModuleNet( 2465): HailinQueryTest() 1111111111111111

D/WifiModule.Util( 2465): generateIaqHaiLinQuery() json:{"subaction":"request","action":"request","moduletype":"485","hexdata":"0104000000067008","portid":1}

D/WifiModule.Util( 2465): Util.java wrapArroudData body length=101,,,,


I/WifiModuleNet.java( 2333): writeLog() mLogCount:2017,Level:warning, Module:WifiModuleNet, File:WifiModuleNet.java,Line:1102, mContent:cube_control_signaling:192.168.3.135:data=HON_HS_CUBEePCx\;+134sFxUJu1FxWmm@wO)c3Uc:xDgQe7,,

D/WifiModuleNet( 2465): WriteThread::::::send request:ControlCommandInfo:mRequestId:-1JsonData:HON_HS_CUBEePCx\;+134sFxUJu1FxWmm@wO)c3Uc:xDgQe7WifiModuleNet [mIpAddr=192.168.3.135, mMacAddr=00:1F:55:2A:02:D6, mInit=true, mModuleType=485, mPort=9000]

D/WifiModuleNet( 2465): this time receive origin:HON_HS_CUBEE`J:+13w~dQ
d\h?C%=B=Rh)~b*j"MT
</>fK5/gieEPR6,,,,,,

E/WifiModuleNet( 2465): total nowString:HON_HS_CUBEE`J:+13w~dQ
d\h?C%=B=Rh)~b*j"MT
</>fK5/gieEPR6,,,,,,22222

I/WifiModuleNet( 2465): receive bodylength:147,,,3333

I/WifiModuleNet( 2465): oneReceiveStr2:{ "action": "response", "subaction": "request", "moduletype": "485", "portid": 1, "errorcode": 0, "hexdata": "01040C009E01340000F54E0000007C1613" },,,5555

D/WifiModuleNet( 2465): receives response:WifiModuleNet [mIpAddr=192.168.3.135, mMacAddr=00:1F:55:2A:02:D6, mInit=true, mModuleType=485, mPort=9000]{ "action": "response", "subaction": "request", "moduletype": "485", "portid": 1, "errorcode": 0, "hexdata": "01040C009E01340000F54E0000007C1613" },,,

I/WifiModuleNet.java( 2333): writeLog() mLogCount:2018,Level:debug, Module:WifiModuleNet, File:WifiModuleNet.java,Line:1102, mContent:cube_control_signaling:parseBodyInfo():WifiModuleNet [mIpAddr=192.168.3.135, mMacAddr=00:1F:55:2A:02:D6, mInit=true, mModuleType=485, mPort=9000]{ "action": "response", "subaction": "request", "moduletype": "485", "portid": 1, "errorcode": 0, "hexdata": "01040C009E01340000F54E0000007C1613" }

D/dalvikvm( 2420): GC_CONCURRENT freed 378K, 9% free 4478K/4912K, paused 3ms+6ms, total 32ms

D/dalvikvm( 2420): WAIT_FOR_CONCURRENT_GC blocked 17ms

D/Cube:ConfigService( 2420): getWifi485LoopConfigByMac() json:{"subaction":"configdevice","action":"request","portmap":[{"deviceloopmap":[{"prity":"none","loopid":1,"brandname":"HaiLinPm25","looptype":"iaq25","slaveaddr":1,"databit":"8","stopbit":"1","format":{"time":"3"},"flowctl":"none","baudrate":"9600","function":"request"}],"portid":1}],"moduletype":"485"}

E/zbaoloopType( 2465): iaq25looptype

E/zbaoIAQ25( 2465): 01040C009E01340000F54E0000007C1613

E/zbaohumidity( 2465): 15

E/zbaopm25( 2465): 124

E/zbaotemperature( 2465): 30

E/zbao    ( 2465): { "action": "response", "subaction": "request", "moduletype": "485", "portid": 1, "errorcode": 0, "hexdata": "01040C009E01340000F54E0000007C1613" }

E/zbao( 2465): {"modulemacaddr":"00:1F:55:2A:02:D6","moduletype":"485","portid":1,"subaction":"enviroinfo","action":"event","deviceloopmap":[{"currenttemp":30,"loopid":1,"humidity":15,"brandname":"HaiLinPm25","looptype":"iaq25","slaveaddr":1,"portid":1,"pm2_5":124}],"errorcode":0,"hexdata":"01040C009E01340000F54E0000007C1613"}

E/WifiModuleNet( 2465): send broad cast!{"modulemacaddr":"00:1F:55:2A:02:D6","moduletype":"485","portid":1,"subaction":"enviroinfo","action":"event","deviceloopmap":[{"currenttemp":30,"loopid":1,"humidity":15,"brandname":"HaiLinPm25","looptype":"iaq25","slaveaddr":1,"portid":1,"pm2_5":124}],"errorcode":0,"hexdata":"01040C009E01340000F54E0000007C1613"},7777

I/WifiModuleNet.java( 2333): writeLog() mLogCount:2019,Level:debug, Module:WifiModuleNet, File:WifiModuleNet.java,Line:1102, mContent:cube_control_signaling:,send broadcast:{"modulemacaddr":"00:1F:55:2A:02:D6","moduletype":"485","portid":1,"subaction":"enviroinfo","action":"event","deviceloopmap":[{"currenttemp":30,"loopid":1,"humidity":15,"brandname":"HaiLinPm25","looptype":"iaq25","slaveaddr":1,"portid":1,"pm2_5":124}],"errorcode":0,"hexdata":"01040C009E01340000F54E0000007C1613"}

I/Cube:ControlService( 2483): onReceive -- control..

D/Cube:ControlService( 2483): get cmd data, len = 313

D/Cube:ControlService( 2483): get cmd data, from:DATAFROMWIFIMODULE

D/SensingCommand( 2511): New SensingCommand, data: {"moduletype":"485","modulemacaddr":"00:1F:55:2A:02:D6","portid":1,"action":"event","subaction":"enviroinfo","deviceloopmap":[{"currenttemp":30,"loopid":1,"looptype":"iaq25","brandname":"HaiLinPm25","humidity":15,"slaveaddr":1,"portid":1,"pm2_5":124}],"errorcode":0,"hexdata":"01040C009E01340000F54E0000007C1613"}

I/ControlService.java( 2333): writeLog() mLogCount:2020,Level:debug, Module:Cube:ControlService, File:ControlService.java,Line:296, mContent:cube_control_signaling:,ControlService receive:{"modulemacaddr":"00:1F:55:2A:02:D6","moduletype":"485","portid":1,"subaction":"enviroinfo","action":"event","deviceloopmap":[{"currenttemp":30,"loopid":1,"humidity":15,"brandname":"HaiLinPm25","looptype":"iaq25","slaveaddr":1,"portid":1,"pm2_5":124}],"errorcode":0,"hexdata":"01040C009E01340000F54E0000007C1613"},,,1111111111

I/SecurityLogger.java( 2333): writeLog() mLogCount:2021,Level:debug, Module:SensingCommand, File:SecurityLogger.java,Line:43, mContent:New SensingCommand, data: {"moduletype":"485","modulemacaddr":"00:1F:55:2A:02:D6","portid":1,"action":"event","subaction":"enviroinfo","deviceloopmap":[{"currenttemp":30,"loopid":1,"looptype":"iaq25","brandname":"HaiLinPm25","humidity":15,"slaveaddr":1,"portid":1,"pm2_5":124}],"errorcode":0,"hexdata":"01040C009E01340000F54E0000007C1613"}

D/Cube:ControlService( 2483): Save json cmd data. true

D/Cube:ControlService( 2483): msg = {"moduletype":"485","modulemacaddr":"00:1F:55:2A:02:D6","portid":1,"action":"event","subaction":"enviroinfo","deviceloopmap":[{"currenttemp":30,"loopid":1,"looptype":"iaq25","brandname":"HaiLinPm25","humidity":15,"slaveaddr":1,"portid":1,"pm2_5":124}],"errorcode":0,"hexdata":"01040C009E01340000F54E0000007C1613"}

E/Cube:ControlService( 2483): ctl queue size 1:0

D/Cube:ControlService( 2483): que take, dev type:485

D/SensingHandler( 2511): handleEnvZoneStatusChanged....

I/ControlService.java( 2333): writeLog() mLogCount:2022,Level:debug, Module:Cube:ControlService, File:ControlService.java,Line:296, mContent:cube_control_signaling:,take signal:{"moduletype":"485","modulemacaddr":"00:1F:55:2A:02:D6","portid":1,"action":"event","subaction":"enviroinfo","deviceloopmap":[{"currenttemp":30,"loopid":1,"looptype":"iaq25","brandname":"HaiLinPm25","humidity":15,"slaveaddr":1,"portid":1,"pm2_5":124}],"errorcode":0,"hexdata":"01040C009E01340000F54E0000007C1613"},,,1111111111

I/SecurityLogger.java( 2333): writeLog() mLogCount:2022,Level:debug, Module:SensingHandler, File:SecurityLogger.java,Line:43, mContent:handleEnvZoneStatusChanged....

D/Cube:Serial485Handle( 2483): From:DATAFROMWIFIMODULE

E/zbhh--loop( 2511): {"currenttemp":30,"loopid":1,"looptype":"iaq25","brandname":"HaiLinPm25","humidity":15,"slaveaddr":1,"portid":1,"pm2_5":124}

E/zbhh--rule( 2511): keytypetemperature

E/zbhh--TriggerRule( 2511): forifrulesfrontdoor(Rule executed when door after opened.frontdoor)

E/zbhh--( 2511): zonefalsekeytypetemperaturemCondKeydooropen

E/zbhh--TriggerRule( 2511): forifrulesbackdoor(Rule executed when door after opened.backdoor)

E/zbhh--( 2511): zonefalsekeytypetemperaturemCondKeydooropen

E/zbhh--rules( 2511): rules0

E/zbhh--( 2511): 30

E/zbhh--rule( 2511): keytypehumidity

E/zbhh--TriggerRule( 2511): forifrulesfrontdoor(Rule executed when door after opened.frontdoor)

E/zbhh--( 2511): zonefalsekeytypehumiditymCondKeydooropen

E/zbhh--TriggerRule( 2511): forifrulesbackdoor(Rule executed when door after opened.backdoor)

E/zbhh--( 2511): zonefalsekeytypehumiditymCondKeydooropen

E/zbhh--rules( 2511): rules0

E/zbhh--( 2511): 15

E/zbhh--rule( 2511): keytypepm2_5

E/zbhh    ( 2420): primid1

E/zbhh--TriggerRule( 2511): forifrulesfrontdoor(Rule executed when door after opened.frontdoor)

E/zbhh--( 2511): zonefalsekeytypepm2_5mCondKeydooropen

E/zbhh--TriggerRule( 2511): forifrulesbackdoor(Rule executed when door after opened.backdoor)

E/zbhh--( 2511): zonefalsekeytypepm2_5mCondKeydooropen

E/zbhh--rules( 2511): rules0

E/zbhh    ( 2483): roomitem{"roomid":6,"loopid":1,"modulemacaddr":"00:1F:55:2A:02:D6","moduletype":"485","slaveaddr":1,"portid":1,"errorcode":0,"type":"humidity"}

E/zbhh    ( 2420): primid1

E/zbhh    ( 2483): roomitem{"roomid":6,"loopid":1,"modulemacaddr":"00:1F:55:2A:02:D6","moduletype":"485","slaveaddr":1,"portid":1,"errorcode":0,"type":"pm2_5"}

E/zbhhcur( 2483): 30

E/zbhh    ( 2420): primid1

E/zbhh    ( 2483): roomitem{"roomid":6,"loopid":1,"modulemacaddr":"00:1F:55:2A:02:D6","moduletype":"485","slaveaddr":1,"portid":1,"errorcode":0,"type":"temperature"}

D/Cube:Serial485Handle( 2483): send 485 event:{"subaction":"deviceinfo","action":"event","deviceloopmap":[{"currenttemp":30,"loopid":1,"brandname":"HaiLinPm25","looptype":"iaq25","modulemacaddr":"00:1F:55:2A:02:D6","slaveaddr":1,"portid":1,"temp":30,"temperature":30}],"moduletype":"485"}

D/JsonServerResponseThrd( 2433): Try to send response for client:24

I/Utils.java( 2333): writeLog() mLogCount:2024,Level:debug, Module:JsonServerResponseThrd, File:Utils.java,Line:61, mContent:Try to send response for client:24

E/JsonHttpServicezbhh( 2407): JsonHttpService.JSONPacketPush() data:{"subaction":"deviceinfo","action":"event","deviceloopmap":[{"currenttemp":30,"loopid":1,"brandname":"HaiLinPm25","looptype":"iaq25","modulemacaddr":"00:1F:55:2A:02:D6","slaveaddr":1,"portid":1,"temp":30,"temperature":30}],"moduletype":"485"},,,11111111111

I/Utils.java( 2333): writeLog() mLogCount:2024,Level:error, Module:JsonHttpServicezbhh, File:Utils.java,Line:87, mContent:JsonHttpService.JSONPacketPush() data:{"subaction":"deviceinfo","action":"event","deviceloopmap":[{"currenttemp":30,"loopid":1,"brandname":"HaiLinPm25","looptype":"iaq25","modulemacaddr":"00:1F:55:2A:02:D6","slaveaddr":1,"portid":1,"temp":30,"temperature":30}],"moduletype":"485"},,,11111111111

D/JsonServerResponseThrd( 2433): PHONE_CUBE_PROTOCOL{"subaction":"deviceinfo","action":"event","deviceloopmap":[{"currenttemp":30,"loopid":1,"brandname":"HaiLinPm25","looptype":"iaq25","modulemacaddr":"00:1F:55:2A:02:D6","slaveaddr":1,"portid":1,"temp":30,"temperature":30}],"moduletype":"485"}

I/Utils.java( 2333): writeLog() mLogCount:2026,Level:debug, Module:JsonServerResponseThrd, File:Utils.java,Line:61, mContent:PHONE_CUBE_PROTOCOL{"subaction":"deviceinfo","action":"event","deviceloopmap":[{"currenttemp":30,"loopid":1,"brandname":"HaiLinPm25","looptype":"iaq25","modulemacaddr":"00:1F:55:2A:02:D6","slaveaddr":1,"portid":1,"temp":30,"temperature":30}],"moduletype":"485"}

D/WsCloudConnection( 2407): sending data:{"cubemessage":{"action":"event","subaction":"deviceinfo","deviceloopmap":[{"currenttemp":30,"loopid":1,"modulemacaddr":"00:1F:55:2A:02:D6","looptype":"iaq25","brandname":"HaiLinPm25","slaveaddr":1,"portid":1,"temp":30,"temperature":30}],"moduletype":"485"},"type":"Opaque"},,11111111111

D/JsonServerResponseThrd( 2433): JsontcpService: response:PHONE_CUBE_PROTOCOL{"subaction":"deviceinfo","action":"event","deviceloopmap":[{"currenttemp":30,"loopid":1,"brandname":"HaiLinPm25","looptype":"iaq25","modulemacaddr":"00:1F:55:2A:02:D6","slaveaddr":1,"portid":1,"temp":30,"temperature":30}],"moduletype":"485"},,1111111111111111111

D/JsonServerResponseThrd( 2433): Try to send response for client:27

I/Utils.java( 2333): writeLog() mLogCount:2027,Level:debug, Module:WsCloudConnection, File:Utils.java,Line:100, mContent:sending data:{"cubemessage":{"action":"event","subaction":"deviceinfo","deviceloopmap":[{"currenttemp":30,"loopid":1,"modulemacaddr":"00:1F:55:2A:02:D6","looptype":"iaq25","brandname":"HaiLinPm25","slaveaddr":1,"portid":1,"temp":30,"temperature":30}],"moduletype":"485"},"type":"Opaque"},,11111111111

I/Utils.java( 2333): writeLog() mLogCount:2027,Level:debug, Module:JsonServerResponseThrd, File:Utils.java,Line:61, mContent:Try to send response for client:27

D/JsonServerResponseThrd( 2433): PHONE_CUBE_PROTOCOL{"subaction":"deviceinfo","action":"event","deviceloopmap":[{"currenttemp":30,"loopid":1,"brandname":"HaiLinPm25","looptype":"iaq25","modulemacaddr":"00:1F:55:2A:02:D6","slaveaddr":1,"portid":1,"temp":30,"temperature":30}],"moduletype":"485"}

I/Utils.java( 2333): writeLog() mLogCount:2029,Level:debug, Module:JsonServerResponseThrd, File:Utils.java,Line:61, mContent:PHONE_CUBE_PROTOCOL{"subaction":"deviceinfo","action":"event","deviceloopmap":[{"currenttemp":30,"loopid":1,"brandname":"HaiLinPm25","looptype":"iaq25","modulemacaddr":"00:1F:55:2A:02:D6","slaveaddr":1,"portid":1,"temp":30,"temperature":30}],"moduletype":"485"}

E/Cube:ControlService( 2483): ctl queue size 2:0

D/JsonServerResponseThrd( 2433): JsontcpService: response:PHONE_CUBE_PROTOCOL{"subaction":"deviceinfo","action":"event","deviceloopmap":[{"currenttemp":30,"loopid":1,"brandname":"HaiLinPm25","looptype":"iaq25","modulemacaddr":"00:1F:55:2A:02:D6","slaveaddr":1,"portid":1,"temp":30,"temperature":30}],"moduletype":"485"},,1111111111111111111

D/JsonServerResponseThrd( 2433): Try to send response for client:28

I/Utils.java( 2333): writeLog() mLogCount:2030,Level:debug, Module:JsonServerResponseThrd, File:Utils.java,Line:61, mContent:Try to send response for client:28

D/JsonServerResponseThrd( 2433): PHONE_CUBE_PROTOCOL{"subaction":"deviceinfo","action":"event","deviceloopmap":[{"currenttemp":30,"loopid":1,"brandname":"HaiLinPm25","looptype":"iaq25","modulemacaddr":"00:1F:55:2A:02:D6","slaveaddr":1,"portid":1,"temp":30,"temperature":30}],"moduletype":"485"}

I/Utils.java( 2333): writeLog() mLogCount:2031,Level:debug, Module:JsonServerResponseThrd, File:Utils.java,Line:61, mContent:PHONE_CUBE_PROTOCOL{"subaction":"deviceinfo","action":"event","deviceloopmap":[{"currenttemp":30,"loopid":1,"brandname":"HaiLinPm25","looptype":"iaq25","modulemacaddr":"00:1F:55:2A:02:D6","slaveaddr":1,"portid":1,"temp":30,"temperature":30}],"moduletype":"485"}

D/JsonServerResponseThrd( 2433): JsontcpService: response:PHONE_CUBE_PROTOCOL{"subaction":"deviceinfo","action":"event","deviceloopmap":[{"currenttemp":30,"loopid":1,"brandname":"HaiLinPm25","looptype":"iaq25","modulemacaddr":"00:1F:55:2A:02:D6","slaveaddr":1,"portid":1,"temp":30,"temperature":30}],"moduletype":"485"},,1111111111111111111

D/JsonServerResponseThrd( 2433): Try to send response for client:14

I/Utils.java( 2333): writeLog() mLogCount:2032,Level:debug, Module:JsonServerResponseThrd, File:Utils.java,Line:61, mContent:Try to send response for client:14

D/JsonServerResponseThrd( 2433): PHONE_CUBE_PROTOCOL{"subaction":"deviceinfo","action":"event","deviceloopmap":[{"currenttemp":30,"loopid":1,"brandname":"HaiLinPm25","looptype":"iaq25","modulemacaddr":"00:1F:55:2A:02:D6","slaveaddr":1,"portid":1,"temp":30,"temperature":30}],"moduletype":"485"}

I/Utils.java( 2333): writeLog() mLogCount:2033,Level:debug, Module:JsonServerResponseThrd, File:Utils.java,Line:61, mContent:PHONE_CUBE_PROTOCOL{"subaction":"deviceinfo","action":"event","deviceloopmap":[{"currenttemp":30,"loopid":1,"brandname":"HaiLinPm25","looptype":"iaq25","modulemacaddr":"00:1F:55:2A:02:D6","slaveaddr":1,"portid":1,"temp":30,"temperature":30}],"moduletype":"485"}

D/JsonServerResponseThrd( 2433): JsontcpService: response:PHONE_CUBE_PROTOCOL{"subaction":"deviceinfo","action":"event","deviceloopmap":[{"currenttemp":30,"loopid":1,"brandname":"HaiLinPm25","looptype":"iaq25","modulemacaddr":"00:1F:55:2A:02:D6","slaveaddr":1,"portid":1,"temp":30,"temperature":30}],"moduletype":"485"},,1111111111111111111

D/HDLBusPollingThread( 2452): Do polling for enviroment module status

I/p2p     ( 2497): SendMucReq(): Addr:239.200.200.8:30777

I/p2p     ( 2577): SendMucReq(): Addr:239.200.200.8:30777

I/WiFiIR  ( 2452): jObj =  null

D/WiFiIR  ( 2452): cur time:199038633, lastSearchTime =199028632

I/WiFiIR  ( 2452): ret:{"code":0,"msg":"Execute success","list":[]}

I/WiFiIR  ( 2452): code=0,msg=Execute success

D/JsonServerThread( 2433): Read ret:178

I/Utils.java( 2333): writeLog() mLogCount:2034,Level:debug, Module:JsonServerThread, File:Utils.java,Line:61, mContent:Read ret:178

D/JsonBodyParse( 2433): cube_control_signaling:Local:start to parsebodyinfo: {"msgid":"11","action":"request","subaction":"setdevice","deviceloopmap":[{"status":"off","fanspeed":"high","settemp":26,"mode":"cooling","uuid":"0076"}]}

I/Utils.java( 2333): writeLog() mLogCount:2035,Level:debug, Module:JsonBodyParse, File:Utils.java,Line:61, mContent:cube_control_signaling:Local:start to parsebodyinfo: {"msgid":"11","action":"request","subaction":"setdevice","deviceloopmap":[{"status":"off","fanspeed":"high","settemp":26,"mode":"cooling","uuid":"0076"}]}

D/JsonServerThread( 2433): parseRecievedBuffer() strSubaction:setdevice,data:{"msgid":"11","action":"request","subaction":"setdevice","deviceloopmap":[{"status":"off","fanspeed":"high","settemp":26,"mode":"cooling","uuid":"0076"}]},,,111111111111111111111111

D/JsonServerThread( 2433): parseRecievedBuffer() strSubaction:setdevice,data:{"msgid":"11","action":"request","subaction":"setdevice","deviceloopmap":[{"status":"off","fanspeed":"high","settemp":26,"mode":"cooling","uuid":"0076"}]},,,111111111111111111111111

I/Utils.java( 2333): writeLog() mLogCount:2036,Level:debug, Module:JsonServerThread, File:Utils.java,Line:61, mContent:parseRecievedBuffer() strSubaction:setdevice,data:{"msgid":"11","action":"request","subaction":"setdevice","deviceloopmap":[{"status":"off","fanspeed":"high","settemp":26,"mode":"cooling","uuid":"0076"}]},,,111111111111111111111111

D/JsonBodyParse( 2433): JsonTcpService:broadCastTcpCommand() {"msgid":"11","action":"request","subaction":"setdevice","deviceloopmap":[{"status":"off","fanspeed":"high","settemp":26,"mode":"cooling","uuid":"0076"}]},,,,,,1111111111111111

D/JsonBodyParse( 2433): JsonTcpService:broadCastTcpCommand() {"msgid":"11","action":"request","subaction":"setdevice","deviceloopmap":[{"status":"off","fanspeed":"high","settemp":26,"mode":"cooling","uuid":"0076"}]},,,,,,1111111111111111

I/Utils.java( 2333): writeLog() mLogCount:2037,Level:debug, Module:JsonBodyParse, File:Utils.java,Line:61, mContent:JsonTcpService:broadCastTcpCommand() {"msgid":"11","action":"request","subaction":"setdevice","deviceloopmap":[{"status":"off","fanspeed":"high","settemp":26,"mode":"cooling","uuid":"0076"}]},,,,,,1111111111111111

I/MiscService( 2438): onReceive -- misc control..

I/Cube:ControlService( 2483): onReceive -- control..

D/Cube:ControlService( 2483): get cmd data, len = 154

D/Cube:ControlService( 2483): get cmd data, from:DATAFROMLAN

D/MiscService( 2438): json:{"subaction":"setdevice","action":"request","deviceloopmap":[{"fanspeed":"high","uuid":"0076","settemp":26,"status":"off","mode":"cooling"}],"msgid":"11"}

I/ControlService.java( 2333): writeLog() mLogCount:2038,Level:debug, Module:Cube:ControlService, File:ControlService.java,Line:296, mContent:cube_control_signaling:,ControlService receive:{"msgid":"11","action":"request","subaction":"setdevice","deviceloopmap":[{"status":"off","fanspeed":"high","settemp":26,"mode":"cooling","uuid":"0076"}]},,,1111111111

D/Cube:ControlService( 2483): Save json cmd data. true

D/Cube:ControlService( 2483): msg = {"subaction":"setdevice","action":"request","deviceloopmap":[{"fanspeed":"high","uuid":"0076","settemp":26,"status":"off","mode":"cooling"}],"msgid":"11"}

E/Cube:ControlService( 2483): ctl queue size 1:0

D/Cube:CommonHandler( 2483): com cmd data:{"subaction":"setdevice","action":"request","deviceloopmap":[{"fanspeed":"high","uuid":"0076","settemp":26,"status":"off","mode":"cooling"}],"msgid":"11"}

E/zbhhstrSubaction( 2483): setdevice

I/Cube:CommonHandler( 2483): module info={"roomid":6,"loopid":2,"brandname":"hitachi","looptype":"aircondition","moduletype":"485","modulemacaddr":"00:1F:55:2A:02:D4","roomname":"","slaveaddr":1,"portid":2,"aliasname":"","commonname":"2","uuid":"0073277e791-f8f9-4e5b-98e1-8e556f737ad3","moduleipaddr":"192.168.3.133"}

E/zbhhtemp( 2420): 26

D/dalvikvm( 2438): GC_CONCURRENT freed 388K, 10% free 4135K/4564K, paused 2ms+3ms, total 29ms

E/zbhhcpmtf...( 2420): c1poffmnulltnullfnullrequestCmd00 16 00 00 00 FF FF FF FF 12

E/zbhhcpmtf...( 2420): c1ponmnulltnullfnullrequestCmd00 16 00 00 01 FF FF FF FF 13

E/zbhhcpmtf...( 2420): c1ponmventilationtnullfnullrequestCmd00 16 00 00 FF 03 FF FF FF 15

E/zbhhcpmtf...( 2420): c1ponmautotnullfnullrequestCmd00 16 00 00 FF 02 FF FF FF 14

E/zbhhcpmtf...( 2420): c1ponmheatingtnullfnullrequestCmd00 16 00 00 FF 04 FF FF FF 16

E/zbhhcpmtf...( 2420): c1ponmcoolingtnullfnullrequestCmd00 16 00 00 FF 02 FF FF FF 14

E/zbhhcpmtf...( 2420): c1ponmnulltnullfautorequestCmd00 16 00 00 FF FF 06 FF FF 18

E/zbhhcpmtf...( 2420): c1ponmnulltnullflowrequestCmd00 16 00 00 FF FF 05 FF FF 17

E/zbhhcpmtf...( 2420): c1ponmnulltnullfmiddlerequestCmd00 16 00 00 FF FF 06 FF FF 18

E/zbhhcpmtf...( 2420): c1ponmnulltnullfhighrequestCmd00 16 00 00 FF FF 07 FF FF 19

E/zbhhcpmtf...( 2420): c1ponmnullt19fnullrequestCmd00 16 00 00 FF FF FF FF 13 25

E/zbhhcpmtf...( 2420): c1ponmnullt20fnullrequestCmd00 16 00 00 FF FF FF FF 14 26

E/zbhhcpmtf...( 2420): c1ponmnullt21fnullrequestCmd00 16 00 00 FF FF FF FF 15 27

E/zbhhcpmtf...( 2420): c1ponmnullt22fnullrequestCmd00 16 00 00 FF FF FF FF 16 28

E/zbhhcpmtf...( 2420): c1ponmnullt23fnullrequestCmd00 16 00 00 FF FF FF FF 17 29

E/zbhhcpmtf...( 2420): c1ponmnullt24fnullrequestCmd00 16 00 00 FF FF FF FF 18 2A

E/zbhhcpmtf...( 2420): c1ponmnullt25fnullrequestCmd00 16 00 00 FF FF FF FF 19 2B

E/zbhhcpmtf...( 2420): c1ponmnullt26fnullrequestCmd00 16 00 00 FF FF FF FF 1A 2C

E/zbhhcpmtf...( 2420): c1ponmnullt27fnullrequestCmd00 16 00 00 FF FF FF FF 1B 2D

E/zbhhcpmtf...( 2420): c1ponmnullt28fnullrequestCmd00 16 00 00 FF FF FF FF 1C 2E

E/zbhhcpmtf...( 2420): c1ponmnullt29fnullrequestCmd00 16 00 00 FF FF FF FF 1D 2F

E/zbhhcpmtf...( 2420): c1ponmnullt30fnullrequestCmd00 16 00 00 FF FF FF FF 1E 30

E/zbhhcpmtf...( 2420): c2poffmnulltnullfnullrequestCmd00 16 00 01 00 FF FF FF FF 13

E/zbhhcpmtf...( 2420): c2ponmnulltnullfnullrequestCmd00 16 00 01 01 FF FF FF FF 14

E/zbhhcpmtf...( 2420): c2ponmventilationtnullfnullrequestCmd00 16 00 01 FF 03 FF FF FF 16

E/zbhhcpmtf...( 2420): c2ponmautotnullfnullrequestCmd00 16 00 01 FF 02 FF FF FF 15

E/zbhhcpmtf...( 2420): c2ponmheatingtnullfnullrequestCmd00 16 00 01 FF 04 FF FF FF 17

E/zbhhcpmtf...( 2420): c2ponmcoolingtnullfnullrequestCmd00 16 00 01 FF 02 FF FF FF 15

E/zbhhcpmtf...( 2420): c2ponmnulltnullfautorequestCmd00 16 00 01 FF FF 06 FF FF 19

E/zbhhcpmtf...( 2420): c2ponmnulltnullflowrequestCmd00 16 00 01 FF FF 05 FF FF 18

E/zbhhcpmtf...( 2420): c2ponmnulltnullfmiddlerequestCmd00 16 00 01 FF FF 06 FF FF 19

E/zbhhcpmtf...( 2420): c2ponmnulltnullfhighrequestCmd00 16 00 01 FF FF 07 FF FF 1A

E/zbhhcpmtf...( 2420): c2ponmnullt19fnullrequestCmd00 16 00 01 FF FF FF FF 13 26

E/zbhhcpmtf...( 2420): c2ponmnullt20fnullrequestCmd00 16 00 01 FF FF FF FF 14 27

E/zbhhcpmtf...( 2420): c2ponmnullt21fnullrequestCmd00 16 00 01 FF FF FF FF 15 28

E/zbhhcpmtf...( 2420): c2ponmnullt22fnullrequestCmd00 16 00 01 FF FF FF FF 16 29

E/zbhhcpmtf...( 2420): c2ponmnullt23fnullrequestCmd00 16 00 01 FF FF FF FF 17 2A

E/zbhhcpmtf...( 2420): c2ponmnullt24fnullrequestCmd00 16 00 01 FF FF FF FF 18 2B

E/zbhhcpmtf...( 2420): c2ponmnullt25fnullrequestCmd00 16 00 01 FF FF FF FF 19 2C

E/zbhhcpmtf...( 2420): c2ponmnullt26fnullrequestCmd00 16 00 01 FF FF FF FF 1A 2D

E/zbhhcpmtf...( 2420): c2ponmnullt27fnullrequestCmd00 16 00 01 FF FF FF FF 1B 2E

E/zbhhcpmtf...( 2420): c2ponmnullt28fnullrequestCmd00 16 00 01 FF FF FF FF 1C 2F

E/zbhhcpmtf...( 2420): c2ponmnullt29fnullrequestCmd00 16 00 01 FF FF FF FF 1D 30

E/zbhhcpmtf...( 2420): c2ponmnullt30fnullrequestCmd00 16 00 01 FF FF FF FF 1E 31

I/Cube:CommonHandler( 2483): sendTransferSet transfer info:{"fanspeed":"high","looptype":"aircondition","brandname":"hitachi","controlprotocol":"new","status":"off","portid":2,"deviceloopmap":[{"ResponseValue":"AA","ResponseMask":"00 00 00 00 00 00 FF 00","ModeCombine":"Power,Mode,Temperature,FunSpeed","Request":"00 16 00 01 00 FF FF FF FF 13"}],"moduleipaddr":"192.168.3.133","mode":"cooling","roomid":6,"loopid":2,"roomname":"","modulemacaddr":"00:1F:55:2A:02:D4","moduletype":"485","slaveaddr":1,"aliasname":"","uuid":"0076","settemp":26}

D/sendNewRequestByMac( 2483): sendNewRequestByMac,macAddr =  00:1F:55:2A:02:D4

I/ControlService.java( 2333): writeLog() mLogCount:2039,Level:debug, Module:Cube:ControlService, File:ControlService.java,Line:296, mContent:cube_control_signaling:00:1F:55:2A:02:D4,sendNewRequestByMac:{"subaction":"request","action":"request","moduletype":"485","hexdata":"0016000100FFFFFFFF13","portid":2}

I/WifiModuleService.java( 2333): writeLog() mLogCount:2040,Level:debug, Module:WifiModuleService, File:WifiModuleService.java,Line:297, mContent:cube_control_signaling:00:1F:55:2A:02:D4:sendNewRequestByMac() 

I/WifiModuleService.java( 2333): writeLog() mLogCount:2041,Level:debug, Module:WifiModuleService, File:WifiModuleService.java,Line:297, mContent:insertToSocketProcessQueue() WifiModuleNet [mIpAddr=192.168.3.133, mMacAddr=00:1F:55:2A:02:D4, mInit=true, mModuleType=485, mPort=9000]

I/WifiModuleService.java( 2333): writeLog() mLogCount:2042,Level:warning, Module:WifiModuleService, File:WifiModuleService.java,Line:297, mContent:cube_control_signaling:insertToSocketProcessQueue() no fixstring,so add!!

D/WifiModuleService( 2465): insertToSocketProcessQueue() no fixstring,so add!!

D/WifiModule.Util( 2465): Util.java wrapArroudData body length=105,,,,


E/zbhhiret( 2483): 0

E/Cube:ControlService( 2483): ctl queue size 3:1

I/WifiModuleNet.java( 2333): writeLog() mLogCount:2043,Level:warning, Module:WifiModuleNet, File:WifiModuleNet.java,Line:1102, mContent:cube_control_signaling:192.168.3.133:data=HON_HS_CUBEi+H^T\uL|999>9WURTu:+?R(.(@R|Dw6@#);K0f.g%6K	T,fAc>dIJ,,

D/WifiModuleNet( 2465): WriteThread::::::send request:ControlCommandInfo:mRequestId:1199JsonData:HON_HS_CUBEi+H^T\uL|999>9WURTu:+?R(.(@R|Dw6@#);K0f.g%6K	T,fAc>dIJWifiModuleNet [mIpAddr=192.168.3.133, mMacAddr=00:1F:55:2A:02:D4, mInit=true, mModuleType=485, mPort=9000]

D/WifiModuleNet( 2465): this time receive origin:HON_HS_CUBE+JUIW1;
89})VXH2ol.Mnwo%1'|cjc

D/WifiModuleNet( 2465): 0,lw$A

D/WifiModuleNet( 2465): HHEuW}AeHNV1SrP IrN,,,,,,

E/WifiModuleNet( 2465): total nowString:HON_HS_CUBE+JUIW1;
89})VXH2ol.Mnwo%1'|cjc

E/WifiModuleNet( 2465): 0,lw$A

E/WifiModuleNet( 2465): HHEuW}AeHNV1SrP IrN,,,,,,22222

I/WifiModuleNet( 2465): receive bodylength:129,,,3333

I/WifiModuleNet( 2465): oneReceiveStr2:{ "action": "response", "subaction": "request", "moduletype": "485", "portid": 2, "errorcode": 0, "hexdata": "33CC00160001AAC0" },,,5555

D/WifiModuleNet( 2465): receives response:WifiModuleNet [mIpAddr=192.168.3.133, mMacAddr=00:1F:55:2A:02:D4, mInit=true, mModuleType=485, mPort=9000]{ "action": "response", "subaction": "request", "moduletype": "485", "portid": 2, "errorcode": 0, "hexdata": "33CC00160001AAC0" },,,

I/WifiModuleNet.java( 2333): writeLog() mLogCount:2044,Level:debug, Module:WifiModuleNet, File:WifiModuleNet.java,Line:1102, mContent:cube_control_signaling:parseBodyInfo():WifiModuleNet [mIpAddr=192.168.3.133, mMacAddr=00:1F:55:2A:02:D4, mInit=true, mModuleType=485, mPort=9000]{ "action": "response", "subaction": "request", "moduletype": "485", "portid": 2, "errorcode": 0, "hexdata": "33CC00160001AAC0" }

D/WifiModuleNet( 2465): response requestId=1199WifiModuleNet [mIpAddr=192.168.3.133, mMacAddr=00:1F:55:2A:02:D4, mInit=true, mModuleType=485, mPort=9000]

E/WifiModuleNet( 2465): send broad cast!{ "action": "response", "subaction": "request", "moduletype": "485", "portid": 2, "errorcode": 0, "hexdata": "33CC00160001AAC0" },7777

I/WifiModuleNet.java( 2333): writeLog() mLogCount:2045,Level:debug, Module:WifiModuleNet, File:WifiModuleNet.java,Line:1102, mContent:cube_control_signaling:,send broadcast:{ "action": "response", "subaction": "request", "moduletype": "485", "portid": 2, "errorcode": 0, "hexdata": "33CC00160001AAC0" }

I/MiscService( 2438): onReceive -- misc control..

I/Cube:ControlService( 2483): onReceive -- control..

D/Cube:ControlService( 2483): get cmd data, len = 129

D/Cube:ControlService( 2483): get cmd data, from:DATAFROMWIFIMODULE

D/MiscService( 2438): json:{"subaction":"request","action":"response","errorcode":0,"moduletype":"485","hexdata":"33CC00160001AAC0","portid":2}

I/ControlService.java( 2333): writeLog() mLogCount:2046,Level:debug, Module:Cube:ControlService, File:ControlService.java,Line:296, mContent:cube_control_signaling:,ControlService receive:{ "action": "response", "subaction": "request", "moduletype": "485", "portid": 2, "errorcode": 0, "hexdata": "33CC00160001AAC0" },,,1111111111

D/Cube:ControlService( 2483): Save json cmd data. true

D/Cube:ControlService( 2483): msg = {"subaction":"request","action":"response","errorcode":0,"moduletype":"485","hexdata":"33CC00160001AAC0","portid":2}

E/Cube:ControlService( 2483): ctl queue size 1:1

D/Cube:ControlService( 2483): que take, dev type:485

I/ControlService.java( 2333): writeLog() mLogCount:2047,Level:debug, Module:Cube:ControlService, File:ControlService.java,Line:296, mContent:cube_control_signaling:,take signal:{"subaction":"request","action":"response","errorcode":0,"moduletype":"485","hexdata":"33CC00160001AAC0","portid":2},,,1111111111

D/Cube:Serial485Handle( 2483): From:DATAFROMWIFIMODULE

D/Cube:Serial485Handle( 2483): zbhh  jObj: parseSerial485Msg{"subaction":"request","action":"response","errorcode":0,"moduletype":"485","hexdata":"33CC00160001AAC0","portid":2}

E/zbhhjson( 2483): {"subaction":"request","action":"response","errorcode":0,"moduletype":"485","hexdata":"33CC00160001AAC0","portid":2}

E/zbhh    ( 2483): request  CommonHandler.handleCommand(jObj, from, -1, msgID)

D/Cube:CommonHandler( 2483): com cmd data:{"subaction":"request","action":"response","errorcode":0,"moduletype":"485","hexdata":"33CC00160001AAC0","portid":2}

I/Cube:CommonHandler( 2483): common handler response{"subaction":"request","action":"response","errorcode":0,"moduletype":"485","hexdata":"33CC00160001AAC0","portid":2}

D/Cube:CommonHandler( 2483): controlListCount = 1

D/Cube:CommonHandler( 2483): serial485ListCount = 1

D/Cube:CommonHandler( 2483): comm handler parse resp rtn  = true

E/zbhhsendAckToApp( 2483): 0gg

D/Cube:ControlService( 2483): sendJsonPacket() from:DATAFROMLAN,data:{"subaction":"setdevice","action":"response","deviceloopmap":[{"fanspeed":"high","errorcode":0,"uuid":"0076","settemp":26,"status":"off","mode":"cooling"}],"msgid":"11"},,

