D/JsonBodyParse( 2433): 			"keytype":	"roomhealthinfo",

D/JsonBodyParse( 2433): 			"roomname":	""

D/JsonBodyParse( 2433): 		}]

D/JsonBodyParse( 2433): },,,,,,1111111111111111

D/JsonBodyParse( 2433): JsonTcpService:broadCastTcpCommand() {

D/JsonBodyParse( 2433): 	"msgid":	"4316",

D/JsonBodyParse( 2433): 	"action":	"request",

D/JsonBodyParse( 2433): 	"subaction":	"ipvdpgetdisplayinfo",

D/JsonBodyParse( 2433): 	"moduletype":	"ipvdp",

D/JsonBodyParse( 2433): 	"displayinfoloop":	[{

D/JsonBodyParse( 2433): 			"keytype":	"systemtime"

D/JsonBodyParse( 2433): 		}, {

D/JsonBodyParse( 2433): 			"keytype":	"weatherinfo"

D/JsonBodyParse( 2433): 		}, {

D/JsonBodyParse( 2433): 			"keytype":	"roomhealthinfo",

D/JsonBodyParse( 2433): 			"roomname":	""

D/JsonBodyParse( 2433): 		}]

D/JsonBodyParse( 2433): },,,,,,1111111111111111

D/ConnectivityService( 1988): mActiveDefaultNetwork = 9

D/ConnectivityService( 1988): Etherent Wifi Disguise

I/Utils.java( 2333): writeLog() mLogCount:2105,Level:debug, Module:JsonBodyParse, File:Utils.java,Line:61, mContent:JsonTcpService:broadCastTcpCommand() {

I/Utils.java( 2333): 	"msgid":	"4316",

I/Utils.java( 2333): 	"action":	"request",

I/Utils.java( 2333): 	"subaction":	"ipvdpgetdisplayinfo",

I/Utils.java( 2333): 	"moduletype":	"ipvdp",

I/Utils.java( 2333): 	"displayinfoloop":	[{

I/Utils.java( 2333): 			"keytype":	"systemtime"

I/Utils.java( 2333): 		}, {

I/Utils.java( 2333): 			"keytype":	"weatherinfo"

I/Utils.java( 2333): 		}, {

I/Utils.java( 2333): 			"keytype":	"roomhealthinfo",

I/Utils.java( 2333): 			"roomname":	""

I/Utils.java( 2333): 		}]

I/Utils.java( 2333): },,,,,,1111111111111111

D/ConnectivityService( 1988): mActiveDefaultNetwork = 9

D/ConnectivityService( 1988): Etherent Wifi Disguise

D/Cube:ConfigService( 2420): parseGetDeviceConfigIpvdpRequest() {"subaction":"getdeviceconfigipvdp","action":"request","msgid":"4315","moduletype":"cube","version":"1731"}

I/Cube:ConfigService( 2420): parseGetDeviceConfigIpvdpRequest() {"subaction":"getdeviceconfigipvdp","action":"request","msgid":"4315","moduletype":"cube","version":"1731"}

I/ConfigService.java( 2333): writeLog() mLogCount:2106,Level:debug, Module:Cube:ConfigService, File:ConfigService.java,Line:1334, mContent:parseGetDeviceConfigIpvdpRequest() {"subaction":"getdeviceconfigipvdp","action":"request","msgid":"4315","moduletype":"cube","version":"1731"}

D/CommonUtils( 2394): getLocalIpAddr() ip:192.168.3.104

I/Cube:ControlService( 2483): onReceive -- control..

I/MiscService( 2438): onReceive -- misc control..

D/Cube:ControlService( 2483): get cmd data, len = 257

D/Cube:ControlService( 2483): get cmd data, from:DATAFROMLAN

D/MiscService( 2438): json:{"displayinfoloop":[{"keytype":"systemtime"},{"keytype":"weatherinfo"},{"keytype":"roomhealthinfo","roomname":""}],"subaction":"ipvdpgetdisplayinfo","action":"request","msgid":"4316","moduletype":"ipvdp"}

I/ControlService.java( 2333): writeLog() mLogCount:2108,Level:debug, Module:Cube:ControlService, File:ControlService.java,Line:296, mContent:cube_control_signaling:,ControlService receive:{

I/ControlService.java( 2333): 	"msgid":	"4316",

I/ControlService.java( 2333): 	"action":	"request",

I/ControlService.java( 2333): 	"subaction":	"ipvdpgetdisplayinfo",

I/ControlService.java( 2333): 	"moduletype":	"ipvdp",

I/ControlService.java( 2333): 	"displayinfoloop":	[{

I/ControlService.java( 2333): 			"keytype":	"systemtime"

I/ControlService.java( 2333): 		}, {

I/ControlService.java( 2333): 			"keytype":	"weatherinfo"

I/ControlService.java( 2333): 		}, {

I/ControlService.java( 2333): 			"keytype":	"roomhealthinfo",

I/ControlService.java( 2333): 			"roomname":	""

I/ControlService.java( 2333): 		}]

I/ControlService.java( 2333): },,,1111111111

D/Cube:ConfigService( 2420): parseGetDeviceConfigIpvdpRequest() response:{"armstatus":0,"msgid":"4315","securitypwd":"123456","moduletype":"cube","aliasname":"1409_Cube","subaction":"getdeviceconfigipvdp","action":"response","configdata":{},"errorcode":0,"ethip":"192.168.9.53","scenarioid":1,"version":1731,"securityscenarioid":4}

D/Cube:ControlService( 2483): Save json cmd data. true

D/Cube:ControlService( 2483): msg = {"displayinfoloop":[{"keytype":"systemtime"},{"keytype":"weatherinfo"},{"keytype":"roomhealthinfo","roomname":""}],"subaction":"ipvdpgetdisplayinfo","action":"request","msgid":"4316","moduletype":"ipvdp"}

E/Cube:ControlService( 2483): ctl queue size 1:0

D/Cube:ControlService( 2483): que take, dev type:ipvdp

I/ControlService.java( 2333): writeLog() mLogCount:2109,Level:debug, Module:Cube:ControlService, File:ControlService.java,Line:296, mContent:cube_control_signaling:,take signal:{"displayinfoloop":[{"keytype":"systemtime"},{"keytype":"weatherinfo"},{"keytype":"roomhealthinfo","roomname":""}],"subaction":"ipvdpgetdisplayinfo","action":"request","msgid":"4316","moduletype":"ipvdp"},,,1111111111

D/BroadCastUdp( 2394): Cube Udp Package String:{"MAF":"Honeywell","VER":"0.5.1.3","MAC":"00:1F:55:2A:05:82","Type":"HEJ-CUBE-S_2A0582","IP":"192.168.3.104"}has been send

I/IpvdpHandle( 2483): parseRoomControl,jObj = {"displayinfoloop":[{"keytype":"systemtime"},{"keytype":"weatherinfo"},{"keytype":"roomhealthinfo","roomname":""}],"subaction":"ipvdpgetdisplayinfo","action":"request","msgid":"4316","moduletype":"ipvdp"}

I/Cube:DiscoveryService( 2394): Packet received from: 192.168.3.104, data len=109

I/Cube:DiscoveryService( 2394): Packet received; data: {"MAF":"Honeywell","VER":"0.5.1.3","MAC":"00:1F:55:2A:05:82","Type":"HEJ-CUBE-S_2A0582","IP":"192.168.3.104"}

I/Cube:DiscoveryService( 2394): Ready to receive broadcast packets!

D/Cube:JsonTcpService( 2433): JsonTcpService,send:{"armstatus":0,"msgid":"4315","securitypwd":"123456","moduletype":"cube","aliasname":"1409_Cube","subaction":"getdeviceconfigipvdp","action":"response","configdata":{},"errorcode":0,"ethip":"192.168.9.53","scenarioid":1,"version":1731,"securityscenarioid":4},,,,111111111111111111111111111

D/Cube:JsonTcpService( 2433): JsonTcpService,send:{"armstatus":0,"msgid":"4315","securitypwd":"123456","moduletype":"cube","aliasname":"1409_Cube","subaction":"getdeviceconfigipvdp","action":"response","configdata":{},"errorcode":0,"ethip":"192.168.9.53","scenarioid":1,"version":1731,"securityscenarioid":4},,,,111111111111111111111111111

I/Utils.java( 2333): writeLog() mLogCount:2110,Level:debug, Module:Cube:JsonTcpService, File:Utils.java,Line:61, mContent:JsonTcpService,send:{"armstatus":0,"msgid":"4315","securitypwd":"123456","moduletype":"cube","aliasname":"1409_Cube","subaction":"getdeviceconfigipvdp","action":"response","configdata":{},"errorcode":0,"ethip":"192.168.9.53","scenarioid":1,"version":1731,"securityscenarioid":4},,,,111111111111111111111111111

D/JsonServerResponseThrd( 2433): Try to send response for client:14

E/zbhh    ( 2483): typetemperatureparamValue-999roomtypehumidity

I/Utils.java( 2333): writeLog() mLogCount:2111,Level:debug, Module:JsonServerResponseThrd, File:Utils.java,Line:61, mContent:Try to send response for client:14

D/JsonServerResponseThrd( 2433): PHONE_CUBE_PROTOCOL{"armstatus":0,"msgid":"4315","securitypwd":"123456","moduletype":"cube","aliasname":"1409_Cube","subaction":"getdeviceconfigipvdp","action":"response","configdata":{},"errorcode":0,"ethip":"192.168.9.53","scenarioid":1,"version":1731,"securityscenarioid":4}

E/zbhh    ( 2483): typetemperatureparamValue-999roomtypepm2_5

I/Utils.java( 2333): writeLog() mLogCount:2112,Level:debug, Module:JsonServerResponseThrd, File:Utils.java,Line:61, mContent:PHONE_CUBE_PROTOCOL{"armstatus":0,"msgid":"4315","securitypwd":"123456","moduletype":"cube","aliasname":"1409_Cube","subaction":"getdeviceconfigipvdp","action":"response","configdata":{},"errorcode":0,"ethip":"192.168.9.53","scenarioid":1,"version":1731,"securityscenarioid":4}

D/JsonServerResponseThrd( 2433): JsontcpService: response:PHONE_CUBE_PROTOCOL{"armstatus":0,"msgid":"4315","securitypwd":"123456","moduletype":"cube","aliasname":"1409_Cube","subaction":"getdeviceconfigipvdp","action":"response","configdata":{},"errorcode":0,"ethip":"192.168.9.53","scenarioid":1,"version":1731,"securityscenarioid":4},,1111111111111111111

D/dalvikvm( 2420): GC_CONCURRENT freed 507K, 11% free 4382K/4916K, paused 1ms+4ms, total 24ms

E/zbhh    ( 2483): typetemperatureparamValue-999roomtypetemperature

E/zbhh    ( 2483): typehumidityparamValue-1roomtypehumidity

E/zbhh    ( 2483): typepm2_5paramValue-1roomtypehumidity

E/zbhh    ( 2483): typepm2_5paramValue-1roomtypepm2_5

E/zbhh    ( 2483): typeco_2paramValue-1roomtypehumidity

E/zbhh    ( 2483): typeco_2paramValue-1roomtypepm2_5

E/zbhh    ( 2483): typeco_2paramValue-1roomtypetemperature

E/zbhh    ( 2483): typepm2_5paramValue-1roomtypehumidity

E/zbhh    ( 2483): typepm2_5paramValue-1roomtypepm2_5

E/zbhh    ( 2483): typeco_2paramValue-1roomtypehumidity

E/zbhh    ( 2483): typeco_2paramValue-1roomtypepm2_5

E/zbhh    ( 2483): typeco_2paramValue-1roomtypetemperature

I/IpvdpHandle( 2483): parseIpvdpDisplayQueryControl,jObj = {"displayinfoloop":[{"keyvalue":"1516355542736","keytype":"systemtime","errorcode":0},{"errorcode":0,"pm25text":"good","pm25value":-1,"weathertype":"","tempvalue":20,"keytype":"weatherinfo","humidityvalue":50},{"co2Text":"good","co2Value":-1,"pm25text":"good","roomname":"","keytype":"roomhealthinfo","humidityvalue":15,"errorcode":0,"pm25value":124,"tempvalue":30}],"subaction":"ipvdpgetdisplayinfo","action":"response","msgid":"4316","moduletype":"ipvdp"}

D/Cube:ControlService( 2483): sendJsonPacket() from:DATAFROMLAN,data:{"displayinfoloop":[{"keyvalue":"1516355542736","keytype":"systemtime","errorcode":0},{"errorcode":0,"pm25text":"good","pm25value":-1,"weathertype":"","tempvalue":20,"keytype":"weatherinfo","humidityvalue":50},{"co2Text":"good","co2Value":-1,"pm25text":"good","roomname":"","keytype":"roomhealthinfo","humidityvalue":15,"errorcode":0,"pm25value":124,"tempvalue":30}],"subaction":"ipvdpgetdisplayinfo","action":"response","msgid":"4316","moduletype":"ipvdp"},,

I/ControlService.java( 2333): writeLog() mLogCount:2113,Level:debug, Module:Cube:ControlService, File:ControlService.java,Line:296, mContent:cube_control_signaling:,sendJsonPacket:{"displayinfoloop":[{"keyvalue":"1516355542736","keytype":"systemtime","errorcode":0},{"errorcode":0,"pm25text":"good","pm25value":-1,"weathertype":"","tempvalue":20,"keytype":"weatherinfo","humidityvalue":50},{"co2Text":"good","co2Value":-1,"pm25text":"good","roomname":"","keytype":"roomhealthinfo","humidityvalue":15,"errorcode":0,"pm25value":124,"tempvalue":30}],"subaction":"ipvdpgetdisplayinfo","action":"response","msgid":"4316","moduletype":"ipvdp"}

D/Cube:JsonTcpService( 2433): JsonTcpService,send:{"displayinfoloop":[{"keyvalue":"1516355542736","keytype":"systemtime","errorcode":0},{"errorcode":0,"pm25text":"good","pm25value":-1,"weathertype":"","tempvalue":20,"keytype":"weatherinfo","humidityvalue":50},{"co2Text":"good","co2Value":-1,"pm25text":"good","roomname":"","keytype":"roomhealthinfo","humidityvalue":15,"errorcode":0,"pm25value":124,"tempvalue":30}],"subaction":"ipvdpgetdisplayinfo","action":"response","msgid":"4316","moduletype":"ipvdp"},,,,111111111111111111111111111

D/Cube:JsonTcpService( 2433): JsonTcpService,send:{"displayinfoloop":[{"keyvalue":"1516355542736","keytype":"systemtime","errorcode":0},{"errorcode":0,"pm25text":"good","pm25value":-1,"weathertype":"","tempvalue":20,"keytype":"weatherinfo","humidityvalue":50},{"co2Text":"good","co2Value":-1,"pm25text":"good","roomname":"","keytype":"roomhealthinfo","humidityvalue":15,"errorcode":0,"pm25value":124,"tempvalue":30}],"subaction":"ipvdpgetdisplayinfo","action":"response","msgid":"4316","moduletype":"ipvdp"},,,,111111111111111111111111111

I/Utils.java( 2333): writeLog() mLogCount:2114,Level:debug, Module:Cube:JsonTcpService, File:Utils.java,Line:61, mContent:JsonTcpService,send:{"displayinfoloop":[{"keyvalue":"1516355542736","keytype":"systemtime","errorcode":0},{"errorcode":0,"pm25text":"good","pm25value":-1,"weathertype":"","tempvalue":20,"keytype":"weatherinfo","humidityvalue":50},{"co2Text":"good","co2Value":-1,"pm25text":"good","roomname":"","keytype":"roomhealthinfo","humidityvalue":15,"errorcode":0,"pm25value":124,"tempvalue":30}],"subaction":"ipvdpgetdisplayinfo","action":"response","msgid":"4316","moduletype":"ipvdp"},,,,111111111111111111111111111

D/JsonServerResponseThrd( 2433): Try to send response for client:14

E/Cube:ControlService( 2483): ctl queue size 2:0

I/Utils.java( 2333): writeLog() mLogCount:2115,Level:debug, Module:JsonServerResponseThrd, File:Utils.java,Line:61, mContent:Try to send response for client:14

D/JsonServerResponseThrd( 2433): PHONE_CUBE_PROTOCOL{"displayinfoloop":[{"keyvalue":"1516355542736","keytype":"systemtime","errorcode":0},{"errorcode":0,"pm25text":"good","pm25value":-1,"weathertype":"","tempvalue":20,"keytype":"weatherinfo","humidityvalue":50},{"co2Text":"good","co2Value":-1,"pm25text":"good","roomname":"","keytype":"roomhealthinfo","humidityvalue":15,"errorcode":0,"pm25value":124,"tempvalue":30}],"subaction":"ipvdpgetdisplayinfo","action":"response","msgid":"4316","moduletype":"ipvdp"}

I/Utils.java( 2333): writeLog() mLogCount:2116,Level:debug, Module:JsonServerResponseThrd, File:Utils.java,Line:61, mContent:PHONE_CUBE_PROTOCOL{"displayinfoloop":[{"keyvalue":"1516355542736","keytype":"systemtime","errorcode":0},{"errorcode":0,"pm25text":"good","pm25value":-1,"weathertype":"","tempvalue":20,"keytype":"weatherinfo","humidityvalue":50},{"co2Text":"good","co2Value":-1,"pm25text":"good","roomname":"","keytype":"roomhealthinfo","humidityvalue":15,"errorcode":0,"pm25value":124,"tempvalue":30}],"subaction":"ipvdpgetdisplayinfo","action":"response","msgid":"4316","moduletype":"ipvdp"}

D/JsonServerResponseThrd( 2433): JsontcpService: response:PHONE_CUBE_PROTOCOL{"displayinfoloop":[{"keyvalue":"1516355542736","keytype":"systemtime","errorcode":0},{"errorcode":0,"pm25text":"good","pm25value":-1,"weathertype":"","tempvalue":20,"keytype":"weatherinfo","humidityvalue":50},{"co2Text":"good","co2Value":-1,"pm25text":"good","roomname":"","keytype":"roomhealthinfo","humidityvalue":15,"errorcode":0,"pm25value":124,"tempvalue":30}],"subaction":"ipvdpgetdisplayinfo","action":"response","msgid":"4316","moduletype":"ipvdp"},,1111111111111111111

D/dalvikvm( 2483): GC_CONCURRENT freed 399K, 10% free 4218K/4668K, paused 3ms+1ms, total 16ms

D/Cube:ServicesMonitor( 2552): ScheduleCheckTask() nowTime:199064766,ServiceCount:12,111111!!

D/Cube:ServicesMonitor( 2552): ScheduleCheckTask() nowTime:199064766,monitorInfo:MonitorInfo [mIntentAction=com.honeywell.cubebase.thirdpartyadapter.ThirdPartyServiceManager, mFeedTime=199034532],,22222222

D/Cube:ServicesMonitor( 2552): ScheduleCheckTask() nowTime:199064766,monitorInfo:MonitorInfo [mIntentAction=com.honeywell.cubebase.controlcenter.ControlService, mFeedTime=199034583],,22222222

D/Cube:ServicesMonitor( 2552): ScheduleCheckTask() nowTime:199064766,monitorInfo:MonitorInfo [mIntentAction=com.honeywell.cubebase.wifimodule.WifiModuleService, mFeedTime=199039549],,22222222

D/Cube:ServicesMonitor( 2552): ScheduleCheckTask() nowTime:199064766,monitorInfo:MonitorInfo [mIntentAction=com.honeywell.cubebase.voicerecogadapter.VoiceRecogService, mFeedTime=199017389],,22222222

D/Cube:ServicesMonitor( 2552): ScheduleCheckTask() nowTime:199064766,monitorInfo:MonitorInfo [mIntentAction=com.honeywell.cubebase.ipcadapter.IPCService, mFeedTime=199034971],,22222222

D/Cube:ServicesMonitor( 2552): ScheduleCheckTask() nowTime:199064766,monitorInfo:MonitorInfo [mIntentAction=com.honeywell.cubebase.jsontcpadapter.JsonTcpService, mFeedTime=199034603],,22222222

D/Cube:ServicesMonitor( 2552): ScheduleCheckTask() nowTime:199064766,monitorInfo:MonitorInfo [mIntentAction=com.honeywell.cubebase.discoveryadapter.DiscoveryService, mFeedTime=199055186],,22222222

D/Cube:ServicesMonitor( 2552): ScheduleCheckTask() nowTime:199064766,monitorInfo:MonitorInfo [mIntentAction=com.honeywell.cubebase.sensingcenter.SensingService, mFeedTime=199034643],,22222222

D/Cube:ServicesMonitor( 2552): ScheduleCheckTask() nowTime:199064766,monitorInfo:MonitorInfo [mIntentAction=com.honeywell.cubebase.misc.MiscService, mFeedTime=199034580],,22222222

D/Cube:ServicesMonitor( 2552): ScheduleCheckTask() nowTime:199064766,monitorInfo:MonitorInfo [mIntentAction=com.honeywell.cubebase.configcenter.ConfigService, mFeedTime=199035231],,22222222

D/Cube:ServicesMonitor( 2552): ScheduleCheckTask() nowTime:199064766,monitorInfo:MonitorInfo [mIntentAction=com.honeywell.cubebase.extteladapter.ExtensionTelService, mFeedTime=199034755],,22222222

D/Cube:ServicesMonitor( 2552): ScheduleCheckTask() nowTime:199064766,monitorInfo:MonitorInfo [mIntentAction=com.honeywell.cubebase.jsonhttpadapter.JsonHttpService, mFeedTime=199034581],,22222222

I/p2p     ( 2497): SendMucReq(): Addr:239.200.200.8:30777

I/p2p     ( 2577): SendMucReq(): Addr:239.200.200.8:30777

D/NativeSubphone( 2525): 


D/NativeSubphone( 2525): >>>>>>>>>>>>>>>>>>>>>>>>>>>>


D/NativeSubphone( 2525): 	MsgIndex:	2889


D/NativeSubphone( 2525): 	MsgSize:	16


D/NativeSubphone( 2525): CmdName:	 CMD_INFO

D/NativeSubphone( 2525): 	ID:	 0


D/NativeSubphone( 2525): 	SubCmd:	 MISC_RENEW_TIME


D/NativeSubphone( 2525): >>>>>>>>>>>>>>>>>>>>>>>>>>>>


D/NativeSubphone( 2525): 


D/NativeSubphone( 2525): Recv a request

D/NativeSubphone( 2525): Come into IDLE state

D/NativeSubphone( 2525): Handle CMD_INFO

D/NativeSubphone( 2525): SubphoneInterface::OnEventInfoRequest cmdName:17 subCmd:110 

D/SubphoneInterface( 2525): onRecvInfoEvent, sub command:110

I/Utils.java( 2333): writeLog() mLogCount:2117,Level:debug, Module:SubphoneInterface, File:Utils.java,Line:94, mContent:onRecvInfoEvent, sub command:110

E/SubphoneInterface( 2525): Unsupported misc sub command!

I/Utils.java( 2333): writeLog() mLogCount:2118,Level:error, Module:SubphoneInterface, File:Utils.java,Line:81, mContent:Unsupported misc sub command!

D/NativeSubphone( 2525): Recv invalid command

D/IPC Service( 2577): map len:0

E/Sensors ( 1988): int sensors_poll_context_t::pollEvents(sensors_event_t*, int):256

E/Sensors ( 1988): int sensors_poll_context_t::pollEvents(sensors_event_t*, int):270

E/Sensors ( 1988): int sensors_poll_context_t::pollEvents(sensors_event_t*, int):230

E/Sensors ( 1988): int sensors_poll_context_t::pollEvents(sensors_event_t*, int):233, readEvents(data,16), sensor:4, type:8

E/Sensors ( 1988): virtual int SensorHubInputSensor::readEvents(sensors_event_t*, int):179

E/Sensors ( 1988): virtual int SensorHubInputSensor::readEvents(sensors_event_t*, int):188

E/Sensors ( 1988): virtual int SensorHubInputSensor::readEvents(sensors_event_t*, int):190

E/Sensors ( 1988): virtual int SensorHubInputSensor::readEvents(sensors_event_t*, int):198

E/Sensors ( 1988): virtual int SensorHubInputSensor::readEvents(sensors_event_t*, int):200

E/Sensors ( 1988): virtual int SensorHubInputSensor::readEvents(sensors_event_t*, int):217

E/Sensors ( 1988): virtual int SensorHubInputSensor::readEvents(sensors_event_t*, int):200

E/Sensors ( 1988): virtual int SensorHubInputSensor::readEvents(sensors_event_t*, int):205

E/Sensors ( 1988): virtual int SensorHubInputSensor::readEvents(sensors_event_t*, int):217

E/Sensors ( 1988): virtual int SensorHubInputSensor::readEvents(sensors_event_t*, int):228

E/Sensors ( 1988): int sensors_poll_context_t::pollEvents(sensors_event_t*, int):235

E/Sensors ( 1988): int sensors_poll_context_t::pollEvents(sensors_event_t*, int):238

E/Sensors ( 1988): int sensors_poll_context_t::pollEvents(sensors_event_t*, int):242

E/Sensors ( 1988): int sensors_poll_context_t::pollEvents(sensors_event_t*, int):254

E/Sensors ( 1988): int sensors_poll_context_t::pollEvents(sensors_event_t*, int):256

E/Sensors ( 1988): int sensors_poll_context_t::pollEvents(sensors_event_t*, int):270

E/Sensors ( 1988): int sensors_poll_context_t::pollEvents(sensors_event_t*, int):230

E/Sensors ( 1988): int sensors_poll_context_t::pollEvents(sensors_event_t*, int):254

D/Cube:DiscoveryService( 2394): onSensorChanged() distance:11133.0,mNear=false,mDataBaseline:11136.462,,

I/Cube:DiscoveryService( 2394): onSensorChanged() distance:11133.0,mNear=false,mDataBaseline:11136.462,,,444444

I/Cube:DiscoveryService( 2394): Packet received from: 192.168.3.107, data len=126

I/Cube:DiscoveryService( 2394): Packet received; data: { "Type": "HEJ-PORT-485_2A02BA", "IP": "192.168.3.107", "MAC": "00:1F:55:2A:02:BA", "MAF": "Honeywell", "VER": "0.1.7.3110" }

I/Cube:DiscoveryService( 2394): Ready to receive broadcast packets!

I/Cube:DiscoveryService( 2394): Packet received from: 192.168.3.107, data len=126

I/Cube:DiscoveryService( 2394): Packet received; data: { "Type": "HEJ-PORT-485_2A02BA", "IP": "192.168.3.107", "MAC": "00:1F:55:2A:02:BA", "MAF": "Honeywell", "VER": "0.1.7.3110" }

I/Cube:DiscoveryService( 2394): Ready to receive broadcast packets!

I/Cube:DiscoveryService( 2394): Packet received from: 192.168.3.66, data len=124

I/Cube:DiscoveryService( 2394): Packet received; data: { "Type": "HEJ-ALARM-8_2A03F8", "IP": "192.168.3.66", "MAC": "00:1F:55:2A:03:F8", "MAF": "Honeywell", "VER": "0.1.7.3110" }

I/Cube:DiscoveryService( 2394): Ready to receive broadcast packets!

I/Cube:DiscoveryService( 2394): Packet received from: 192.168.3.66, data len=124

I/Cube:DiscoveryService( 2394): Packet received; data: { "Type": "HEJ-ALARM-8_2A03F8", "IP": "192.168.3.66", "MAC": "00:1F:55:2A:03:F8", "MAF": "Honeywell", "VER": "0.1.7.3110" }

I/Cube:DiscoveryService( 2394): Ready to receive broadcast packets!

I/p2p     ( 2577): SendMucReq(): Addr:239.200.200.8:30777

I/p2p     ( 2497): SendMucReq(): Addr:239.200.200.8:30777

E/Sensors ( 1988): int sensors_poll_context_t::pollEvents(sensors_event_t*, int):256

E/Sensors ( 1988): int sensors_poll_context_t::pollEvents(sensors_event_t*, int):270

E/Sensors ( 1988): int sensors_poll_context_t::pollEvents(sensors_event_t*, int):230

E/Sensors ( 1988): int sensors_poll_context_t::pollEvents(sensors_event_t*, int):233, readEvents(data,16), sensor:4, type:8

E/Sensors ( 1988): virtual int SensorHubInputSensor::readEvents(sensors_event_t*, int):179

E/Sensors ( 1988): virtual int SensorHubInputSensor::readEvents(sensors_event_t*, int):188

E/Sensors ( 1988): virtual int SensorHubInputSensor::readEvents(sensors_event_t*, int):190

E/Sensors ( 1988): virtual int SensorHubInputSensor::readEvents(sensors_event_t*, int):198

E/Sensors ( 1988): virtual int SensorHubInputSensor::readEvents(sensors_event_t*, int):200

E/Sensors ( 1988): virtual int SensorHubInputSensor::readEvents(sensors_event_t*, int):217

E/Sensors ( 1988): virtual int SensorHubInputSensor::readEvents(sensors_event_t*, int):200

E/Sensors ( 1988): virtual int SensorHubInputSensor::readEvents(sensors_event_t*, int):205

E/Sensors ( 1988): virtual int SensorHubInputSensor::readEvents(sensors_event_t*, int):217

E/Sensors ( 1988): virtual int SensorHubInputSensor::readEvents(sensors_event_t*, int):228

E/Sensors ( 1988): int sensors_poll_context_t::pollEvents(sensors_event_t*, int):235

E/Sensors ( 1988): int sensors_poll_context_t::pollEvents(sensors_event_t*, int):238

E/Sensors ( 1988): int sensors_poll_context_t::pollEvents(sensors_event_t*, int):242

E/Sensors ( 1988): int sensors_poll_context_t::pollEvents(sensors_event_t*, int):254

E/Sensors ( 1988): int sensors_poll_context_t::pollEvents(sensors_event_t*, int):256

E/Sensors ( 1988): int sensors_poll_context_t::pollEvents(sensors_event_t*, int):270

E/Sensors ( 1988): int sensors_poll_context_t::pollEvents(sensors_event_t*, int):230

E/Sensors ( 1988): int sensors_poll_context_t::pollEvents(sensors_event_t*, int):254

D/Cube:DiscoveryService( 2394): onSensorChanged() distance:11136.0,mNear=false,mDataBaseline:11136.462,,

I/Cube:DiscoveryService( 2394): onSensorChanged() distance:11136.0,mNear=false,mDataBaseline:11136.462,,,444444

D/HDLBusPollingThread( 2452): Do polling for enviroment module status

E/Sensors ( 1988): int sensors_poll_context_t::pollEvents(sensors_event_t*, int):256

E/Sensors ( 1988): int sensors_poll_context_t::pollEvents(sensors_event_t*, int):270

E/Sensors ( 1988): int sensors_poll_context_t::pollEvents(sensors_event_t*, int):230

E/Sensors ( 1988): int sensors_poll_context_t::pollEvents(sensors_event_t*, int):233, readEvents(data,16), sensor:4, type:8

E/Sensors ( 1988): virtual int SensorHubInputSensor::readEvents(sensors_event_t*, int):179

E/Sensors ( 1988): virtual int SensorHubInputSensor::readEvents(sensors_event_t*, int):188

E/Sensors ( 1988): virtual int SensorHubInputSensor::readEvents(sensors_event_t*, int):190

E/Sensors ( 1988): virtual int SensorHubInputSensor::readEvents(sensors_event_t*, int):198

E/Sensors ( 1988): virtual int SensorHubInputSensor::readEvents(sensors_event_t*, int):200

E/Sensors ( 1988): virtual int SensorHubInputSensor::readEvents(sensors_event_t*, int):217

E/Sensors ( 1988): virtual int SensorHubInputSensor::readEvents(sensors_event_t*, int):200

E/Sensors ( 1988): virtual int SensorHubInputSensor::readEvents(sensors_event_t*, int):205

E/Sensors ( 1988): virtual int SensorHubInputSensor::readEvents(sensors_event_t*, int):217

E/Sensors ( 1988): virtual int SensorHubInputSensor::readEvents(sensors_event_t*, int):228

E/Sensors ( 1988): int sensors_poll_context_t::pollEvents(sensors_event_t*, int):235

E/Sensors ( 1988): int sensors_poll_context_t::pollEvents(sensors_event_t*, int):238

E/Sensors ( 1988): int sensors_poll_context_t::pollEvents(sensors_event_t*, int):242

E/Sensors ( 1988): int sensors_poll_context_t::pollEvents(sensors_event_t*, int):254

E/Sensors ( 1988): int sensors_poll_context_t::pollEvents(sensors_event_t*, int):256

E/Sensors ( 1988): int sensors_poll_context_t::pollEvents(sensors_event_t*, int):270

E/Sensors ( 1988): int sensors_poll_context_t::pollEvents(sensors_event_t*, int):230

E/Sensors ( 1988): int sensors_poll_context_t::pollEvents(sensors_event_t*, int):254

D/Cube:DiscoveryService( 2394): onSensorChanged() distance:11134.0,mNear=false,mDataBaseline:11136.462,,

I/Cube:DiscoveryService( 2394): onSensorChanged() distance:11134.0,mNear=false,mDataBaseline:11136.462,,,444444

I/p2p     ( 2577): SendMucReq(): Addr:239.200.200.8:30777

I/p2p     ( 2497): SendMucReq(): Addr:239.200.200.8:30777

E/Sensors ( 1988): int sensors_poll_context_t::pollEvents(sensors_event_t*, int):256

E/Sensors ( 1988): int sensors_poll_context_t::pollEvents(sensors_event_t*, int):270

E/Sensors ( 1988): int sensors_poll_context_t::pollEvents(sensors_event_t*, int):230

E/Sensors ( 1988): int sensors_poll_context_t::pollEvents(sensors_event_t*, int):233, readEvents(data,16), sensor:4, type:8

E/Sensors ( 1988): virtual int SensorHubInputSensor::readEvents(sensors_event_t*, int):179

E/Sensors ( 1988): virtual int SensorHubInputSensor::readEvents(sensors_event_t*, int):188

E/Sensors ( 1988): virtual int SensorHubInputSensor::readEvents(sensors_event_t*, int):190

E/Sensors ( 1988): virtual int SensorHubInputSensor::readEvents(sensors_event_t*, int):198

E/Sensors ( 1988): virtual int SensorHubInputSensor::readEvents(sensors_event_t*, int):200

E/Sensors ( 1988): virtual int SensorHubInputSensor::readEvents(sensors_event_t*, int):217

E/Sensors ( 1988): virtual int SensorHubInputSensor::readEvents(sensors_event_t*, int):200

E/Sensors ( 1988): virtual int SensorHubInputSensor::readEvents(sensors_event_t*, int):205

E/Sensors ( 1988): virtual int SensorHubInputSensor::readEvents(sensors_event_t*, int):217

E/Sensors ( 1988): virtual int SensorHubInputSensor::readEvents(sensors_event_t*, int):228

E/Sensors ( 1988): int sensors_poll_context_t::pollEvents(sensors_event_t*, int):235

E/Sensors ( 1988): int sensors_poll_context_t::pollEvents(sensors_event_t*, int):238

E/Sensors ( 1988): int sensors_poll_context_t::pollEvents(sensors_event_t*, int):242

E/Sensors ( 1988): int sensors_poll_context_t::pollEvents(sensors_event_t*, int):254

E/Sensors ( 1988): int sensors_poll_context_t::pollEvents(sensors_event_t*, int):256

E/Sensors ( 1988): int sensors_poll_context_t::pollEvents(sensors_event_t*, int):270

E/Sensors ( 1988): int sensors_poll_context_t::pollEvents(sensors_event_t*, int):230

E/Sensors ( 1988): int sensors_poll_context_t::pollEvents(sensors_event_t*, int):254

D/Cube:DiscoveryService( 2394): onSensorChanged() distance:11131.0,mNear=false,mDataBaseline:11136.462,,

I/Cube:DiscoveryService( 2394): onSensorChanged() distance:11131.0,mNear=false,mDataBaseline:11136.462,,,444444

I/WiFiIR  ( 2452): jObj =  null

D/WiFiIR  ( 2452): cur time:199068636, lastSearchTime =199058635

I/WiFiIR  ( 2452): ret:{"code":0,"msg":"Execute success","list":[]}

I/WiFiIR  ( 2452): code=0,msg=Execute success

D/WifiModuleNet( 2465): sendHeartBeat() 

D/WifiModule.Util( 2465): Util.java wrapArroudData body length=65,,,,


I/WifiModuleNet.java( 2333): writeLog() mLogCount:2119,Level:warning, Module:WifiModuleNet, File:WifiModuleNet.java,Line:1102, mContent:cube_control_signaling:192.168.3.191:data=HON_HS_CUBEA\==!7{@39~g9BrZ2y:nL0^bfT,,

D/WifiModuleNet( 2465): WriteThread::::::send request:ControlCommandInfo:mRequestId:-1JsonData:HON_HS_CUBEA\==!7{@39~g9BrZ2y:nL0^bfTWifiModuleNet [mIpAddr=192.168.3.191, mMacAddr=00:1F:55:2A:01:A7, mInit=true, mModuleType=relay, mPort=9000]

D/WifiModuleNet( 2465): this time receive origin:HON_HS_CUBEI\:p#gj]3a|i8Wxz[bT}u^fUwoLVw8}+,,,,,,

E/WifiModuleNet( 2465): total nowString:HON_HS_CUBEI\:p#gj]3a|i8Wxz[bT}u^fUwoLVw8}+,,,,,,22222

I/WifiModuleNet( 2465): receive bodylength:73,,,3333

I/WifiModuleNet( 2465): oneReceiveStr2:{ "action": "response", "subaction": "heartbeat", "moduletype": "relay" },,,5555

D/WifiModuleNet( 2465): receives response:WifiModuleNet [mIpAddr=192.168.3.191, mMacAddr=00:1F:55:2A:01:A7, mInit=true, mModuleType=relay, mPort=9000]{ "action": "response", "subaction": "heartbeat", "moduletype": "relay" },,,

I/WifiModuleNet.java( 2333): writeLog() mLogCount:2120,Level:debug, Module:WifiModuleNet, File:WifiModuleNet.java,Line:1102, mContent:cube_control_signaling:parseBodyInfo():WifiModuleNet [mIpAddr=192.168.3.191, mMacAddr=00:1F:55:2A:01:A7, mInit=true, mModuleType=relay, mPort=9000]{ "action": "response", "subaction": "heartbeat", "moduletype": "relay" }

I/p2p     ( 2497): SendMucReq(): Addr:239.200.200.8:30777

I/p2p     ( 2577): SendMucReq(): Addr:239.200.200.8:30777

E/Sensors ( 1988): int sensors_poll_context_t::pollEvents(sensors_event_t*, int):256

E/Sensors ( 1988): int sensors_poll_context_t::pollEvents(sensors_event_t*, int):270

E/Sensors ( 1988): int sensors_poll_context_t::pollEvents(sensors_event_t*, int):230

E/Sensors ( 1988): int sensors_poll_context_t::pollEvents(sensors_event_t*, int):233, readEvents(data,16), sensor:4, type:8

E/Sensors ( 1988): virtual int SensorHubInputSensor::readEvents(sensors_event_t*, int):179

E/Sensors ( 1988): virtual int SensorHubInputSensor::readEvents(sensors_event_t*, int):188

E/Sensors ( 1988): virtual int SensorHubInputSensor::readEvents(sensors_event_t*, int):190

E/Sensors ( 1988): virtual int SensorHubInputSensor::readEvents(sensors_event_t*, int):198

E/Sensors ( 1988): virtual int SensorHubInputSensor::readEvents(sensors_event_t*, int):200

E/Sensors ( 1988): virtual int SensorHubInputSensor::readEvents(sensors_event_t*, int):217

E/Sensors ( 1988): virtual int SensorHubInputSensor::readEvents(sensors_event_t*, int):200

E/Sensors ( 1988): virtual int SensorHubInputSensor::readEvents(sensors_event_t*, int):205

E/Sensors ( 1988): virtual int SensorHubInputSensor::readEvents(sensors_event_t*, int):217

E/Sensors ( 1988): virtual int SensorHubInputSensor::readEvents(sensors_event_t*, int):228

E/Sensors ( 1988): int sensors_poll_context_t::pollEvents(sensors_event_t*, int):235

E/Sensors ( 1988): int sensors_poll_context_t::pollEvents(sensors_event_t*, int):238

E/Sensors ( 1988): int sensors_poll_context_t::pollEvents(sensors_event_t*, int):242

E/Sensors ( 1988): int sensors_poll_context_t::pollEvents(sensors_event_t*, int):254

E/Sensors ( 1988): int sensors_poll_context_t::pollEvents(sensors_event_t*, int):256

E/Sensors ( 1988): int sensors_poll_context_t::pollEvents(sensors_event_t*, int):270

E/Sensors ( 1988): int sensors_poll_context_t::pollEvents(sensors_event_t*, int):230

E/Sensors ( 1988): int sensors_poll_context_t::pollEvents(sensors_event_t*, int):254

D/Cube:DiscoveryService( 2394): onSensorChanged() distance:11136.0,mNear=false,mDataBaseline:11136.462,,

I/Cube:DiscoveryService( 2394): onSensorChanged() distance:11136.0,mNear=false,mDataBaseline:11136.462,,,444444

D/ConnectivityService( 1988): mActiveDefaultNetwork = 9

D/ConnectivityService( 1988): Etherent Wifi Disguise

D/ConnectivityService( 1988): mActiveDefaultNetwork = 9

D/ConnectivityService( 1988): Etherent Wifi Disguise

D/dalvikvm( 2394): GC_CONCURRENT freed 398K, 12% free 4231K/4764K, paused 4ms+2ms, total 32ms

D/dalvikvm( 2394): WAIT_FOR_CONCURRENT_GC blocked 23ms

D/CommonUtils( 2394): getLocalIpAddr() ip:192.168.3.104

D/BroadCastUdp( 2394): Cube Udp Package String:{"MAF":"Honeywell","VER":"0.5.1.3","MAC":"00:1F:55:2A:05:82","Type":"HEJ-CUBE-S_2A0582","IP":"192.168.3.104"}has been send

I/Cube:DiscoveryService( 2394): Packet received from: 192.168.3.104, data len=109

I/Cube:DiscoveryService( 2394): Packet received; data: {"MAF":"Honeywell","VER":"0.5.1.3","MAC":"00:1F:55:2A:05:82","Type":"HEJ-CUBE-S_2A0582","IP":"192.168.3.104"}

I/Cube:DiscoveryService( 2394): Ready to receive broadcast packets!

D/WebSocketPingPongTask( 2407): send ping to cloud... 1111111111111111111111111111

I/Utils.java( 2333): writeLog() mLogCount:2121,Level:debug, Module:WebSocketPingPongTask, File:Utils.java,Line:100, mContent:send ping to cloud... 1111111111111111111111111111

D/WebSocketPingPongTask( 2407): Receive pong from cloud... 1111111111111111111111111111

I/Utils.java( 2333): writeLog() mLogCount:2122,Level:debug, Module:WebSocketPingPongTask, File:Utils.java,Line:100, mContent:Receive pong from cloud... 1111111111111111111111111111

I/Cube:DiscoveryService( 2394): Packet received from: 192.168.3.135, data len=126

I/Cube:DiscoveryService( 2394): Packet received; data: { "Type": "HEJ-PORT-485_2A02D6", "IP": "192.168.3.135", "MAC": "00:1F:55:2A:02:D6", "MAF": "Honeywell", "VER": "0.1.7.3110" }

I/Cube:DiscoveryService( 2394): Ready to receive broadcast packets!

I/Cube:DiscoveryService( 2394): Packet received from: 192.168.3.135, data len=126

I/Cube:DiscoveryService( 2394): Packet received; data: { "Type": "HEJ-PORT-485_2A02D6", "IP": "192.168.3.135", "MAC": "00:1F:55:2A:02:D6", "MAF": "Honeywell", "VER": "0.1.7.3110" }

I/Cube:DiscoveryService( 2394): Ready to receive broadcast packets!

D/WifiModuleNet( 2465): sendHeartBeat() 

D/WifiModule.Util( 2465): Util.java wrapArroudData body length=69,,,,


I/WifiModuleNet.java( 2333): writeLog() mLogCount:2123,Level:warning, Module:WifiModuleNet, File:WifiModuleNet.java,Line:1102, mContent:cube_control_signaling:192.168.3.66:data=HON_HS_CUBEEv7Bz?b	AsM]o(ip{?{/@ @i	qeq({,,

D/WifiModuleNet( 2465): WriteThread::::::send request:ControlCommandInfo:mRequestId:-1JsonData:HON_HS_CUBEEv7Bz?b	AsM]o(ip{?{/@ @i	qeq({WifiModuleNet [mIpAddr=192.168.3.66, mMacAddr=00:1F:55:2A:03:F8, mInit=true, mModuleType=wiredzone, mPort=9000]

D/WifiModuleNet( 2465): this time receive origin:HON_HS_CUBEMv5."ooqY\e3n=/wPf/FvU

D/WifiModuleNet( 2465): .?[|PVh$+u(MX,,,,,,

E/WifiModuleNet( 2465): total nowString:HON_HS_CUBEMv5."ooqY\e3n=/wPf/FvU

E/WifiModuleNet( 2465): .?[|PVh$+u(MX,,,,,,22222

I/WifiModuleNet( 2465): receive bodylength:77,,,3333

I/WifiModuleNet( 2465): oneReceiveStr2:{ "action": "response", "subaction": "heartbeat", "moduletype": "wiredzone" },,,5555

D/WifiModuleNet( 2465): receives response:WifiModuleNet [mIpAddr=192.168.3.66, mMacAddr=00:1F:55:2A:03:F8, mInit=true, mModuleType=wiredzone, mPort=9000]{ "action": "response", "subaction": "heartbeat", "moduletype": "wiredzone" },,,

I/WifiModuleNet.java( 2333): writeLog() mLogCount:2124,Level:debug, Module:WifiModuleNet, File:WifiModuleNet.java,Line:1102, mContent:cube_control_signaling:parseBodyInfo():WifiModuleNet [mIpAddr=192.168.3.66, mMacAddr=00:1F:55:2A:03:F8, mInit=true, mModuleType=wiredzone, mPort=9000]{ "action": "response", "subaction": "heartbeat", "moduletype": "wiredzone" }

D/IPC Service( 2577): map len:0

I/p2p     ( 2497): SendMucReq(): Addr:239.200.200.8:30777

I/p2p     ( 2577): SendMucReq(): Addr:239.200.200.8:30777

D/WifiModuleNet( 2465): sendHeartBeat() 

D/WifiModule.Util( 2465): Util.java wrapArroudData body length=63,,,,


I/WifiModuleNet.java( 2333): writeLog() mLogCount:2125,Level:warning, Module:WifiModuleNet, File:WifiModuleNet.java,Line:1102, mContent:cube_control_signaling:192.168.3.133:data=HON_HS_CUBE?+H^T\uL|9)asxBR2*?.L!48Rr^v#,,

D/WifiModuleNet( 2465): WriteThread::::::send request:ControlCommandInfo:mRequestId:-1JsonData:HON_HS_CUBE?+H^T\uL|9)asxBR2*?.L!48Rr^v#WifiModuleNet [mIpAddr=192.168.3.133, mMacAddr=00:1F:55:2A:02:D4, mInit=true, mModuleType=485, mPort=9000]

D/WifiModuleNet( 2465): this time receive origin:HON_HS_CUBEG+JUIW1;
89})VXH2ol.J-/aI-;dypz2!,,,,,,

E/WifiModuleNet( 2465): total nowString:HON_HS_CUBEG+JUIW1;
89})VXH2ol.J-/aI-;dypz2!,,,,,,22222

I/WifiModuleNet( 2465): receive bodylength:71,,,3333

I/WifiModuleNet( 2465): oneReceiveStr2:{ "action": "response", "subaction": "heartbeat", "moduletype": "485" },,,5555

D/WifiModuleNet( 2465): receives response:WifiModuleNet [mIpAddr=192.168.3.133, mMacAddr=00:1F:55:2A:02:D4, mInit=true, mModuleType=485, mPort=9000]{ "action": "response", "subaction": "heartbeat", "moduletype": "485" },,,

I/WifiModuleNet.java( 2333): writeLog() mLogCount:2126,Level:debug, Module:WifiModuleNet, File:WifiModuleNet.java,Line:1102, mContent:cube_control_signaling:parseBodyInfo():WifiModuleNet [mIpAddr=192.168.3.133, mMacAddr=00:1F:55:2A:02:D4, mInit=true, mModuleType=485, mPort=9000]{ "action": "response", "subaction": "heartbeat", "moduletype": "485" }

D/WebSocketPingPongTask( 2407): send pong to cloud... 1111111111111111111111111111

I/Utils.java( 2333): writeLog() mLogCount:2127,Level:debug, Module:WebSocketPingPongTask, File:Utils.java,Line:100, mContent:send pong to cloud... 1111111111111111111111111111

I/p2p     ( 2497): SendMucReq(): Addr:239.200.200.8:30777

I/p2p     ( 2577): SendMucReq(): Addr:239.200.200.8:30777

I/p2p     ( 2497): CCMS:send CFR query cfrid=1003227

I/p2p     ( 2577): CCMS:send CFR query cfrid=1003228

I/p2p     ( 2497): UDPFwdTable:recv CFR query hit msg, cfrID=1003227, result=1

I/p2p     ( 2577): UDPFwdTable:recv CFR query hit msg, cfrID=1003228, result=1

D/HDLBusPollingThread( 2452): Do polling for enviroment module status

E/Sensors ( 1988): int sensors_poll_context_t::pollEvents(sensors_event_t*, int):256

E/Sensors ( 1988): int sensors_poll_context_t::pollEvents(sensors_event_t*, int):270

E/Sensors ( 1988): int sensors_poll_context_t::pollEvents(sensors_event_t*, int):230

E/Sensors ( 1988): int sensors_poll_context_t::pollEvents(sensors_event_t*, int):233, readEvents(data,16), sensor:4, type:8

E/Sensors ( 1988): virtual int SensorHubInputSensor::readEvents(sensors_event_t*, int):179

E/Sensors ( 1988): virtual int SensorHubInputSensor::readEvents(sensors_event_t*, int):188

E/Sensors ( 1988): virtual int SensorHubInputSensor::readEvents(sensors_event_t*, int):190

E/Sensors ( 1988): virtual int SensorHubInputSensor::readEvents(sensors_event_t*, int):198

E/Sensors ( 1988): virtual int SensorHubInputSensor::readEvents(sensors_event_t*, int):200

E/Sensors ( 1988): virtual int SensorHubInputSensor::readEvents(sensors_event_t*, int):217

E/Sensors ( 1988): virtual int SensorHubInputSensor::readEvents(sensors_event_t*, int):200

E/Sensors ( 1988): virtual int SensorHubInputSensor::readEvents(sensors_event_t*, int):205

E/Sensors ( 1988): virtual int SensorHubInputSensor::readEvents(sensors_event_t*, int):217

E/Sensors ( 1988): virtual int SensorHubInputSensor::readEvents(sensors_event_t*, int):228

E/Sensors ( 1988): int sensors_poll_context_t::pollEvents(sensors_event_t*, int):235

E/Sensors ( 1988): int sensors_poll_context_t::pollEvents(sensors_event_t*, int):238

E/Sensors ( 1988): int sensors_poll_context_t::pollEvents(sensors_event_t*, int):242

E/Sensors ( 1988): int sensors_poll_context_t::pollEvents(sensors_event_t*, int):254

E/Sensors ( 1988): int sensors_poll_context_t::pollEvents(sensors_event_t*, int):256

E/Sensors ( 1988): int sensors_poll_context_t::pollEvents(sensors_event_t*, int):270

E/Sensors ( 1988): int sensors_poll_context_t::pollEvents(sensors_event_t*, int):230

E/Sensors ( 1988): int sensors_poll_context_t::pollEvents(sensors_event_t*, int):254

D/Cube:DiscoveryService( 2394): onSensorChanged() distance:11134.0,mNear=false,mDataBaseline:11136.462,,

I/Cube:DiscoveryService( 2394): onSensorChanged() distance:11134.0,mNear=false,mDataBaseline:11136.462,,,444444

I/p2p     ( 2497): SendMucReq(): Addr:239.200.200.8:30777

I/p2p     ( 2577): SendMucReq(): Addr:239.200.200.8:30777

I/Cube:DiscoveryService( 2394): Packet received from: 192.168.3.191, data len=125

I/Cube:DiscoveryService( 2394): Packet received; data: { "Type": "HEJ-RELAY-4_2A01A7", "IP": "192.168.3.191", "MAC": "00:1F:55:2A:01:A7", "MAF": "Honeywell", "VER": "0.1.7.3110" }

I/Cube:DiscoveryService( 2394): Ready to receive broadcast packets!

I/Cube:DiscoveryService( 2394): Packet received from: 192.168.3.191, data len=125

I/Cube:DiscoveryService( 2394): Packet received; data: { "Type": "HEJ-RELAY-4_2A01A7", "IP": "192.168.3.191", "MAC": "00:1F:55:2A:01:A7", "MAF": "Honeywell", "VER": "0.1.7.3110" }

I/Cube:DiscoveryService( 2394): Ready to receive broadcast packets!

I/Cube:DiscoveryService( 2394): Packet received from: 192.168.3.133, data len=126

I/Cube:DiscoveryService( 2394): Packet received; data: { "Type": "HEJ-PORT-485_2A02D4", "IP": "192.168.3.133", "MAC": "00:1F:55:2A:02:D4", "MAF": "Honeywell", "VER": "0.1.7.3110" }

I/Cube:DiscoveryService( 2394): Ready to receive broadcast packets!

I/Cube:DiscoveryService( 2394): Packet received from: 192.168.3.133, data len=126

I/Cube:DiscoveryService( 2394): Packet received; data: { "Type": "HEJ-PORT-485_2A02D4", "IP": "192.168.3.133", "MAC": "00:1F:55:2A:02:D4", "MAF": "Honeywell", "VER": "0.1.7.3110" }

I/Cube:DiscoveryService( 2394): Ready to receive broadcast packets!

I/p2p     ( 2497): CCMS:authority success!

W/p2p client( 2497): HandleCmEvent:: Server 123-206-203-42:3488 status is 1

I/Call Back( 2497): type:2, status=1

W/p2p client( 2497): HandleCmEvent:: create cfr status is 1003227

I/p2p     ( 2577): CCMS:authority success!

W/p2p client( 2577): HandleCmEvent:: Server 123-206-203-42:3488 status is 1

I/Call Back( 2577): type:2, status=1

W/p2p client( 2577): HandleCmEvent:: create cfr status is 1003228

I/p2p     ( 2497): SendMucReq(): Addr:239.200.200.8:30777

I/p2p     ( 2577): SendMucReq(): Addr:239.200.200.8:30777

D/ConnectivityService( 1988): mActiveDefaultNetwork = 9

D/ConnectivityService( 1988): Etherent Wifi Disguise

D/ConnectivityService( 1988): mActiveDefaultNetwork = 9

D/ConnectivityService( 1988): Etherent Wifi Disguise

D/CommonUtils( 2394): getLocalIpAddr() ip:192.168.3.104

D/dalvikvm( 2394): GC_CONCURRENT freed 401K, 12% free 4218K/4772K, paused 3ms+3ms, total 27ms

D/dalvikvm( 2394): WAIT_FOR_CONCURRENT_GC blocked 24ms

D/BroadCastUdp( 2394): Cube Udp Package String:{"MAF":"Honeywell","VER":"0.5.1.3","MAC":"00:1F:55:2A:05:82","Type":"HEJ-CUBE-S_2A0582","IP":"192.168.3.104"}has been send

I/Cube:DiscoveryService( 2394): Packet received from: 192.168.3.104, data len=109

I/Cube:DiscoveryService( 2394): Packet received; data: {"MAF":"Honeywell","VER":"0.5.1.3","MAC":"00:1F:55:2A:05:82","Type":"HEJ-CUBE-S_2A0582","IP":"192.168.3.104"}

I/Cube:DiscoveryService( 2394): Ready to receive broadcast packets!

D/Cube:DiscoveryService( 2394): start to feedDog!!!!!

D/Cube:ServicesMonitor( 2552): feedDog() intent:com.honeywell.cubebase.discoveryadapter.DiscoveryService,,monitor:MonitorInfo [mIntentAction=com.honeywell.cubebase.discoveryadapter.DiscoveryService, mFeedTime=199075186],,,11111111

E/Sensors ( 1988): int sensors_poll_context_t::pollEvents(sensors_event_t*, int):256

E/Sensors ( 1988): int sensors_poll_context_t::pollEvents(sensors_event_t*, int):270

E/Sensors ( 1988): int sensors_poll_context_t::pollEvents(sensors_event_t*, int):230

E/Sensors ( 1988): int sensors_poll_context_t::pollEvents(sensors_event_t*, int):233, readEvents(data,16), sensor:4, type:8

E/Sensors ( 1988): virtual int SensorHubInputSensor::readEvents(sensors_event_t*, int):179

E/Sensors ( 1988): virtual int SensorHubInputSensor::readEvents(sensors_event_t*, int):188

E/Sensors ( 1988): virtual int SensorHubInputSensor::readEvents(sensors_event_t*, int):190

E/Sensors ( 1988): virtual int SensorHubInputSensor::readEvents(sensors_event_t*, int):198

E/Sensors ( 1988): virtual int SensorHubInputSensor::readEvents(sensors_event_t*, int):200

E/Sensors ( 1988): virtual int SensorHubInputSensor::readEvents(sensors_event_t*, int):217

E/Sensors ( 1988): virtual int SensorHubInputSensor::readEvents(sensors_event_t*, int):200

E/Sensors ( 1988): virtual int SensorHubInputSensor::readEvents(sensors_event_t*, int):205

E/Sensors ( 1988): virtual int SensorHubInputSensor::readEvents(sensors_event_t*, int):217

E/Sensors ( 1988): virtual int SensorHubInputSensor::readEvents(sensors_event_t*, int):228

E/Sensors ( 1988): int sensors_poll_context_t::pollEvents(sensors_event_t*, int):235

E/Sensors ( 1988): int sensors_poll_context_t::pollEvents(sensors_event_t*, int):238

E/Sensors ( 1988): int sensors_poll_context_t::pollEvents(sensors_event_t*, int):242

E/Sensors ( 1988): int sensors_poll_context_t::pollEvents(sensors_event_t*, int):254

E/Sensors ( 1988): int sensors_poll_context_t::pollEvents(sensors_event_t*, int):256

E/Sensors ( 1988): int sensors_poll_context_t::pollEvents(sensors_event_t*, int):270

E/Sensors ( 1988): int sensors_poll_context_t::pollEvents(sensors_event_t*, int):230

E/Sensors ( 1988): int sensors_poll_context_t::pollEvents(sensors_event_t*, int):254

D/Cube:DiscoveryService( 2394): onSensorChanged() distance:11136.0,mNear=false,mDataBaseline:11135.0,,

I/Cube:DiscoveryService( 2394): onSensorChanged() distance:11136.0,mNear=false,mDataBaseline:11135.0,,,444444

D/IPC Service( 2577): map len:0

I/Cube:DiscoveryService( 2394): Packet received from: 192.168.3.107, data len=126

I/Cube:DiscoveryService( 2394): Packet received; data: { "Type": "HEJ-PORT-485_2A02BA", "IP": "192.168.3.107", "MAC": "00:1F:55:2A:02:BA", "MAF": "Honeywell", "VER": "0.1.7.3110" }

I/Cube:DiscoveryService( 2394): Ready to receive broadcast packets!

I/Cube:DiscoveryService( 2394): Packet received from: 192.168.3.107, data len=126

I/Cube:DiscoveryService( 2394): Packet received; data: { "Type": "HEJ-PORT-485_2A02BA", "IP": "192.168.3.107", "MAC": "00:1F:55:2A:02:BA", "MAF": "Honeywell", "VER": "0.1.7.3110" }

I/p2p     ( 2497): SendMucReq(): Addr:239.200.200.8:30777

I/p2p     ( 2577): SendMucReq(): Addr:239.200.200.8:30777

I/Cube:DiscoveryService( 2394): Ready to receive broadcast packets!

I/Cube:DiscoveryService( 2394): Packet received from: 192.168.3.66, data len=124

I/Cube:DiscoveryService( 2394): Packet received; data: { "Type": "HEJ-ALARM-8_2A03F8", "IP": "192.168.3.66", "MAC": "00:1F:55:2A:03:F8", "MAF": "Honeywell", "VER": "0.1.7.3110" }

I/Cube:DiscoveryService( 2394): Ready to receive broadcast packets!

I/Cube:DiscoveryService( 2394): Packet received from: 192.168.3.66, data len=124

I/Cube:DiscoveryService( 2394): Packet received; data: { "Type": "HEJ-ALARM-8_2A03F8", "IP": "192.168.3.66", "MAC": "00:1F:55:2A:03:F8", "MAF": "Honeywell", "VER": "0.1.7.3110" }

I/Cube:DiscoveryService( 2394): Ready to receive broadcast packets!

E/Sensors ( 1988): int sensors_poll_context_t::pollEvents(sensors_event_t*, int):256

E/Sensors ( 1988): int sensors_poll_context_t::pollEvents(sensors_event_t*, int):270

E/Sensors ( 1988): int sensors_poll_context_t::pollEvents(sensors_event_t*, int):230

E/Sensors ( 1988): int sensors_poll_context_t::pollEvents(sensors_event_t*, int):233, readEvents(data,16), sensor:4, type:8

E/Sensors ( 1988): virtual int SensorHubInputSensor::readEvents(sensors_event_t*, int):179

E/Sensors ( 1988): virtual int SensorHubInputSensor::readEvents(sensors_event_t*, int):188

E/Sensors ( 1988): virtual int SensorHubInputSensor::readEvents(sensors_event_t*, int):190

E/Sensors ( 1988): virtual int SensorHubInputSensor::readEvents(sensors_event_t*, int):198

E/Sensors ( 1988): virtual int SensorHubInputSensor::readEvents(sensors_event_t*, int):200

E/Sensors ( 1988): virtual int SensorHubInputSensor::readEvents(sensors_event_t*, int):217

E/Sensors ( 1988): virtual int SensorHubInputSensor::readEvents(sensors_event_t*, int):200

E/Sensors ( 1988): virtual int SensorHubInputSensor::readEvents(sensors_event_t*, int):205

E/Sensors ( 1988): virtual int SensorHubInputSensor::readEvents(sensors_event_t*, int):217

E/Sensors ( 1988): virtual int SensorHubInputSensor::readEvents(sensors_event_t*, int):228

E/Sensors ( 1988): int sensors_poll_context_t::pollEvents(sensors_event_t*, int):235

E/Sensors ( 1988): int sensors_poll_context_t::pollEvents(sensors_event_t*, int):238

E/Sensors ( 1988): int sensors_poll_context_t::pollEvents(sensors_event_t*, int):242

E/Sensors ( 1988): int sensors_poll_context_t::pollEvents(sensors_event_t*, int):254

E/Sensors ( 1988): int sensors_poll_context_t::pollEvents(sensors_event_t*, int):256

E/Sensors ( 1988): int sensors_poll_context_t::pollEvents(sensors_event_t*, int):270

E/Sensors ( 1988): int sensors_poll_context_t::pollEvents(sensors_event_t*, int):230

